ARM GAS  /tmp/cclRBZde.s 			page 1


   1              		.cpu cortex-m3
   2              		.arch armv7-m
   3              		.fpu softvfp
   4              		.eabi_attribute 20, 1
   5              		.eabi_attribute 21, 1
   6              		.eabi_attribute 23, 3
   7              		.eabi_attribute 24, 1
   8              		.eabi_attribute 25, 1
   9              		.eabi_attribute 26, 1
  10              		.eabi_attribute 30, 1
  11              		.eabi_attribute 34, 1
  12              		.eabi_attribute 18, 4
  13              		.file	"main.c"
  14              		.text
  15              	.Ltext0:
  16              		.cfi_sections	.debug_frame
  17              		.file 1 "Core/Src/main.c"
  18              		.section	.text.MX_GPIO_Init,"ax",%progbits
  19              		.align	1
  20              		.syntax unified
  21              		.thumb
  22              		.thumb_func
  24              	MX_GPIO_Init:
  25              	.LFB68:
   1:Core/Src/main.c **** /* USER CODE BEGIN Header */
   2:Core/Src/main.c **** /**
   3:Core/Src/main.c ****   ******************************************************************************
   4:Core/Src/main.c ****   * @file           : main.c
   5:Core/Src/main.c ****   * @brief          : Main program body
   6:Core/Src/main.c ****   ******************************************************************************
   7:Core/Src/main.c ****   * @attention
   8:Core/Src/main.c ****   *
   9:Core/Src/main.c ****   * Copyright (c) 2026 STMicroelectronics.
  10:Core/Src/main.c ****   * All rights reserved.
  11:Core/Src/main.c ****   *
  12:Core/Src/main.c ****   * This software is licensed under terms that can be found in the LICENSE file
  13:Core/Src/main.c ****   * in the root directory of this software component.
  14:Core/Src/main.c ****   * If no LICENSE file comes with this software, it is provided AS-IS.
  15:Core/Src/main.c ****   *
  16:Core/Src/main.c ****   ******************************************************************************
  17:Core/Src/main.c ****   */
  18:Core/Src/main.c **** /* USER CODE END Header */
  19:Core/Src/main.c **** /* Includes ------------------------------------------------------------------*/
  20:Core/Src/main.c **** #include "main.h"
  21:Core/Src/main.c **** 
  22:Core/Src/main.c **** /* Private includes ----------------------------------------------------------*/
  23:Core/Src/main.c **** /* USER CODE BEGIN Includes */
  24:Core/Src/main.c **** 
  25:Core/Src/main.c **** /* USER CODE END Includes */
  26:Core/Src/main.c **** 
  27:Core/Src/main.c **** /* Private typedef -----------------------------------------------------------*/
  28:Core/Src/main.c **** /* USER CODE BEGIN PTD */
  29:Core/Src/main.c **** 
  30:Core/Src/main.c **** /* USER CODE END PTD */
  31:Core/Src/main.c **** 
  32:Core/Src/main.c **** /* Private define ------------------------------------------------------------*/
  33:Core/Src/main.c **** /* USER CODE BEGIN PD */
ARM GAS  /tmp/cclRBZde.s 			page 2


  34:Core/Src/main.c **** 
  35:Core/Src/main.c **** /* USER CODE END PD */
  36:Core/Src/main.c **** 
  37:Core/Src/main.c **** /* Private macro -------------------------------------------------------------*/
  38:Core/Src/main.c **** /* USER CODE BEGIN PM */
  39:Core/Src/main.c **** 
  40:Core/Src/main.c **** /* USER CODE END PM */
  41:Core/Src/main.c **** 
  42:Core/Src/main.c **** /* Private variables ---------------------------------------------------------*/
  43:Core/Src/main.c **** TIM_HandleTypeDef htim3;
  44:Core/Src/main.c **** 
  45:Core/Src/main.c **** /* USER CODE BEGIN PV */
  46:Core/Src/main.c **** 
  47:Core/Src/main.c **** /* USER CODE END PV */
  48:Core/Src/main.c **** 
  49:Core/Src/main.c **** /* Private function prototypes -----------------------------------------------*/
  50:Core/Src/main.c **** void SystemClock_Config(void);
  51:Core/Src/main.c **** static void MX_GPIO_Init(void);
  52:Core/Src/main.c **** static void MX_TIM3_Init(void);
  53:Core/Src/main.c **** /* USER CODE BEGIN PFP */
  54:Core/Src/main.c **** 
  55:Core/Src/main.c **** /* USER CODE END PFP */
  56:Core/Src/main.c **** 
  57:Core/Src/main.c **** /* Private user code ---------------------------------------------------------*/
  58:Core/Src/main.c **** /* USER CODE BEGIN 0 */
  59:Core/Src/main.c **** 
  60:Core/Src/main.c **** /* USER CODE END 0 */
  61:Core/Src/main.c **** 
  62:Core/Src/main.c **** /**
  63:Core/Src/main.c ****   * @brief  The application entry point.
  64:Core/Src/main.c ****   * @retval int
  65:Core/Src/main.c ****   */
  66:Core/Src/main.c **** int main(void)
  67:Core/Src/main.c **** {
  68:Core/Src/main.c **** 
  69:Core/Src/main.c ****   /* USER CODE BEGIN 1 */
  70:Core/Src/main.c **** 
  71:Core/Src/main.c ****   /* USER CODE END 1 */
  72:Core/Src/main.c **** 
  73:Core/Src/main.c ****   /* MCU Configuration--------------------------------------------------------*/
  74:Core/Src/main.c **** 
  75:Core/Src/main.c ****   /* Reset of all peripherals, Initializes the Flash interface and the Systick. */
  76:Core/Src/main.c ****   HAL_Init();
  77:Core/Src/main.c **** 
  78:Core/Src/main.c ****   /* USER CODE BEGIN Init */
  79:Core/Src/main.c **** 
  80:Core/Src/main.c ****   /* USER CODE END Init */
  81:Core/Src/main.c **** 
  82:Core/Src/main.c ****   /* Configure the system clock */
  83:Core/Src/main.c ****   SystemClock_Config();
  84:Core/Src/main.c **** 
  85:Core/Src/main.c ****   /* USER CODE BEGIN SysInit */
  86:Core/Src/main.c **** 
  87:Core/Src/main.c ****   /* USER CODE END SysInit */
  88:Core/Src/main.c **** 
  89:Core/Src/main.c ****   /* Initialize all configured peripherals */
  90:Core/Src/main.c ****   MX_GPIO_Init();
ARM GAS  /tmp/cclRBZde.s 			page 3


  91:Core/Src/main.c ****   MX_TIM3_Init();
  92:Core/Src/main.c ****   /* USER CODE BEGIN 2 */
  93:Core/Src/main.c ****   HAL_TIM_PWM_Start(&htim3, TIM_CHANNEL_1);
  94:Core/Src/main.c ****   HAL_TIM_PWM_Start(&htim3, TIM_CHANNEL_2);
  95:Core/Src/main.c ****   HAL_TIM_PWM_Start(&htim3, TIM_CHANNEL_3);
  96:Core/Src/main.c ****   HAL_TIM_PWM_Start(&htim3, TIM_CHANNEL_4);
  97:Core/Src/main.c ****   /* USER CODE END 2 */
  98:Core/Src/main.c **** 
  99:Core/Src/main.c ****   /* Infinite loop */
 100:Core/Src/main.c ****   /* USER CODE BEGIN WHILE */
 101:Core/Src/main.c ****   while (1)
 102:Core/Src/main.c ****   {
 103:Core/Src/main.c ****     /* USER CODE END WHILE */
 104:Core/Src/main.c **** 
 105:Core/Src/main.c ****     /* USER CODE BEGIN 3 */
 106:Core/Src/main.c ****   }
 107:Core/Src/main.c ****   /* USER CODE END 3 */
 108:Core/Src/main.c **** }
 109:Core/Src/main.c **** 
 110:Core/Src/main.c **** /**
 111:Core/Src/main.c ****   * @brief System Clock Configuration
 112:Core/Src/main.c ****   * @retval None
 113:Core/Src/main.c ****   */
 114:Core/Src/main.c **** void SystemClock_Config(void)
 115:Core/Src/main.c **** {
 116:Core/Src/main.c ****   RCC_OscInitTypeDef RCC_OscInitStruct = {0};
 117:Core/Src/main.c ****   RCC_ClkInitTypeDef RCC_ClkInitStruct = {0};
 118:Core/Src/main.c **** 
 119:Core/Src/main.c ****   /** Initializes the RCC Oscillators according to the specified parameters
 120:Core/Src/main.c ****   * in the RCC_OscInitTypeDef structure.
 121:Core/Src/main.c ****   */
 122:Core/Src/main.c ****   RCC_OscInitStruct.OscillatorType = RCC_OSCILLATORTYPE_HSI;
 123:Core/Src/main.c ****   RCC_OscInitStruct.HSIState = RCC_HSI_ON;
 124:Core/Src/main.c ****   RCC_OscInitStruct.HSICalibrationValue = RCC_HSICALIBRATION_DEFAULT;
 125:Core/Src/main.c ****   RCC_OscInitStruct.PLL.PLLState = RCC_PLL_NONE;
 126:Core/Src/main.c ****   if (HAL_RCC_OscConfig(&RCC_OscInitStruct) != HAL_OK)
 127:Core/Src/main.c ****   {
 128:Core/Src/main.c ****     Error_Handler();
 129:Core/Src/main.c ****   }
 130:Core/Src/main.c **** 
 131:Core/Src/main.c ****   /** Initializes the CPU, AHB and APB buses clocks
 132:Core/Src/main.c ****   */
 133:Core/Src/main.c ****   RCC_ClkInitStruct.ClockType = RCC_CLOCKTYPE_HCLK|RCC_CLOCKTYPE_SYSCLK
 134:Core/Src/main.c ****                               |RCC_CLOCKTYPE_PCLK1|RCC_CLOCKTYPE_PCLK2;
 135:Core/Src/main.c ****   RCC_ClkInitStruct.SYSCLKSource = RCC_SYSCLKSOURCE_HSI;
 136:Core/Src/main.c ****   RCC_ClkInitStruct.AHBCLKDivider = RCC_SYSCLK_DIV1;
 137:Core/Src/main.c ****   RCC_ClkInitStruct.APB1CLKDivider = RCC_HCLK_DIV1;
 138:Core/Src/main.c ****   RCC_ClkInitStruct.APB2CLKDivider = RCC_HCLK_DIV1;
 139:Core/Src/main.c **** 
 140:Core/Src/main.c ****   if (HAL_RCC_ClockConfig(&RCC_ClkInitStruct, FLASH_LATENCY_0) != HAL_OK)
 141:Core/Src/main.c ****   {
 142:Core/Src/main.c ****     Error_Handler();
 143:Core/Src/main.c ****   }
 144:Core/Src/main.c **** }
 145:Core/Src/main.c **** 
 146:Core/Src/main.c **** /**
 147:Core/Src/main.c ****   * @brief TIM3 Initialization Function
ARM GAS  /tmp/cclRBZde.s 			page 4


 148:Core/Src/main.c ****   * @param None
 149:Core/Src/main.c ****   * @retval None
 150:Core/Src/main.c ****   */
 151:Core/Src/main.c **** static void MX_TIM3_Init(void)
 152:Core/Src/main.c **** {
 153:Core/Src/main.c **** 
 154:Core/Src/main.c ****   /* USER CODE BEGIN TIM3_Init 0 */
 155:Core/Src/main.c **** 
 156:Core/Src/main.c ****   /* USER CODE END TIM3_Init 0 */
 157:Core/Src/main.c **** 
 158:Core/Src/main.c ****   TIM_ClockConfigTypeDef sClockSourceConfig = {0};
 159:Core/Src/main.c ****   TIM_MasterConfigTypeDef sMasterConfig = {0};
 160:Core/Src/main.c ****   TIM_OC_InitTypeDef sConfigOC = {0};
 161:Core/Src/main.c **** 
 162:Core/Src/main.c ****   /* USER CODE BEGIN TIM3_Init 1 */
 163:Core/Src/main.c **** 
 164:Core/Src/main.c ****   /* USER CODE END TIM3_Init 1 */
 165:Core/Src/main.c ****   htim3.Instance = TIM3;
 166:Core/Src/main.c ****   htim3.Init.Prescaler = 71;
 167:Core/Src/main.c ****   htim3.Init.CounterMode = TIM_COUNTERMODE_UP;
 168:Core/Src/main.c ****   htim3.Init.Period = 999;
 169:Core/Src/main.c ****   htim3.Init.ClockDivision = TIM_CLOCKDIVISION_DIV1;
 170:Core/Src/main.c ****   htim3.Init.AutoReloadPreload = TIM_AUTORELOAD_PRELOAD_DISABLE;
 171:Core/Src/main.c ****   if (HAL_TIM_Base_Init(&htim3) != HAL_OK)
 172:Core/Src/main.c ****   {
 173:Core/Src/main.c ****     Error_Handler();
 174:Core/Src/main.c ****   }
 175:Core/Src/main.c ****   sClockSourceConfig.ClockSource = TIM_CLOCKSOURCE_INTERNAL;
 176:Core/Src/main.c ****   if (HAL_TIM_ConfigClockSource(&htim3, &sClockSourceConfig) != HAL_OK)
 177:Core/Src/main.c ****   {
 178:Core/Src/main.c ****     Error_Handler();
 179:Core/Src/main.c ****   }
 180:Core/Src/main.c ****   if (HAL_TIM_PWM_Init(&htim3) != HAL_OK)
 181:Core/Src/main.c ****   {
 182:Core/Src/main.c ****     Error_Handler();
 183:Core/Src/main.c ****   }
 184:Core/Src/main.c ****   sMasterConfig.MasterOutputTrigger = TIM_TRGO_RESET;
 185:Core/Src/main.c ****   sMasterConfig.MasterSlaveMode = TIM_MASTERSLAVEMODE_DISABLE;
 186:Core/Src/main.c ****   if (HAL_TIMEx_MasterConfigSynchronization(&htim3, &sMasterConfig) != HAL_OK)
 187:Core/Src/main.c ****   {
 188:Core/Src/main.c ****     Error_Handler();
 189:Core/Src/main.c ****   }
 190:Core/Src/main.c ****   sConfigOC.OCMode = TIM_OCMODE_PWM1;
 191:Core/Src/main.c ****   sConfigOC.Pulse = 100;
 192:Core/Src/main.c ****   sConfigOC.OCPolarity = TIM_OCPOLARITY_HIGH;
 193:Core/Src/main.c ****   sConfigOC.OCFastMode = TIM_OCFAST_DISABLE;
 194:Core/Src/main.c ****   if (HAL_TIM_PWM_ConfigChannel(&htim3, &sConfigOC, TIM_CHANNEL_1) != HAL_OK)
 195:Core/Src/main.c ****   {
 196:Core/Src/main.c ****     Error_Handler();
 197:Core/Src/main.c ****   }
 198:Core/Src/main.c ****   sConfigOC.Pulse = 300;
 199:Core/Src/main.c ****   if (HAL_TIM_PWM_ConfigChannel(&htim3, &sConfigOC, TIM_CHANNEL_2) != HAL_OK)
 200:Core/Src/main.c ****   {
 201:Core/Src/main.c ****     Error_Handler();
 202:Core/Src/main.c ****   }
 203:Core/Src/main.c ****   sConfigOC.Pulse = 500;
 204:Core/Src/main.c ****   if (HAL_TIM_PWM_ConfigChannel(&htim3, &sConfigOC, TIM_CHANNEL_3) != HAL_OK)
ARM GAS  /tmp/cclRBZde.s 			page 5


 205:Core/Src/main.c ****   {
 206:Core/Src/main.c ****     Error_Handler();
 207:Core/Src/main.c ****   }
 208:Core/Src/main.c ****   sConfigOC.Pulse = 700;
 209:Core/Src/main.c ****   if (HAL_TIM_PWM_ConfigChannel(&htim3, &sConfigOC, TIM_CHANNEL_4) != HAL_OK)
 210:Core/Src/main.c ****   {
 211:Core/Src/main.c ****     Error_Handler();
 212:Core/Src/main.c ****   }
 213:Core/Src/main.c ****   /* USER CODE BEGIN TIM3_Init 2 */
 214:Core/Src/main.c **** 
 215:Core/Src/main.c ****   /* USER CODE END TIM3_Init 2 */
 216:Core/Src/main.c ****   HAL_TIM_MspPostInit(&htim3);
 217:Core/Src/main.c **** 
 218:Core/Src/main.c **** }
 219:Core/Src/main.c **** 
 220:Core/Src/main.c **** /**
 221:Core/Src/main.c ****   * @brief GPIO Initialization Function
 222:Core/Src/main.c ****   * @param None
 223:Core/Src/main.c ****   * @retval None
 224:Core/Src/main.c ****   */
 225:Core/Src/main.c **** static void MX_GPIO_Init(void)
 226:Core/Src/main.c **** {
  26              		.loc 1 226 1 view -0
  27              		.cfi_startproc
  28              		@ args = 0, pretend = 0, frame = 8
  29              		@ frame_needed = 0, uses_anonymous_args = 0
  30              		@ link register save eliminated.
  31 0000 82B0     		sub	sp, sp, #8
  32              	.LCFI0:
  33              		.cfi_def_cfa_offset 8
 227:Core/Src/main.c ****   /* USER CODE BEGIN MX_GPIO_Init_1 */
 228:Core/Src/main.c **** 
 229:Core/Src/main.c ****   /* USER CODE END MX_GPIO_Init_1 */
 230:Core/Src/main.c **** 
 231:Core/Src/main.c ****   /* GPIO Ports Clock Enable */
 232:Core/Src/main.c ****   __HAL_RCC_GPIOA_CLK_ENABLE();
  34              		.loc 1 232 3 view .LVU1
  35              	.LBB4:
  36              		.loc 1 232 3 view .LVU2
  37              		.loc 1 232 3 view .LVU3
  38 0002 0A4B     		ldr	r3, .L3
  39 0004 9A69     		ldr	r2, [r3, #24]
  40 0006 42F00402 		orr	r2, r2, #4
  41 000a 9A61     		str	r2, [r3, #24]
  42              		.loc 1 232 3 view .LVU4
  43 000c 9A69     		ldr	r2, [r3, #24]
  44 000e 02F00402 		and	r2, r2, #4
  45 0012 0092     		str	r2, [sp]
  46              		.loc 1 232 3 view .LVU5
  47 0014 009A     		ldr	r2, [sp]
  48              	.LBE4:
  49              		.loc 1 232 3 view .LVU6
 233:Core/Src/main.c ****   __HAL_RCC_GPIOB_CLK_ENABLE();
  50              		.loc 1 233 3 view .LVU7
  51              	.LBB5:
  52              		.loc 1 233 3 view .LVU8
  53              		.loc 1 233 3 view .LVU9
ARM GAS  /tmp/cclRBZde.s 			page 6


  54 0016 9A69     		ldr	r2, [r3, #24]
  55 0018 42F00802 		orr	r2, r2, #8
  56 001c 9A61     		str	r2, [r3, #24]
  57              		.loc 1 233 3 view .LVU10
  58 001e 9B69     		ldr	r3, [r3, #24]
  59 0020 03F00803 		and	r3, r3, #8
  60 0024 0193     		str	r3, [sp, #4]
  61              		.loc 1 233 3 view .LVU11
  62 0026 019B     		ldr	r3, [sp, #4]
  63              	.LBE5:
  64              		.loc 1 233 3 view .LVU12
 234:Core/Src/main.c **** 
 235:Core/Src/main.c ****   /* USER CODE BEGIN MX_GPIO_Init_2 */
 236:Core/Src/main.c **** 
 237:Core/Src/main.c ****   /* USER CODE END MX_GPIO_Init_2 */
 238:Core/Src/main.c **** }
  65              		.loc 1 238 1 is_stmt 0 view .LVU13
  66 0028 02B0     		add	sp, sp, #8
  67              	.LCFI1:
  68              		.cfi_def_cfa_offset 0
  69              		@ sp needed
  70 002a 7047     		bx	lr
  71              	.L4:
  72              		.align	2
  73              	.L3:
  74 002c 00100240 		.word	1073876992
  75              		.cfi_endproc
  76              	.LFE68:
  78              		.section	.text.Error_Handler,"ax",%progbits
  79              		.align	1
  80              		.global	Error_Handler
  81              		.syntax unified
  82              		.thumb
  83              		.thumb_func
  85              	Error_Handler:
  86              	.LFB69:
 239:Core/Src/main.c **** 
 240:Core/Src/main.c **** /* USER CODE BEGIN 4 */
 241:Core/Src/main.c **** 
 242:Core/Src/main.c **** /* USER CODE END 4 */
 243:Core/Src/main.c **** 
 244:Core/Src/main.c **** /**
 245:Core/Src/main.c ****   * @brief  This function is executed in case of error occurrence.
 246:Core/Src/main.c ****   * @retval None
 247:Core/Src/main.c ****   */
 248:Core/Src/main.c **** void Error_Handler(void)
 249:Core/Src/main.c **** {
  87              		.loc 1 249 1 is_stmt 1 view -0
  88              		.cfi_startproc
  89              		@ Volatile: function does not return.
  90              		@ args = 0, pretend = 0, frame = 0
  91              		@ frame_needed = 0, uses_anonymous_args = 0
  92              		@ link register save eliminated.
 250:Core/Src/main.c ****   /* USER CODE BEGIN Error_Handler_Debug */
 251:Core/Src/main.c ****   /* User can add his own implementation to report the HAL error return state */
 252:Core/Src/main.c ****   __disable_irq();
  93              		.loc 1 252 3 view .LVU15
ARM GAS  /tmp/cclRBZde.s 			page 7


  94              	.LBB6:
  95              	.LBI6:
  96              		.file 2 "Drivers/CMSIS/Include/cmsis_gcc.h"
   1:Drivers/CMSIS/Include/cmsis_gcc.h **** /**************************************************************************//**
   2:Drivers/CMSIS/Include/cmsis_gcc.h ****  * @file     cmsis_gcc.h
   3:Drivers/CMSIS/Include/cmsis_gcc.h ****  * @brief    CMSIS compiler GCC header file
   4:Drivers/CMSIS/Include/cmsis_gcc.h ****  * @version  V5.0.4
   5:Drivers/CMSIS/Include/cmsis_gcc.h ****  * @date     09. April 2018
   6:Drivers/CMSIS/Include/cmsis_gcc.h ****  ******************************************************************************/
   7:Drivers/CMSIS/Include/cmsis_gcc.h **** /*
   8:Drivers/CMSIS/Include/cmsis_gcc.h ****  * Copyright (c) 2009-2018 Arm Limited. All rights reserved.
   9:Drivers/CMSIS/Include/cmsis_gcc.h ****  *
  10:Drivers/CMSIS/Include/cmsis_gcc.h ****  * SPDX-License-Identifier: Apache-2.0
  11:Drivers/CMSIS/Include/cmsis_gcc.h ****  *
  12:Drivers/CMSIS/Include/cmsis_gcc.h ****  * Licensed under the Apache License, Version 2.0 (the License); you may
  13:Drivers/CMSIS/Include/cmsis_gcc.h ****  * not use this file except in compliance with the License.
  14:Drivers/CMSIS/Include/cmsis_gcc.h ****  * You may obtain a copy of the License at
  15:Drivers/CMSIS/Include/cmsis_gcc.h ****  *
  16:Drivers/CMSIS/Include/cmsis_gcc.h ****  * www.apache.org/licenses/LICENSE-2.0
  17:Drivers/CMSIS/Include/cmsis_gcc.h ****  *
  18:Drivers/CMSIS/Include/cmsis_gcc.h ****  * Unless required by applicable law or agreed to in writing, software
  19:Drivers/CMSIS/Include/cmsis_gcc.h ****  * distributed under the License is distributed on an AS IS BASIS, WITHOUT
  20:Drivers/CMSIS/Include/cmsis_gcc.h ****  * WARRANTIES OR CONDITIONS OF ANY KIND, either express or implied.
  21:Drivers/CMSIS/Include/cmsis_gcc.h ****  * See the License for the specific language governing permissions and
  22:Drivers/CMSIS/Include/cmsis_gcc.h ****  * limitations under the License.
  23:Drivers/CMSIS/Include/cmsis_gcc.h ****  */
  24:Drivers/CMSIS/Include/cmsis_gcc.h **** 
  25:Drivers/CMSIS/Include/cmsis_gcc.h **** #ifndef __CMSIS_GCC_H
  26:Drivers/CMSIS/Include/cmsis_gcc.h **** #define __CMSIS_GCC_H
  27:Drivers/CMSIS/Include/cmsis_gcc.h **** 
  28:Drivers/CMSIS/Include/cmsis_gcc.h **** /* ignore some GCC warnings */
  29:Drivers/CMSIS/Include/cmsis_gcc.h **** #pragma GCC diagnostic push
  30:Drivers/CMSIS/Include/cmsis_gcc.h **** #pragma GCC diagnostic ignored "-Wsign-conversion"
  31:Drivers/CMSIS/Include/cmsis_gcc.h **** #pragma GCC diagnostic ignored "-Wconversion"
  32:Drivers/CMSIS/Include/cmsis_gcc.h **** #pragma GCC diagnostic ignored "-Wunused-parameter"
  33:Drivers/CMSIS/Include/cmsis_gcc.h **** 
  34:Drivers/CMSIS/Include/cmsis_gcc.h **** /* Fallback for __has_builtin */
  35:Drivers/CMSIS/Include/cmsis_gcc.h **** #ifndef __has_builtin
  36:Drivers/CMSIS/Include/cmsis_gcc.h ****   #define __has_builtin(x) (0)
  37:Drivers/CMSIS/Include/cmsis_gcc.h **** #endif
  38:Drivers/CMSIS/Include/cmsis_gcc.h **** 
  39:Drivers/CMSIS/Include/cmsis_gcc.h **** /* CMSIS compiler specific defines */
  40:Drivers/CMSIS/Include/cmsis_gcc.h **** #ifndef   __ASM
  41:Drivers/CMSIS/Include/cmsis_gcc.h ****   #define __ASM                                  __asm
  42:Drivers/CMSIS/Include/cmsis_gcc.h **** #endif
  43:Drivers/CMSIS/Include/cmsis_gcc.h **** #ifndef   __INLINE
  44:Drivers/CMSIS/Include/cmsis_gcc.h ****   #define __INLINE                               inline
  45:Drivers/CMSIS/Include/cmsis_gcc.h **** #endif
  46:Drivers/CMSIS/Include/cmsis_gcc.h **** #ifndef   __STATIC_INLINE
  47:Drivers/CMSIS/Include/cmsis_gcc.h ****   #define __STATIC_INLINE                        static inline
  48:Drivers/CMSIS/Include/cmsis_gcc.h **** #endif
  49:Drivers/CMSIS/Include/cmsis_gcc.h **** #ifndef   __STATIC_FORCEINLINE                 
  50:Drivers/CMSIS/Include/cmsis_gcc.h ****   #define __STATIC_FORCEINLINE                   __attribute__((always_inline)) static inline
  51:Drivers/CMSIS/Include/cmsis_gcc.h **** #endif                                           
  52:Drivers/CMSIS/Include/cmsis_gcc.h **** #ifndef   __NO_RETURN
  53:Drivers/CMSIS/Include/cmsis_gcc.h ****   #define __NO_RETURN                            __attribute__((__noreturn__))
  54:Drivers/CMSIS/Include/cmsis_gcc.h **** #endif
ARM GAS  /tmp/cclRBZde.s 			page 8


  55:Drivers/CMSIS/Include/cmsis_gcc.h **** #ifndef   __USED
  56:Drivers/CMSIS/Include/cmsis_gcc.h ****   #define __USED                                 __attribute__((used))
  57:Drivers/CMSIS/Include/cmsis_gcc.h **** #endif
  58:Drivers/CMSIS/Include/cmsis_gcc.h **** #ifndef   __WEAK
  59:Drivers/CMSIS/Include/cmsis_gcc.h ****   #define __WEAK                                 __attribute__((weak))
  60:Drivers/CMSIS/Include/cmsis_gcc.h **** #endif
  61:Drivers/CMSIS/Include/cmsis_gcc.h **** #ifndef   __PACKED
  62:Drivers/CMSIS/Include/cmsis_gcc.h ****   #define __PACKED                               __attribute__((packed, aligned(1)))
  63:Drivers/CMSIS/Include/cmsis_gcc.h **** #endif
  64:Drivers/CMSIS/Include/cmsis_gcc.h **** #ifndef   __PACKED_STRUCT
  65:Drivers/CMSIS/Include/cmsis_gcc.h ****   #define __PACKED_STRUCT                        struct __attribute__((packed, aligned(1)))
  66:Drivers/CMSIS/Include/cmsis_gcc.h **** #endif
  67:Drivers/CMSIS/Include/cmsis_gcc.h **** #ifndef   __PACKED_UNION
  68:Drivers/CMSIS/Include/cmsis_gcc.h ****   #define __PACKED_UNION                         union __attribute__((packed, aligned(1)))
  69:Drivers/CMSIS/Include/cmsis_gcc.h **** #endif
  70:Drivers/CMSIS/Include/cmsis_gcc.h **** #ifndef   __UNALIGNED_UINT32        /* deprecated */
  71:Drivers/CMSIS/Include/cmsis_gcc.h ****   #pragma GCC diagnostic push
  72:Drivers/CMSIS/Include/cmsis_gcc.h ****   #pragma GCC diagnostic ignored "-Wpacked"
  73:Drivers/CMSIS/Include/cmsis_gcc.h ****   #pragma GCC diagnostic ignored "-Wattributes"
  74:Drivers/CMSIS/Include/cmsis_gcc.h ****   struct __attribute__((packed)) T_UINT32 { uint32_t v; };
  75:Drivers/CMSIS/Include/cmsis_gcc.h ****   #pragma GCC diagnostic pop
  76:Drivers/CMSIS/Include/cmsis_gcc.h ****   #define __UNALIGNED_UINT32(x)                  (((struct T_UINT32 *)(x))->v)
  77:Drivers/CMSIS/Include/cmsis_gcc.h **** #endif
  78:Drivers/CMSIS/Include/cmsis_gcc.h **** #ifndef   __UNALIGNED_UINT16_WRITE
  79:Drivers/CMSIS/Include/cmsis_gcc.h ****   #pragma GCC diagnostic push
  80:Drivers/CMSIS/Include/cmsis_gcc.h ****   #pragma GCC diagnostic ignored "-Wpacked"
  81:Drivers/CMSIS/Include/cmsis_gcc.h ****   #pragma GCC diagnostic ignored "-Wattributes"
  82:Drivers/CMSIS/Include/cmsis_gcc.h ****   __PACKED_STRUCT T_UINT16_WRITE { uint16_t v; };
  83:Drivers/CMSIS/Include/cmsis_gcc.h ****   #pragma GCC diagnostic pop
  84:Drivers/CMSIS/Include/cmsis_gcc.h ****   #define __UNALIGNED_UINT16_WRITE(addr, val)    (void)((((struct T_UINT16_WRITE *)(void *)(addr))-
  85:Drivers/CMSIS/Include/cmsis_gcc.h **** #endif
  86:Drivers/CMSIS/Include/cmsis_gcc.h **** #ifndef   __UNALIGNED_UINT16_READ
  87:Drivers/CMSIS/Include/cmsis_gcc.h ****   #pragma GCC diagnostic push
  88:Drivers/CMSIS/Include/cmsis_gcc.h ****   #pragma GCC diagnostic ignored "-Wpacked"
  89:Drivers/CMSIS/Include/cmsis_gcc.h ****   #pragma GCC diagnostic ignored "-Wattributes"
  90:Drivers/CMSIS/Include/cmsis_gcc.h ****   __PACKED_STRUCT T_UINT16_READ { uint16_t v; };
  91:Drivers/CMSIS/Include/cmsis_gcc.h ****   #pragma GCC diagnostic pop
  92:Drivers/CMSIS/Include/cmsis_gcc.h ****   #define __UNALIGNED_UINT16_READ(addr)          (((const struct T_UINT16_READ *)(const void *)(add
  93:Drivers/CMSIS/Include/cmsis_gcc.h **** #endif
  94:Drivers/CMSIS/Include/cmsis_gcc.h **** #ifndef   __UNALIGNED_UINT32_WRITE
  95:Drivers/CMSIS/Include/cmsis_gcc.h ****   #pragma GCC diagnostic push
  96:Drivers/CMSIS/Include/cmsis_gcc.h ****   #pragma GCC diagnostic ignored "-Wpacked"
  97:Drivers/CMSIS/Include/cmsis_gcc.h ****   #pragma GCC diagnostic ignored "-Wattributes"
  98:Drivers/CMSIS/Include/cmsis_gcc.h ****   __PACKED_STRUCT T_UINT32_WRITE { uint32_t v; };
  99:Drivers/CMSIS/Include/cmsis_gcc.h ****   #pragma GCC diagnostic pop
 100:Drivers/CMSIS/Include/cmsis_gcc.h ****   #define __UNALIGNED_UINT32_WRITE(addr, val)    (void)((((struct T_UINT32_WRITE *)(void *)(addr))-
 101:Drivers/CMSIS/Include/cmsis_gcc.h **** #endif
 102:Drivers/CMSIS/Include/cmsis_gcc.h **** #ifndef   __UNALIGNED_UINT32_READ
 103:Drivers/CMSIS/Include/cmsis_gcc.h ****   #pragma GCC diagnostic push
 104:Drivers/CMSIS/Include/cmsis_gcc.h ****   #pragma GCC diagnostic ignored "-Wpacked"
 105:Drivers/CMSIS/Include/cmsis_gcc.h ****   #pragma GCC diagnostic ignored "-Wattributes"
 106:Drivers/CMSIS/Include/cmsis_gcc.h ****   __PACKED_STRUCT T_UINT32_READ { uint32_t v; };
 107:Drivers/CMSIS/Include/cmsis_gcc.h ****   #pragma GCC diagnostic pop
 108:Drivers/CMSIS/Include/cmsis_gcc.h ****   #define __UNALIGNED_UINT32_READ(addr)          (((const struct T_UINT32_READ *)(const void *)(add
 109:Drivers/CMSIS/Include/cmsis_gcc.h **** #endif
 110:Drivers/CMSIS/Include/cmsis_gcc.h **** #ifndef   __ALIGNED
 111:Drivers/CMSIS/Include/cmsis_gcc.h ****   #define __ALIGNED(x)                           __attribute__((aligned(x)))
ARM GAS  /tmp/cclRBZde.s 			page 9


 112:Drivers/CMSIS/Include/cmsis_gcc.h **** #endif
 113:Drivers/CMSIS/Include/cmsis_gcc.h **** #ifndef   __RESTRICT
 114:Drivers/CMSIS/Include/cmsis_gcc.h ****   #define __RESTRICT                             __restrict
 115:Drivers/CMSIS/Include/cmsis_gcc.h **** #endif
 116:Drivers/CMSIS/Include/cmsis_gcc.h **** 
 117:Drivers/CMSIS/Include/cmsis_gcc.h **** 
 118:Drivers/CMSIS/Include/cmsis_gcc.h **** /* ###########################  Core Function Access  ########################### */
 119:Drivers/CMSIS/Include/cmsis_gcc.h **** /** \ingroup  CMSIS_Core_FunctionInterface
 120:Drivers/CMSIS/Include/cmsis_gcc.h ****     \defgroup CMSIS_Core_RegAccFunctions CMSIS Core Register Access Functions
 121:Drivers/CMSIS/Include/cmsis_gcc.h ****   @{
 122:Drivers/CMSIS/Include/cmsis_gcc.h ****  */
 123:Drivers/CMSIS/Include/cmsis_gcc.h **** 
 124:Drivers/CMSIS/Include/cmsis_gcc.h **** /**
 125:Drivers/CMSIS/Include/cmsis_gcc.h ****   \brief   Enable IRQ Interrupts
 126:Drivers/CMSIS/Include/cmsis_gcc.h ****   \details Enables IRQ interrupts by clearing the I-bit in the CPSR.
 127:Drivers/CMSIS/Include/cmsis_gcc.h ****            Can only be executed in Privileged modes.
 128:Drivers/CMSIS/Include/cmsis_gcc.h ****  */
 129:Drivers/CMSIS/Include/cmsis_gcc.h **** __STATIC_FORCEINLINE void __enable_irq(void)
 130:Drivers/CMSIS/Include/cmsis_gcc.h **** {
 131:Drivers/CMSIS/Include/cmsis_gcc.h ****   __ASM volatile ("cpsie i" : : : "memory");
 132:Drivers/CMSIS/Include/cmsis_gcc.h **** }
 133:Drivers/CMSIS/Include/cmsis_gcc.h **** 
 134:Drivers/CMSIS/Include/cmsis_gcc.h **** 
 135:Drivers/CMSIS/Include/cmsis_gcc.h **** /**
 136:Drivers/CMSIS/Include/cmsis_gcc.h ****   \brief   Disable IRQ Interrupts
 137:Drivers/CMSIS/Include/cmsis_gcc.h ****   \details Disables IRQ interrupts by setting the I-bit in the CPSR.
 138:Drivers/CMSIS/Include/cmsis_gcc.h ****            Can only be executed in Privileged modes.
 139:Drivers/CMSIS/Include/cmsis_gcc.h ****  */
 140:Drivers/CMSIS/Include/cmsis_gcc.h **** __STATIC_FORCEINLINE void __disable_irq(void)
  97              		.loc 2 140 27 view .LVU16
  98              	.LBB7:
 141:Drivers/CMSIS/Include/cmsis_gcc.h **** {
 142:Drivers/CMSIS/Include/cmsis_gcc.h ****   __ASM volatile ("cpsid i" : : : "memory");
  99              		.loc 2 142 3 view .LVU17
 100              		.syntax unified
 101              	@ 142 "Drivers/CMSIS/Include/cmsis_gcc.h" 1
 102 0000 72B6     		cpsid i
 103              	@ 0 "" 2
 104              		.thumb
 105              		.syntax unified
 106              	.L6:
 107              	.LBE7:
 108              	.LBE6:
 253:Core/Src/main.c ****   while (1)
 109              		.loc 1 253 3 view .LVU18
 254:Core/Src/main.c ****   {
 255:Core/Src/main.c ****   }
 110              		.loc 1 255 3 view .LVU19
 253:Core/Src/main.c ****   while (1)
 111              		.loc 1 253 9 view .LVU20
 112 0002 FEE7     		b	.L6
 113              		.cfi_endproc
 114              	.LFE69:
 116              		.section	.text.MX_TIM3_Init,"ax",%progbits
 117              		.align	1
 118              		.syntax unified
 119              		.thumb
ARM GAS  /tmp/cclRBZde.s 			page 10


 120              		.thumb_func
 122              	MX_TIM3_Init:
 123              	.LFB67:
 152:Core/Src/main.c **** 
 124              		.loc 1 152 1 view -0
 125              		.cfi_startproc
 126              		@ args = 0, pretend = 0, frame = 56
 127              		@ frame_needed = 0, uses_anonymous_args = 0
 128 0000 00B5     		push	{lr}
 129              	.LCFI2:
 130              		.cfi_def_cfa_offset 4
 131              		.cfi_offset 14, -4
 132 0002 8FB0     		sub	sp, sp, #60
 133              	.LCFI3:
 134              		.cfi_def_cfa_offset 64
 158:Core/Src/main.c ****   TIM_MasterConfigTypeDef sMasterConfig = {0};
 135              		.loc 1 158 3 view .LVU22
 158:Core/Src/main.c ****   TIM_MasterConfigTypeDef sMasterConfig = {0};
 136              		.loc 1 158 26 is_stmt 0 view .LVU23
 137 0004 0023     		movs	r3, #0
 138 0006 0A93     		str	r3, [sp, #40]
 139 0008 0B93     		str	r3, [sp, #44]
 140 000a 0C93     		str	r3, [sp, #48]
 141 000c 0D93     		str	r3, [sp, #52]
 159:Core/Src/main.c ****   TIM_OC_InitTypeDef sConfigOC = {0};
 142              		.loc 1 159 3 is_stmt 1 view .LVU24
 159:Core/Src/main.c ****   TIM_OC_InitTypeDef sConfigOC = {0};
 143              		.loc 1 159 27 is_stmt 0 view .LVU25
 144 000e 0893     		str	r3, [sp, #32]
 145 0010 0993     		str	r3, [sp, #36]
 160:Core/Src/main.c **** 
 146              		.loc 1 160 3 is_stmt 1 view .LVU26
 160:Core/Src/main.c **** 
 147              		.loc 1 160 22 is_stmt 0 view .LVU27
 148 0012 0193     		str	r3, [sp, #4]
 149 0014 0293     		str	r3, [sp, #8]
 150 0016 0393     		str	r3, [sp, #12]
 151 0018 0493     		str	r3, [sp, #16]
 152 001a 0593     		str	r3, [sp, #20]
 153 001c 0693     		str	r3, [sp, #24]
 154 001e 0793     		str	r3, [sp, #28]
 165:Core/Src/main.c ****   htim3.Init.Prescaler = 71;
 155              		.loc 1 165 3 is_stmt 1 view .LVU28
 165:Core/Src/main.c ****   htim3.Init.Prescaler = 71;
 156              		.loc 1 165 18 is_stmt 0 view .LVU29
 157 0020 3148     		ldr	r0, .L25
 158 0022 324A     		ldr	r2, .L25+4
 159 0024 0260     		str	r2, [r0]
 166:Core/Src/main.c ****   htim3.Init.CounterMode = TIM_COUNTERMODE_UP;
 160              		.loc 1 166 3 is_stmt 1 view .LVU30
 166:Core/Src/main.c ****   htim3.Init.CounterMode = TIM_COUNTERMODE_UP;
 161              		.loc 1 166 24 is_stmt 0 view .LVU31
 162 0026 4722     		movs	r2, #71
 163 0028 4260     		str	r2, [r0, #4]
 167:Core/Src/main.c ****   htim3.Init.Period = 999;
 164              		.loc 1 167 3 is_stmt 1 view .LVU32
 167:Core/Src/main.c ****   htim3.Init.Period = 999;
ARM GAS  /tmp/cclRBZde.s 			page 11


 165              		.loc 1 167 26 is_stmt 0 view .LVU33
 166 002a 8360     		str	r3, [r0, #8]
 168:Core/Src/main.c ****   htim3.Init.ClockDivision = TIM_CLOCKDIVISION_DIV1;
 167              		.loc 1 168 3 is_stmt 1 view .LVU34
 168:Core/Src/main.c ****   htim3.Init.ClockDivision = TIM_CLOCKDIVISION_DIV1;
 168              		.loc 1 168 21 is_stmt 0 view .LVU35
 169 002c 40F2E732 		movw	r2, #999
 170 0030 C260     		str	r2, [r0, #12]
 169:Core/Src/main.c ****   htim3.Init.AutoReloadPreload = TIM_AUTORELOAD_PRELOAD_DISABLE;
 171              		.loc 1 169 3 is_stmt 1 view .LVU36
 169:Core/Src/main.c ****   htim3.Init.AutoReloadPreload = TIM_AUTORELOAD_PRELOAD_DISABLE;
 172              		.loc 1 169 28 is_stmt 0 view .LVU37
 173 0032 0361     		str	r3, [r0, #16]
 170:Core/Src/main.c ****   if (HAL_TIM_Base_Init(&htim3) != HAL_OK)
 174              		.loc 1 170 3 is_stmt 1 view .LVU38
 170:Core/Src/main.c ****   if (HAL_TIM_Base_Init(&htim3) != HAL_OK)
 175              		.loc 1 170 32 is_stmt 0 view .LVU39
 176 0034 8361     		str	r3, [r0, #24]
 171:Core/Src/main.c ****   {
 177              		.loc 1 171 3 is_stmt 1 view .LVU40
 171:Core/Src/main.c ****   {
 178              		.loc 1 171 7 is_stmt 0 view .LVU41
 179 0036 FFF7FEFF 		bl	HAL_TIM_Base_Init
 180              	.LVL0:
 171:Core/Src/main.c ****   {
 181              		.loc 1 171 6 discriminator 1 view .LVU42
 182 003a 0028     		cmp	r0, #0
 183 003c 44D1     		bne	.L17
 175:Core/Src/main.c ****   if (HAL_TIM_ConfigClockSource(&htim3, &sClockSourceConfig) != HAL_OK)
 184              		.loc 1 175 3 is_stmt 1 view .LVU43
 175:Core/Src/main.c ****   if (HAL_TIM_ConfigClockSource(&htim3, &sClockSourceConfig) != HAL_OK)
 185              		.loc 1 175 34 is_stmt 0 view .LVU44
 186 003e 4FF48053 		mov	r3, #4096
 187 0042 0A93     		str	r3, [sp, #40]
 176:Core/Src/main.c ****   {
 188              		.loc 1 176 3 is_stmt 1 view .LVU45
 176:Core/Src/main.c ****   {
 189              		.loc 1 176 7 is_stmt 0 view .LVU46
 190 0044 0AA9     		add	r1, sp, #40
 191 0046 2848     		ldr	r0, .L25
 192 0048 FFF7FEFF 		bl	HAL_TIM_ConfigClockSource
 193              	.LVL1:
 176:Core/Src/main.c ****   {
 194              		.loc 1 176 6 discriminator 1 view .LVU47
 195 004c 0028     		cmp	r0, #0
 196 004e 3DD1     		bne	.L18
 180:Core/Src/main.c ****   {
 197              		.loc 1 180 3 is_stmt 1 view .LVU48
 180:Core/Src/main.c ****   {
 198              		.loc 1 180 7 is_stmt 0 view .LVU49
 199 0050 2548     		ldr	r0, .L25
 200 0052 FFF7FEFF 		bl	HAL_TIM_PWM_Init
 201              	.LVL2:
 180:Core/Src/main.c ****   {
 202              		.loc 1 180 6 discriminator 1 view .LVU50
 203 0056 0028     		cmp	r0, #0
 204 0058 3AD1     		bne	.L19
ARM GAS  /tmp/cclRBZde.s 			page 12


 184:Core/Src/main.c ****   sMasterConfig.MasterSlaveMode = TIM_MASTERSLAVEMODE_DISABLE;
 205              		.loc 1 184 3 is_stmt 1 view .LVU51
 184:Core/Src/main.c ****   sMasterConfig.MasterSlaveMode = TIM_MASTERSLAVEMODE_DISABLE;
 206              		.loc 1 184 37 is_stmt 0 view .LVU52
 207 005a 0023     		movs	r3, #0
 208 005c 0893     		str	r3, [sp, #32]
 185:Core/Src/main.c ****   if (HAL_TIMEx_MasterConfigSynchronization(&htim3, &sMasterConfig) != HAL_OK)
 209              		.loc 1 185 3 is_stmt 1 view .LVU53
 185:Core/Src/main.c ****   if (HAL_TIMEx_MasterConfigSynchronization(&htim3, &sMasterConfig) != HAL_OK)
 210              		.loc 1 185 33 is_stmt 0 view .LVU54
 211 005e 0993     		str	r3, [sp, #36]
 186:Core/Src/main.c ****   {
 212              		.loc 1 186 3 is_stmt 1 view .LVU55
 186:Core/Src/main.c ****   {
 213              		.loc 1 186 7 is_stmt 0 view .LVU56
 214 0060 08A9     		add	r1, sp, #32
 215 0062 2148     		ldr	r0, .L25
 216 0064 FFF7FEFF 		bl	HAL_TIMEx_MasterConfigSynchronization
 217              	.LVL3:
 186:Core/Src/main.c ****   {
 218              		.loc 1 186 6 discriminator 1 view .LVU57
 219 0068 0028     		cmp	r0, #0
 220 006a 33D1     		bne	.L20
 190:Core/Src/main.c ****   sConfigOC.Pulse = 100;
 221              		.loc 1 190 3 is_stmt 1 view .LVU58
 190:Core/Src/main.c ****   sConfigOC.Pulse = 100;
 222              		.loc 1 190 20 is_stmt 0 view .LVU59
 223 006c 6023     		movs	r3, #96
 224 006e 0193     		str	r3, [sp, #4]
 191:Core/Src/main.c ****   sConfigOC.OCPolarity = TIM_OCPOLARITY_HIGH;
 225              		.loc 1 191 3 is_stmt 1 view .LVU60
 191:Core/Src/main.c ****   sConfigOC.OCPolarity = TIM_OCPOLARITY_HIGH;
 226              		.loc 1 191 19 is_stmt 0 view .LVU61
 227 0070 6423     		movs	r3, #100
 228 0072 0293     		str	r3, [sp, #8]
 192:Core/Src/main.c ****   sConfigOC.OCFastMode = TIM_OCFAST_DISABLE;
 229              		.loc 1 192 3 is_stmt 1 view .LVU62
 192:Core/Src/main.c ****   sConfigOC.OCFastMode = TIM_OCFAST_DISABLE;
 230              		.loc 1 192 24 is_stmt 0 view .LVU63
 231 0074 0022     		movs	r2, #0
 232 0076 0392     		str	r2, [sp, #12]
 193:Core/Src/main.c ****   if (HAL_TIM_PWM_ConfigChannel(&htim3, &sConfigOC, TIM_CHANNEL_1) != HAL_OK)
 233              		.loc 1 193 3 is_stmt 1 view .LVU64
 193:Core/Src/main.c ****   if (HAL_TIM_PWM_ConfigChannel(&htim3, &sConfigOC, TIM_CHANNEL_1) != HAL_OK)
 234              		.loc 1 193 24 is_stmt 0 view .LVU65
 235 0078 0592     		str	r2, [sp, #20]
 194:Core/Src/main.c ****   {
 236              		.loc 1 194 3 is_stmt 1 view .LVU66
 194:Core/Src/main.c ****   {
 237              		.loc 1 194 7 is_stmt 0 view .LVU67
 238 007a 01A9     		add	r1, sp, #4
 239 007c 1A48     		ldr	r0, .L25
 240 007e FFF7FEFF 		bl	HAL_TIM_PWM_ConfigChannel
 241              	.LVL4:
 194:Core/Src/main.c ****   {
 242              		.loc 1 194 6 discriminator 1 view .LVU68
 243 0082 48BB     		cbnz	r0, .L21
ARM GAS  /tmp/cclRBZde.s 			page 13


 198:Core/Src/main.c ****   if (HAL_TIM_PWM_ConfigChannel(&htim3, &sConfigOC, TIM_CHANNEL_2) != HAL_OK)
 244              		.loc 1 198 3 is_stmt 1 view .LVU69
 198:Core/Src/main.c ****   if (HAL_TIM_PWM_ConfigChannel(&htim3, &sConfigOC, TIM_CHANNEL_2) != HAL_OK)
 245              		.loc 1 198 19 is_stmt 0 view .LVU70
 246 0084 4FF49673 		mov	r3, #300
 247 0088 0293     		str	r3, [sp, #8]
 199:Core/Src/main.c ****   {
 248              		.loc 1 199 3 is_stmt 1 view .LVU71
 199:Core/Src/main.c ****   {
 249              		.loc 1 199 7 is_stmt 0 view .LVU72
 250 008a 0422     		movs	r2, #4
 251 008c 0DEB0201 		add	r1, sp, r2
 252 0090 1548     		ldr	r0, .L25
 253 0092 FFF7FEFF 		bl	HAL_TIM_PWM_ConfigChannel
 254              	.LVL5:
 199:Core/Src/main.c ****   {
 255              		.loc 1 199 6 discriminator 1 view .LVU73
 256 0096 08BB     		cbnz	r0, .L22
 203:Core/Src/main.c ****   if (HAL_TIM_PWM_ConfigChannel(&htim3, &sConfigOC, TIM_CHANNEL_3) != HAL_OK)
 257              		.loc 1 203 3 is_stmt 1 view .LVU74
 203:Core/Src/main.c ****   if (HAL_TIM_PWM_ConfigChannel(&htim3, &sConfigOC, TIM_CHANNEL_3) != HAL_OK)
 258              		.loc 1 203 19 is_stmt 0 view .LVU75
 259 0098 4FF4FA73 		mov	r3, #500
 260 009c 0293     		str	r3, [sp, #8]
 204:Core/Src/main.c ****   {
 261              		.loc 1 204 3 is_stmt 1 view .LVU76
 204:Core/Src/main.c ****   {
 262              		.loc 1 204 7 is_stmt 0 view .LVU77
 263 009e 0822     		movs	r2, #8
 264 00a0 01A9     		add	r1, sp, #4
 265 00a2 1148     		ldr	r0, .L25
 266 00a4 FFF7FEFF 		bl	HAL_TIM_PWM_ConfigChannel
 267              	.LVL6:
 204:Core/Src/main.c ****   {
 268              		.loc 1 204 6 discriminator 1 view .LVU78
 269 00a8 D0B9     		cbnz	r0, .L23
 208:Core/Src/main.c ****   if (HAL_TIM_PWM_ConfigChannel(&htim3, &sConfigOC, TIM_CHANNEL_4) != HAL_OK)
 270              		.loc 1 208 3 is_stmt 1 view .LVU79
 208:Core/Src/main.c ****   if (HAL_TIM_PWM_ConfigChannel(&htim3, &sConfigOC, TIM_CHANNEL_4) != HAL_OK)
 271              		.loc 1 208 19 is_stmt 0 view .LVU80
 272 00aa 4FF42F73 		mov	r3, #700
 273 00ae 0293     		str	r3, [sp, #8]
 209:Core/Src/main.c ****   {
 274              		.loc 1 209 3 is_stmt 1 view .LVU81
 209:Core/Src/main.c ****   {
 275              		.loc 1 209 7 is_stmt 0 view .LVU82
 276 00b0 0C22     		movs	r2, #12
 277 00b2 01A9     		add	r1, sp, #4
 278 00b4 0C48     		ldr	r0, .L25
 279 00b6 FFF7FEFF 		bl	HAL_TIM_PWM_ConfigChannel
 280              	.LVL7:
 209:Core/Src/main.c ****   {
 281              		.loc 1 209 6 discriminator 1 view .LVU83
 282 00ba 98B9     		cbnz	r0, .L24
 216:Core/Src/main.c **** 
 283              		.loc 1 216 3 is_stmt 1 view .LVU84
 284 00bc 0A48     		ldr	r0, .L25
ARM GAS  /tmp/cclRBZde.s 			page 14


 285 00be FFF7FEFF 		bl	HAL_TIM_MspPostInit
 286              	.LVL8:
 218:Core/Src/main.c **** 
 287              		.loc 1 218 1 is_stmt 0 view .LVU85
 288 00c2 0FB0     		add	sp, sp, #60
 289              	.LCFI4:
 290              		.cfi_remember_state
 291              		.cfi_def_cfa_offset 4
 292              		@ sp needed
 293 00c4 5DF804FB 		ldr	pc, [sp], #4
 294              	.L17:
 295              	.LCFI5:
 296              		.cfi_restore_state
 173:Core/Src/main.c ****   }
 297              		.loc 1 173 5 is_stmt 1 view .LVU86
 298 00c8 FFF7FEFF 		bl	Error_Handler
 299              	.LVL9:
 300              	.L18:
 178:Core/Src/main.c ****   }
 301              		.loc 1 178 5 view .LVU87
 302 00cc FFF7FEFF 		bl	Error_Handler
 303              	.LVL10:
 304              	.L19:
 182:Core/Src/main.c ****   }
 305              		.loc 1 182 5 view .LVU88
 306 00d0 FFF7FEFF 		bl	Error_Handler
 307              	.LVL11:
 308              	.L20:
 188:Core/Src/main.c ****   }
 309              		.loc 1 188 5 view .LVU89
 310 00d4 FFF7FEFF 		bl	Error_Handler
 311              	.LVL12:
 312              	.L21:
 196:Core/Src/main.c ****   }
 313              		.loc 1 196 5 view .LVU90
 314 00d8 FFF7FEFF 		bl	Error_Handler
 315              	.LVL13:
 316              	.L22:
 201:Core/Src/main.c ****   }
 317              		.loc 1 201 5 view .LVU91
 318 00dc FFF7FEFF 		bl	Error_Handler
 319              	.LVL14:
 320              	.L23:
 206:Core/Src/main.c ****   }
 321              		.loc 1 206 5 view .LVU92
 322 00e0 FFF7FEFF 		bl	Error_Handler
 323              	.LVL15:
 324              	.L24:
 211:Core/Src/main.c ****   }
 325              		.loc 1 211 5 view .LVU93
 326 00e4 FFF7FEFF 		bl	Error_Handler
 327              	.LVL16:
 328              	.L26:
 329              		.align	2
 330              	.L25:
 331 00e8 00000000 		.word	htim3
 332 00ec 00040040 		.word	1073742848
ARM GAS  /tmp/cclRBZde.s 			page 15


 333              		.cfi_endproc
 334              	.LFE67:
 336              		.section	.text.SystemClock_Config,"ax",%progbits
 337              		.align	1
 338              		.global	SystemClock_Config
 339              		.syntax unified
 340              		.thumb
 341              		.thumb_func
 343              	SystemClock_Config:
 344              	.LFB66:
 115:Core/Src/main.c ****   RCC_OscInitTypeDef RCC_OscInitStruct = {0};
 345              		.loc 1 115 1 view -0
 346              		.cfi_startproc
 347              		@ args = 0, pretend = 0, frame = 64
 348              		@ frame_needed = 0, uses_anonymous_args = 0
 349 0000 10B5     		push	{r4, lr}
 350              	.LCFI6:
 351              		.cfi_def_cfa_offset 8
 352              		.cfi_offset 4, -8
 353              		.cfi_offset 14, -4
 354 0002 90B0     		sub	sp, sp, #64
 355              	.LCFI7:
 356              		.cfi_def_cfa_offset 72
 116:Core/Src/main.c ****   RCC_ClkInitTypeDef RCC_ClkInitStruct = {0};
 357              		.loc 1 116 3 view .LVU95
 116:Core/Src/main.c ****   RCC_ClkInitTypeDef RCC_ClkInitStruct = {0};
 358              		.loc 1 116 22 is_stmt 0 view .LVU96
 359 0004 06AC     		add	r4, sp, #24
 360 0006 2822     		movs	r2, #40
 361 0008 0021     		movs	r1, #0
 362 000a 2046     		mov	r0, r4
 363 000c FFF7FEFF 		bl	memset
 364              	.LVL17:
 117:Core/Src/main.c **** 
 365              		.loc 1 117 3 is_stmt 1 view .LVU97
 117:Core/Src/main.c **** 
 366              		.loc 1 117 22 is_stmt 0 view .LVU98
 367 0010 0023     		movs	r3, #0
 368 0012 0193     		str	r3, [sp, #4]
 369 0014 0293     		str	r3, [sp, #8]
 370 0016 0393     		str	r3, [sp, #12]
 371 0018 0493     		str	r3, [sp, #16]
 372 001a 0593     		str	r3, [sp, #20]
 122:Core/Src/main.c ****   RCC_OscInitStruct.HSIState = RCC_HSI_ON;
 373              		.loc 1 122 3 is_stmt 1 view .LVU99
 122:Core/Src/main.c ****   RCC_OscInitStruct.HSIState = RCC_HSI_ON;
 374              		.loc 1 122 36 is_stmt 0 view .LVU100
 375 001c 0223     		movs	r3, #2
 376 001e 0693     		str	r3, [sp, #24]
 123:Core/Src/main.c ****   RCC_OscInitStruct.HSICalibrationValue = RCC_HSICALIBRATION_DEFAULT;
 377              		.loc 1 123 3 is_stmt 1 view .LVU101
 123:Core/Src/main.c ****   RCC_OscInitStruct.HSICalibrationValue = RCC_HSICALIBRATION_DEFAULT;
 378              		.loc 1 123 30 is_stmt 0 view .LVU102
 379 0020 0123     		movs	r3, #1
 380 0022 0A93     		str	r3, [sp, #40]
 124:Core/Src/main.c ****   RCC_OscInitStruct.PLL.PLLState = RCC_PLL_NONE;
 381              		.loc 1 124 3 is_stmt 1 view .LVU103
ARM GAS  /tmp/cclRBZde.s 			page 16


 124:Core/Src/main.c ****   RCC_OscInitStruct.PLL.PLLState = RCC_PLL_NONE;
 382              		.loc 1 124 41 is_stmt 0 view .LVU104
 383 0024 1023     		movs	r3, #16
 384 0026 0B93     		str	r3, [sp, #44]
 125:Core/Src/main.c ****   if (HAL_RCC_OscConfig(&RCC_OscInitStruct) != HAL_OK)
 385              		.loc 1 125 3 is_stmt 1 view .LVU105
 126:Core/Src/main.c ****   {
 386              		.loc 1 126 3 view .LVU106
 126:Core/Src/main.c ****   {
 387              		.loc 1 126 7 is_stmt 0 view .LVU107
 388 0028 2046     		mov	r0, r4
 389 002a FFF7FEFF 		bl	HAL_RCC_OscConfig
 390              	.LVL18:
 126:Core/Src/main.c ****   {
 391              		.loc 1 126 6 discriminator 1 view .LVU108
 392 002e 60B9     		cbnz	r0, .L31
 133:Core/Src/main.c ****                               |RCC_CLOCKTYPE_PCLK1|RCC_CLOCKTYPE_PCLK2;
 393              		.loc 1 133 3 is_stmt 1 view .LVU109
 133:Core/Src/main.c ****                               |RCC_CLOCKTYPE_PCLK1|RCC_CLOCKTYPE_PCLK2;
 394              		.loc 1 133 31 is_stmt 0 view .LVU110
 395 0030 0F23     		movs	r3, #15
 396 0032 0193     		str	r3, [sp, #4]
 135:Core/Src/main.c ****   RCC_ClkInitStruct.AHBCLKDivider = RCC_SYSCLK_DIV1;
 397              		.loc 1 135 3 is_stmt 1 view .LVU111
 135:Core/Src/main.c ****   RCC_ClkInitStruct.AHBCLKDivider = RCC_SYSCLK_DIV1;
 398              		.loc 1 135 34 is_stmt 0 view .LVU112
 399 0034 0021     		movs	r1, #0
 400 0036 0291     		str	r1, [sp, #8]
 136:Core/Src/main.c ****   RCC_ClkInitStruct.APB1CLKDivider = RCC_HCLK_DIV1;
 401              		.loc 1 136 3 is_stmt 1 view .LVU113
 136:Core/Src/main.c ****   RCC_ClkInitStruct.APB1CLKDivider = RCC_HCLK_DIV1;
 402              		.loc 1 136 35 is_stmt 0 view .LVU114
 403 0038 0391     		str	r1, [sp, #12]
 137:Core/Src/main.c ****   RCC_ClkInitStruct.APB2CLKDivider = RCC_HCLK_DIV1;
 404              		.loc 1 137 3 is_stmt 1 view .LVU115
 137:Core/Src/main.c ****   RCC_ClkInitStruct.APB2CLKDivider = RCC_HCLK_DIV1;
 405              		.loc 1 137 36 is_stmt 0 view .LVU116
 406 003a 0491     		str	r1, [sp, #16]
 138:Core/Src/main.c **** 
 407              		.loc 1 138 3 is_stmt 1 view .LVU117
 138:Core/Src/main.c **** 
 408              		.loc 1 138 36 is_stmt 0 view .LVU118
 409 003c 0591     		str	r1, [sp, #20]
 140:Core/Src/main.c ****   {
 410              		.loc 1 140 3 is_stmt 1 view .LVU119
 140:Core/Src/main.c ****   {
 411              		.loc 1 140 7 is_stmt 0 view .LVU120
 412 003e 01A8     		add	r0, sp, #4
 413 0040 FFF7FEFF 		bl	HAL_RCC_ClockConfig
 414              	.LVL19:
 140:Core/Src/main.c ****   {
 415              		.loc 1 140 6 discriminator 1 view .LVU121
 416 0044 18B9     		cbnz	r0, .L32
 144:Core/Src/main.c **** 
 417              		.loc 1 144 1 view .LVU122
 418 0046 10B0     		add	sp, sp, #64
 419              	.LCFI8:
ARM GAS  /tmp/cclRBZde.s 			page 17


 420              		.cfi_remember_state
 421              		.cfi_def_cfa_offset 8
 422              		@ sp needed
 423 0048 10BD     		pop	{r4, pc}
 424              	.L31:
 425              	.LCFI9:
 426              		.cfi_restore_state
 128:Core/Src/main.c ****   }
 427              		.loc 1 128 5 is_stmt 1 view .LVU123
 428 004a FFF7FEFF 		bl	Error_Handler
 429              	.LVL20:
 430              	.L32:
 142:Core/Src/main.c ****   }
 431              		.loc 1 142 5 view .LVU124
 432 004e FFF7FEFF 		bl	Error_Handler
 433              	.LVL21:
 434              		.cfi_endproc
 435              	.LFE66:
 437              		.section	.text.main,"ax",%progbits
 438              		.align	1
 439              		.global	main
 440              		.syntax unified
 441              		.thumb
 442              		.thumb_func
 444              	main:
 445              	.LFB65:
  67:Core/Src/main.c **** 
 446              		.loc 1 67 1 view -0
 447              		.cfi_startproc
 448              		@ Volatile: function does not return.
 449              		@ args = 0, pretend = 0, frame = 0
 450              		@ frame_needed = 0, uses_anonymous_args = 0
 451 0000 08B5     		push	{r3, lr}
 452              	.LCFI10:
 453              		.cfi_def_cfa_offset 8
 454              		.cfi_offset 3, -8
 455              		.cfi_offset 14, -4
  76:Core/Src/main.c **** 
 456              		.loc 1 76 3 view .LVU126
 457 0002 FFF7FEFF 		bl	HAL_Init
 458              	.LVL22:
  83:Core/Src/main.c **** 
 459              		.loc 1 83 3 view .LVU127
 460 0006 FFF7FEFF 		bl	SystemClock_Config
 461              	.LVL23:
  90:Core/Src/main.c ****   MX_TIM3_Init();
 462              		.loc 1 90 3 view .LVU128
 463 000a FFF7FEFF 		bl	MX_GPIO_Init
 464              	.LVL24:
  91:Core/Src/main.c ****   /* USER CODE BEGIN 2 */
 465              		.loc 1 91 3 view .LVU129
 466 000e FFF7FEFF 		bl	MX_TIM3_Init
 467              	.LVL25:
  93:Core/Src/main.c ****   HAL_TIM_PWM_Start(&htim3, TIM_CHANNEL_2);
 468              		.loc 1 93 3 view .LVU130
 469 0012 094C     		ldr	r4, .L36
 470 0014 0021     		movs	r1, #0
ARM GAS  /tmp/cclRBZde.s 			page 18


 471 0016 2046     		mov	r0, r4
 472 0018 FFF7FEFF 		bl	HAL_TIM_PWM_Start
 473              	.LVL26:
  94:Core/Src/main.c ****   HAL_TIM_PWM_Start(&htim3, TIM_CHANNEL_3);
 474              		.loc 1 94 3 view .LVU131
 475 001c 0421     		movs	r1, #4
 476 001e 2046     		mov	r0, r4
 477 0020 FFF7FEFF 		bl	HAL_TIM_PWM_Start
 478              	.LVL27:
  95:Core/Src/main.c ****   HAL_TIM_PWM_Start(&htim3, TIM_CHANNEL_4);
 479              		.loc 1 95 3 view .LVU132
 480 0024 0821     		movs	r1, #8
 481 0026 2046     		mov	r0, r4
 482 0028 FFF7FEFF 		bl	HAL_TIM_PWM_Start
 483              	.LVL28:
  96:Core/Src/main.c ****   /* USER CODE END 2 */
 484              		.loc 1 96 3 view .LVU133
 485 002c 0C21     		movs	r1, #12
 486 002e 2046     		mov	r0, r4
 487 0030 FFF7FEFF 		bl	HAL_TIM_PWM_Start
 488              	.LVL29:
 489              	.L34:
 101:Core/Src/main.c ****   {
 490              		.loc 1 101 3 view .LVU134
 106:Core/Src/main.c ****   /* USER CODE END 3 */
 491              		.loc 1 106 3 view .LVU135
 101:Core/Src/main.c ****   {
 492              		.loc 1 101 9 view .LVU136
 493 0034 FEE7     		b	.L34
 494              	.L37:
 495 0036 00BF     		.align	2
 496              	.L36:
 497 0038 00000000 		.word	htim3
 498              		.cfi_endproc
 499              	.LFE65:
 501              		.global	htim3
 502              		.section	.bss.htim3,"aw",%nobits
 503              		.align	2
 506              	htim3:
 507 0000 00000000 		.space	72
 507      00000000 
 507      00000000 
 507      00000000 
 507      00000000 
 508              		.text
 509              	.Letext0:
 510              		.file 3 "Drivers/CMSIS/Device/ST/STM32F1xx/Include/stm32f103xb.h"
 511              		.file 4 "/usr/lib/gcc/arm-none-eabi/14.2.1/include/stdint.h"
 512              		.file 5 "Drivers/STM32F1xx_HAL_Driver/Inc/stm32f1xx_hal_def.h"
 513              		.file 6 "Drivers/STM32F1xx_HAL_Driver/Inc/stm32f1xx_hal_rcc.h"
 514              		.file 7 "Drivers/STM32F1xx_HAL_Driver/Inc/stm32f1xx_hal_rcc_ex.h"
 515              		.file 8 "Drivers/STM32F1xx_HAL_Driver/Inc/stm32f1xx_hal_dma.h"
 516              		.file 9 "Drivers/STM32F1xx_HAL_Driver/Inc/stm32f1xx_hal_tim.h"
 517              		.file 10 "Drivers/STM32F1xx_HAL_Driver/Inc/stm32f1xx_hal_tim_ex.h"
 518              		.file 11 "Core/Inc/main.h"
 519              		.file 12 "Drivers/STM32F1xx_HAL_Driver/Inc/stm32f1xx_hal.h"
 520              		.file 13 "<built-in>"
ARM GAS  /tmp/cclRBZde.s 			page 19


ARM GAS  /tmp/cclRBZde.s 			page 20


DEFINED SYMBOLS
                            *ABS*:00000000 main.c
     /tmp/cclRBZde.s:19     .text.MX_GPIO_Init:00000000 $t
     /tmp/cclRBZde.s:24     .text.MX_GPIO_Init:00000000 MX_GPIO_Init
     /tmp/cclRBZde.s:74     .text.MX_GPIO_Init:0000002c $d
     /tmp/cclRBZde.s:79     .text.Error_Handler:00000000 $t
     /tmp/cclRBZde.s:85     .text.Error_Handler:00000000 Error_Handler
     /tmp/cclRBZde.s:117    .text.MX_TIM3_Init:00000000 $t
     /tmp/cclRBZde.s:122    .text.MX_TIM3_Init:00000000 MX_TIM3_Init
     /tmp/cclRBZde.s:331    .text.MX_TIM3_Init:000000e8 $d
     /tmp/cclRBZde.s:506    .bss.htim3:00000000 htim3
     /tmp/cclRBZde.s:337    .text.SystemClock_Config:00000000 $t
     /tmp/cclRBZde.s:343    .text.SystemClock_Config:00000000 SystemClock_Config
     /tmp/cclRBZde.s:438    .text.main:00000000 $t
     /tmp/cclRBZde.s:444    .text.main:00000000 main
     /tmp/cclRBZde.s:497    .text.main:00000038 $d
     /tmp/cclRBZde.s:503    .bss.htim3:00000000 $d

UNDEFINED SYMBOLS
HAL_TIM_Base_Init
HAL_TIM_ConfigClockSource
HAL_TIM_PWM_Init
HAL_TIMEx_MasterConfigSynchronization
HAL_TIM_PWM_ConfigChannel
HAL_TIM_MspPostInit
memset
HAL_RCC_OscConfig
HAL_RCC_ClockConfig
HAL_Init
HAL_TIM_PWM_Start
