ARM GAS  /tmp/ccWRyob0.s 			page 1


   1              		.cpu cortex-m3
   2              		.arch armv7-m
   3              		.fpu softvfp
   4              		.eabi_attribute 20, 1
   5              		.eabi_attribute 21, 1
   6              		.eabi_attribute 23, 3
   7              		.eabi_attribute 24, 1
   8              		.eabi_attribute 25, 1
   9              		.eabi_attribute 26, 1
  10              		.eabi_attribute 30, 1
  11              		.eabi_attribute 34, 1
  12              		.eabi_attribute 18, 4
  13              		.file	"stm32f1xx_hal_msp.c"
  14              		.text
  15              	.Ltext0:
  16              		.cfi_sections	.debug_frame
  17              		.file 1 "Core/Src/stm32f1xx_hal_msp.c"
  18              		.section	.text.HAL_MspInit,"ax",%progbits
  19              		.align	1
  20              		.global	HAL_MspInit
  21              		.syntax unified
  22              		.thumb
  23              		.thumb_func
  25              	HAL_MspInit:
  26              	.LFB65:
   1:Core/Src/stm32f1xx_hal_msp.c **** /* USER CODE BEGIN Header */
   2:Core/Src/stm32f1xx_hal_msp.c **** /**
   3:Core/Src/stm32f1xx_hal_msp.c ****   ******************************************************************************
   4:Core/Src/stm32f1xx_hal_msp.c ****   * @file         stm32f1xx_hal_msp.c
   5:Core/Src/stm32f1xx_hal_msp.c ****   * @brief        This file provides code for the MSP Initialization
   6:Core/Src/stm32f1xx_hal_msp.c ****   *               and de-Initialization codes.
   7:Core/Src/stm32f1xx_hal_msp.c ****   ******************************************************************************
   8:Core/Src/stm32f1xx_hal_msp.c ****   * @attention
   9:Core/Src/stm32f1xx_hal_msp.c ****   *
  10:Core/Src/stm32f1xx_hal_msp.c ****   * Copyright (c) 2026 STMicroelectronics.
  11:Core/Src/stm32f1xx_hal_msp.c ****   * All rights reserved.
  12:Core/Src/stm32f1xx_hal_msp.c ****   *
  13:Core/Src/stm32f1xx_hal_msp.c ****   * This software is licensed under terms that can be found in the LICENSE file
  14:Core/Src/stm32f1xx_hal_msp.c ****   * in the root directory of this software component.
  15:Core/Src/stm32f1xx_hal_msp.c ****   * If no LICENSE file comes with this software, it is provided AS-IS.
  16:Core/Src/stm32f1xx_hal_msp.c ****   *
  17:Core/Src/stm32f1xx_hal_msp.c ****   ******************************************************************************
  18:Core/Src/stm32f1xx_hal_msp.c ****   */
  19:Core/Src/stm32f1xx_hal_msp.c **** /* USER CODE END Header */
  20:Core/Src/stm32f1xx_hal_msp.c **** /* Includes ------------------------------------------------------------------*/
  21:Core/Src/stm32f1xx_hal_msp.c **** #include "main.h"
  22:Core/Src/stm32f1xx_hal_msp.c **** /* USER CODE BEGIN Includes */
  23:Core/Src/stm32f1xx_hal_msp.c **** 
  24:Core/Src/stm32f1xx_hal_msp.c **** /* USER CODE END Includes */
  25:Core/Src/stm32f1xx_hal_msp.c **** 
  26:Core/Src/stm32f1xx_hal_msp.c **** /* Private typedef -----------------------------------------------------------*/
  27:Core/Src/stm32f1xx_hal_msp.c **** /* USER CODE BEGIN TD */
  28:Core/Src/stm32f1xx_hal_msp.c **** 
  29:Core/Src/stm32f1xx_hal_msp.c **** /* USER CODE END TD */
  30:Core/Src/stm32f1xx_hal_msp.c **** 
  31:Core/Src/stm32f1xx_hal_msp.c **** /* Private define ------------------------------------------------------------*/
  32:Core/Src/stm32f1xx_hal_msp.c **** /* USER CODE BEGIN Define */
ARM GAS  /tmp/ccWRyob0.s 			page 2


  33:Core/Src/stm32f1xx_hal_msp.c **** 
  34:Core/Src/stm32f1xx_hal_msp.c **** /* USER CODE END Define */
  35:Core/Src/stm32f1xx_hal_msp.c **** 
  36:Core/Src/stm32f1xx_hal_msp.c **** /* Private macro -------------------------------------------------------------*/
  37:Core/Src/stm32f1xx_hal_msp.c **** /* USER CODE BEGIN Macro */
  38:Core/Src/stm32f1xx_hal_msp.c **** 
  39:Core/Src/stm32f1xx_hal_msp.c **** /* USER CODE END Macro */
  40:Core/Src/stm32f1xx_hal_msp.c **** 
  41:Core/Src/stm32f1xx_hal_msp.c **** /* Private variables ---------------------------------------------------------*/
  42:Core/Src/stm32f1xx_hal_msp.c **** /* USER CODE BEGIN PV */
  43:Core/Src/stm32f1xx_hal_msp.c **** 
  44:Core/Src/stm32f1xx_hal_msp.c **** /* USER CODE END PV */
  45:Core/Src/stm32f1xx_hal_msp.c **** 
  46:Core/Src/stm32f1xx_hal_msp.c **** /* Private function prototypes -----------------------------------------------*/
  47:Core/Src/stm32f1xx_hal_msp.c **** /* USER CODE BEGIN PFP */
  48:Core/Src/stm32f1xx_hal_msp.c **** 
  49:Core/Src/stm32f1xx_hal_msp.c **** /* USER CODE END PFP */
  50:Core/Src/stm32f1xx_hal_msp.c **** 
  51:Core/Src/stm32f1xx_hal_msp.c **** /* External functions --------------------------------------------------------*/
  52:Core/Src/stm32f1xx_hal_msp.c **** /* USER CODE BEGIN ExternalFunctions */
  53:Core/Src/stm32f1xx_hal_msp.c **** 
  54:Core/Src/stm32f1xx_hal_msp.c **** /* USER CODE END ExternalFunctions */
  55:Core/Src/stm32f1xx_hal_msp.c **** 
  56:Core/Src/stm32f1xx_hal_msp.c **** /* USER CODE BEGIN 0 */
  57:Core/Src/stm32f1xx_hal_msp.c **** 
  58:Core/Src/stm32f1xx_hal_msp.c **** /* USER CODE END 0 */
  59:Core/Src/stm32f1xx_hal_msp.c **** 
  60:Core/Src/stm32f1xx_hal_msp.c **** void HAL_TIM_MspPostInit(TIM_HandleTypeDef *htim);
  61:Core/Src/stm32f1xx_hal_msp.c ****                     /**
  62:Core/Src/stm32f1xx_hal_msp.c ****   * Initializes the Global MSP.
  63:Core/Src/stm32f1xx_hal_msp.c ****   */
  64:Core/Src/stm32f1xx_hal_msp.c **** void HAL_MspInit(void)
  65:Core/Src/stm32f1xx_hal_msp.c **** {
  27              		.loc 1 65 1 view -0
  28              		.cfi_startproc
  29              		@ args = 0, pretend = 0, frame = 8
  30              		@ frame_needed = 0, uses_anonymous_args = 0
  31              		@ link register save eliminated.
  32 0000 82B0     		sub	sp, sp, #8
  33              	.LCFI0:
  34              		.cfi_def_cfa_offset 8
  66:Core/Src/stm32f1xx_hal_msp.c **** 
  67:Core/Src/stm32f1xx_hal_msp.c ****   /* USER CODE BEGIN MspInit 0 */
  68:Core/Src/stm32f1xx_hal_msp.c **** 
  69:Core/Src/stm32f1xx_hal_msp.c ****   /* USER CODE END MspInit 0 */
  70:Core/Src/stm32f1xx_hal_msp.c **** 
  71:Core/Src/stm32f1xx_hal_msp.c ****   __HAL_RCC_AFIO_CLK_ENABLE();
  35              		.loc 1 71 3 view .LVU1
  36              	.LBB2:
  37              		.loc 1 71 3 view .LVU2
  38              		.loc 1 71 3 view .LVU3
  39 0002 0E4B     		ldr	r3, .L3
  40 0004 9A69     		ldr	r2, [r3, #24]
  41 0006 42F00102 		orr	r2, r2, #1
  42 000a 9A61     		str	r2, [r3, #24]
  43              		.loc 1 71 3 view .LVU4
  44 000c 9A69     		ldr	r2, [r3, #24]
ARM GAS  /tmp/ccWRyob0.s 			page 3


  45 000e 02F00102 		and	r2, r2, #1
  46 0012 0092     		str	r2, [sp]
  47              		.loc 1 71 3 view .LVU5
  48 0014 009A     		ldr	r2, [sp]
  49              	.LBE2:
  50              		.loc 1 71 3 view .LVU6
  72:Core/Src/stm32f1xx_hal_msp.c ****   __HAL_RCC_PWR_CLK_ENABLE();
  51              		.loc 1 72 3 view .LVU7
  52              	.LBB3:
  53              		.loc 1 72 3 view .LVU8
  54              		.loc 1 72 3 view .LVU9
  55 0016 DA69     		ldr	r2, [r3, #28]
  56 0018 42F08052 		orr	r2, r2, #268435456
  57 001c DA61     		str	r2, [r3, #28]
  58              		.loc 1 72 3 view .LVU10
  59 001e DB69     		ldr	r3, [r3, #28]
  60 0020 03F08053 		and	r3, r3, #268435456
  61 0024 0193     		str	r3, [sp, #4]
  62              		.loc 1 72 3 view .LVU11
  63 0026 019B     		ldr	r3, [sp, #4]
  64              	.LBE3:
  65              		.loc 1 72 3 view .LVU12
  73:Core/Src/stm32f1xx_hal_msp.c **** 
  74:Core/Src/stm32f1xx_hal_msp.c ****   /* System interrupt init*/
  75:Core/Src/stm32f1xx_hal_msp.c **** 
  76:Core/Src/stm32f1xx_hal_msp.c ****   /** DISABLE: JTAG-DP Disabled and SW-DP Disabled
  77:Core/Src/stm32f1xx_hal_msp.c ****   */
  78:Core/Src/stm32f1xx_hal_msp.c ****   __HAL_AFIO_REMAP_SWJ_DISABLE();
  66              		.loc 1 78 3 view .LVU13
  67              	.LBB4:
  68              		.loc 1 78 3 view .LVU14
  69 0028 054A     		ldr	r2, .L3+4
  70 002a 5368     		ldr	r3, [r2, #4]
  71              	.LVL0:
  72              		.loc 1 78 3 view .LVU15
  73 002c 23F0E063 		bic	r3, r3, #117440512
  74              	.LVL1:
  75              		.loc 1 78 3 view .LVU16
  76 0030 43F08063 		orr	r3, r3, #67108864
  77              	.LVL2:
  78              		.loc 1 78 3 view .LVU17
  79 0034 5360     		str	r3, [r2, #4]
  80              	.LBE4:
  81              		.loc 1 78 3 view .LVU18
  79:Core/Src/stm32f1xx_hal_msp.c **** 
  80:Core/Src/stm32f1xx_hal_msp.c ****   /* USER CODE BEGIN MspInit 1 */
  81:Core/Src/stm32f1xx_hal_msp.c **** 
  82:Core/Src/stm32f1xx_hal_msp.c ****   /* USER CODE END MspInit 1 */
  83:Core/Src/stm32f1xx_hal_msp.c **** }
  82              		.loc 1 83 1 is_stmt 0 view .LVU19
  83 0036 02B0     		add	sp, sp, #8
  84              	.LCFI1:
  85              		.cfi_def_cfa_offset 0
  86              		@ sp needed
  87 0038 7047     		bx	lr
  88              	.L4:
  89 003a 00BF     		.align	2
ARM GAS  /tmp/ccWRyob0.s 			page 4


  90              	.L3:
  91 003c 00100240 		.word	1073876992
  92 0040 00000140 		.word	1073807360
  93              		.cfi_endproc
  94              	.LFE65:
  96              		.section	.text.HAL_TIM_Base_MspInit,"ax",%progbits
  97              		.align	1
  98              		.global	HAL_TIM_Base_MspInit
  99              		.syntax unified
 100              		.thumb
 101              		.thumb_func
 103              	HAL_TIM_Base_MspInit:
 104              	.LVL3:
 105              	.LFB66:
  84:Core/Src/stm32f1xx_hal_msp.c **** 
  85:Core/Src/stm32f1xx_hal_msp.c **** /**
  86:Core/Src/stm32f1xx_hal_msp.c ****   * @brief TIM_Base MSP Initialization
  87:Core/Src/stm32f1xx_hal_msp.c ****   * This function configures the hardware resources used in this example
  88:Core/Src/stm32f1xx_hal_msp.c ****   * @param htim_base: TIM_Base handle pointer
  89:Core/Src/stm32f1xx_hal_msp.c ****   * @retval None
  90:Core/Src/stm32f1xx_hal_msp.c ****   */
  91:Core/Src/stm32f1xx_hal_msp.c **** void HAL_TIM_Base_MspInit(TIM_HandleTypeDef* htim_base)
  92:Core/Src/stm32f1xx_hal_msp.c **** {
 106              		.loc 1 92 1 is_stmt 1 view -0
 107              		.cfi_startproc
 108              		@ args = 0, pretend = 0, frame = 8
 109              		@ frame_needed = 0, uses_anonymous_args = 0
 110              		@ link register save eliminated.
  93:Core/Src/stm32f1xx_hal_msp.c ****   if(htim_base->Instance==TIM3)
 111              		.loc 1 93 3 view .LVU21
 112              		.loc 1 93 15 is_stmt 0 view .LVU22
 113 0000 0268     		ldr	r2, [r0]
 114              		.loc 1 93 5 view .LVU23
 115 0002 094B     		ldr	r3, .L12
 116 0004 9A42     		cmp	r2, r3
 117 0006 00D0     		beq	.L11
 118 0008 7047     		bx	lr
 119              	.L11:
  92:Core/Src/stm32f1xx_hal_msp.c ****   if(htim_base->Instance==TIM3)
 120              		.loc 1 92 1 view .LVU24
 121 000a 82B0     		sub	sp, sp, #8
 122              	.LCFI2:
 123              		.cfi_def_cfa_offset 8
  94:Core/Src/stm32f1xx_hal_msp.c ****   {
  95:Core/Src/stm32f1xx_hal_msp.c ****     /* USER CODE BEGIN TIM3_MspInit 0 */
  96:Core/Src/stm32f1xx_hal_msp.c **** 
  97:Core/Src/stm32f1xx_hal_msp.c ****     /* USER CODE END TIM3_MspInit 0 */
  98:Core/Src/stm32f1xx_hal_msp.c ****     /* Peripheral clock enable */
  99:Core/Src/stm32f1xx_hal_msp.c ****     __HAL_RCC_TIM3_CLK_ENABLE();
 124              		.loc 1 99 5 is_stmt 1 view .LVU25
 125              	.LBB5:
 126              		.loc 1 99 5 view .LVU26
 127              		.loc 1 99 5 view .LVU27
 128 000c 03F50333 		add	r3, r3, #134144
 129 0010 DA69     		ldr	r2, [r3, #28]
 130 0012 42F00202 		orr	r2, r2, #2
 131 0016 DA61     		str	r2, [r3, #28]
ARM GAS  /tmp/ccWRyob0.s 			page 5


 132              		.loc 1 99 5 view .LVU28
 133 0018 DB69     		ldr	r3, [r3, #28]
 134 001a 03F00203 		and	r3, r3, #2
 135 001e 0193     		str	r3, [sp, #4]
 136              		.loc 1 99 5 view .LVU29
 137 0020 019B     		ldr	r3, [sp, #4]
 138              	.LBE5:
 139              		.loc 1 99 5 discriminator 1 view .LVU30
 100:Core/Src/stm32f1xx_hal_msp.c ****     /* USER CODE BEGIN TIM3_MspInit 1 */
 101:Core/Src/stm32f1xx_hal_msp.c **** 
 102:Core/Src/stm32f1xx_hal_msp.c ****     /* USER CODE END TIM3_MspInit 1 */
 103:Core/Src/stm32f1xx_hal_msp.c **** 
 104:Core/Src/stm32f1xx_hal_msp.c ****   }
 105:Core/Src/stm32f1xx_hal_msp.c **** 
 106:Core/Src/stm32f1xx_hal_msp.c **** }
 140              		.loc 1 106 1 is_stmt 0 view .LVU31
 141 0022 02B0     		add	sp, sp, #8
 142              	.LCFI3:
 143              		.cfi_def_cfa_offset 0
 144              		@ sp needed
 145 0024 7047     		bx	lr
 146              	.L13:
 147 0026 00BF     		.align	2
 148              	.L12:
 149 0028 00040040 		.word	1073742848
 150              		.cfi_endproc
 151              	.LFE66:
 153              		.section	.text.HAL_TIM_MspPostInit,"ax",%progbits
 154              		.align	1
 155              		.global	HAL_TIM_MspPostInit
 156              		.syntax unified
 157              		.thumb
 158              		.thumb_func
 160              	HAL_TIM_MspPostInit:
 161              	.LVL4:
 162              	.LFB67:
 107:Core/Src/stm32f1xx_hal_msp.c **** 
 108:Core/Src/stm32f1xx_hal_msp.c **** void HAL_TIM_MspPostInit(TIM_HandleTypeDef* htim)
 109:Core/Src/stm32f1xx_hal_msp.c **** {
 163              		.loc 1 109 1 is_stmt 1 view -0
 164              		.cfi_startproc
 165              		@ args = 0, pretend = 0, frame = 24
 166              		@ frame_needed = 0, uses_anonymous_args = 0
 167              		.loc 1 109 1 is_stmt 0 view .LVU33
 168 0000 30B5     		push	{r4, r5, lr}
 169              	.LCFI4:
 170              		.cfi_def_cfa_offset 12
 171              		.cfi_offset 4, -12
 172              		.cfi_offset 5, -8
 173              		.cfi_offset 14, -4
 174 0002 87B0     		sub	sp, sp, #28
 175              	.LCFI5:
 176              		.cfi_def_cfa_offset 40
 110:Core/Src/stm32f1xx_hal_msp.c ****   GPIO_InitTypeDef GPIO_InitStruct = {0};
 177              		.loc 1 110 3 is_stmt 1 view .LVU34
 178              		.loc 1 110 20 is_stmt 0 view .LVU35
 179 0004 0023     		movs	r3, #0
ARM GAS  /tmp/ccWRyob0.s 			page 6


 180 0006 0293     		str	r3, [sp, #8]
 181 0008 0393     		str	r3, [sp, #12]
 182 000a 0493     		str	r3, [sp, #16]
 183 000c 0593     		str	r3, [sp, #20]
 111:Core/Src/stm32f1xx_hal_msp.c ****   if(htim->Instance==TIM3)
 184              		.loc 1 111 3 is_stmt 1 view .LVU36
 185              		.loc 1 111 10 is_stmt 0 view .LVU37
 186 000e 0268     		ldr	r2, [r0]
 187              		.loc 1 111 5 view .LVU38
 188 0010 154B     		ldr	r3, .L18
 189 0012 9A42     		cmp	r2, r3
 190 0014 01D0     		beq	.L17
 191              	.LVL5:
 192              	.L14:
 112:Core/Src/stm32f1xx_hal_msp.c ****   {
 113:Core/Src/stm32f1xx_hal_msp.c ****     /* USER CODE BEGIN TIM3_MspPostInit 0 */
 114:Core/Src/stm32f1xx_hal_msp.c **** 
 115:Core/Src/stm32f1xx_hal_msp.c ****     /* USER CODE END TIM3_MspPostInit 0 */
 116:Core/Src/stm32f1xx_hal_msp.c **** 
 117:Core/Src/stm32f1xx_hal_msp.c ****     __HAL_RCC_GPIOA_CLK_ENABLE();
 118:Core/Src/stm32f1xx_hal_msp.c ****     __HAL_RCC_GPIOB_CLK_ENABLE();
 119:Core/Src/stm32f1xx_hal_msp.c ****     /**TIM3 GPIO Configuration
 120:Core/Src/stm32f1xx_hal_msp.c ****     PA6     ------> TIM3_CH1
 121:Core/Src/stm32f1xx_hal_msp.c ****     PA7     ------> TIM3_CH2
 122:Core/Src/stm32f1xx_hal_msp.c ****     PB0     ------> TIM3_CH3
 123:Core/Src/stm32f1xx_hal_msp.c ****     PB1     ------> TIM3_CH4
 124:Core/Src/stm32f1xx_hal_msp.c ****     */
 125:Core/Src/stm32f1xx_hal_msp.c ****     GPIO_InitStruct.Pin = GPIO_PIN_6|GPIO_PIN_7;
 126:Core/Src/stm32f1xx_hal_msp.c ****     GPIO_InitStruct.Mode = GPIO_MODE_AF_PP;
 127:Core/Src/stm32f1xx_hal_msp.c ****     GPIO_InitStruct.Speed = GPIO_SPEED_FREQ_LOW;
 128:Core/Src/stm32f1xx_hal_msp.c ****     HAL_GPIO_Init(GPIOA, &GPIO_InitStruct);
 129:Core/Src/stm32f1xx_hal_msp.c **** 
 130:Core/Src/stm32f1xx_hal_msp.c ****     GPIO_InitStruct.Pin = GPIO_PIN_0|GPIO_PIN_1;
 131:Core/Src/stm32f1xx_hal_msp.c ****     GPIO_InitStruct.Mode = GPIO_MODE_AF_PP;
 132:Core/Src/stm32f1xx_hal_msp.c ****     GPIO_InitStruct.Speed = GPIO_SPEED_FREQ_LOW;
 133:Core/Src/stm32f1xx_hal_msp.c ****     HAL_GPIO_Init(GPIOB, &GPIO_InitStruct);
 134:Core/Src/stm32f1xx_hal_msp.c **** 
 135:Core/Src/stm32f1xx_hal_msp.c ****     /* USER CODE BEGIN TIM3_MspPostInit 1 */
 136:Core/Src/stm32f1xx_hal_msp.c **** 
 137:Core/Src/stm32f1xx_hal_msp.c ****     /* USER CODE END TIM3_MspPostInit 1 */
 138:Core/Src/stm32f1xx_hal_msp.c ****   }
 139:Core/Src/stm32f1xx_hal_msp.c **** 
 140:Core/Src/stm32f1xx_hal_msp.c **** }
 193              		.loc 1 140 1 view .LVU39
 194 0016 07B0     		add	sp, sp, #28
 195              	.LCFI6:
 196              		.cfi_remember_state
 197              		.cfi_def_cfa_offset 12
 198              		@ sp needed
 199 0018 30BD     		pop	{r4, r5, pc}
 200              	.LVL6:
 201              	.L17:
 202              	.LCFI7:
 203              		.cfi_restore_state
 117:Core/Src/stm32f1xx_hal_msp.c ****     __HAL_RCC_GPIOB_CLK_ENABLE();
 204              		.loc 1 117 5 is_stmt 1 view .LVU40
 205              	.LBB6:
ARM GAS  /tmp/ccWRyob0.s 			page 7


 117:Core/Src/stm32f1xx_hal_msp.c ****     __HAL_RCC_GPIOB_CLK_ENABLE();
 206              		.loc 1 117 5 view .LVU41
 117:Core/Src/stm32f1xx_hal_msp.c ****     __HAL_RCC_GPIOB_CLK_ENABLE();
 207              		.loc 1 117 5 view .LVU42
 208 001a 03F50333 		add	r3, r3, #134144
 209 001e 9A69     		ldr	r2, [r3, #24]
 210 0020 42F00402 		orr	r2, r2, #4
 211 0024 9A61     		str	r2, [r3, #24]
 117:Core/Src/stm32f1xx_hal_msp.c ****     __HAL_RCC_GPIOB_CLK_ENABLE();
 212              		.loc 1 117 5 view .LVU43
 213 0026 9A69     		ldr	r2, [r3, #24]
 214 0028 02F00402 		and	r2, r2, #4
 215 002c 0092     		str	r2, [sp]
 117:Core/Src/stm32f1xx_hal_msp.c ****     __HAL_RCC_GPIOB_CLK_ENABLE();
 216              		.loc 1 117 5 view .LVU44
 217 002e 009A     		ldr	r2, [sp]
 218              	.LBE6:
 117:Core/Src/stm32f1xx_hal_msp.c ****     __HAL_RCC_GPIOB_CLK_ENABLE();
 219              		.loc 1 117 5 view .LVU45
 118:Core/Src/stm32f1xx_hal_msp.c ****     /**TIM3 GPIO Configuration
 220              		.loc 1 118 5 view .LVU46
 221              	.LBB7:
 118:Core/Src/stm32f1xx_hal_msp.c ****     /**TIM3 GPIO Configuration
 222              		.loc 1 118 5 view .LVU47
 118:Core/Src/stm32f1xx_hal_msp.c ****     /**TIM3 GPIO Configuration
 223              		.loc 1 118 5 view .LVU48
 224 0030 9A69     		ldr	r2, [r3, #24]
 225 0032 42F00802 		orr	r2, r2, #8
 226 0036 9A61     		str	r2, [r3, #24]
 118:Core/Src/stm32f1xx_hal_msp.c ****     /**TIM3 GPIO Configuration
 227              		.loc 1 118 5 view .LVU49
 228 0038 9B69     		ldr	r3, [r3, #24]
 229 003a 03F00803 		and	r3, r3, #8
 230 003e 0193     		str	r3, [sp, #4]
 118:Core/Src/stm32f1xx_hal_msp.c ****     /**TIM3 GPIO Configuration
 231              		.loc 1 118 5 view .LVU50
 232 0040 019B     		ldr	r3, [sp, #4]
 233              	.LBE7:
 118:Core/Src/stm32f1xx_hal_msp.c ****     /**TIM3 GPIO Configuration
 234              		.loc 1 118 5 view .LVU51
 125:Core/Src/stm32f1xx_hal_msp.c ****     GPIO_InitStruct.Mode = GPIO_MODE_AF_PP;
 235              		.loc 1 125 5 view .LVU52
 125:Core/Src/stm32f1xx_hal_msp.c ****     GPIO_InitStruct.Mode = GPIO_MODE_AF_PP;
 236              		.loc 1 125 25 is_stmt 0 view .LVU53
 237 0042 C023     		movs	r3, #192
 238 0044 0293     		str	r3, [sp, #8]
 126:Core/Src/stm32f1xx_hal_msp.c ****     GPIO_InitStruct.Speed = GPIO_SPEED_FREQ_LOW;
 239              		.loc 1 126 5 is_stmt 1 view .LVU54
 126:Core/Src/stm32f1xx_hal_msp.c ****     GPIO_InitStruct.Speed = GPIO_SPEED_FREQ_LOW;
 240              		.loc 1 126 26 is_stmt 0 view .LVU55
 241 0046 0224     		movs	r4, #2
 242 0048 0394     		str	r4, [sp, #12]
 127:Core/Src/stm32f1xx_hal_msp.c ****     HAL_GPIO_Init(GPIOA, &GPIO_InitStruct);
 243              		.loc 1 127 5 is_stmt 1 view .LVU56
 127:Core/Src/stm32f1xx_hal_msp.c ****     HAL_GPIO_Init(GPIOA, &GPIO_InitStruct);
 244              		.loc 1 127 27 is_stmt 0 view .LVU57
 245 004a 0594     		str	r4, [sp, #20]
ARM GAS  /tmp/ccWRyob0.s 			page 8


 128:Core/Src/stm32f1xx_hal_msp.c **** 
 246              		.loc 1 128 5 is_stmt 1 view .LVU58
 247 004c 02AD     		add	r5, sp, #8
 248 004e 2946     		mov	r1, r5
 249 0050 0648     		ldr	r0, .L18+4
 250              	.LVL7:
 128:Core/Src/stm32f1xx_hal_msp.c **** 
 251              		.loc 1 128 5 is_stmt 0 view .LVU59
 252 0052 FFF7FEFF 		bl	HAL_GPIO_Init
 253              	.LVL8:
 130:Core/Src/stm32f1xx_hal_msp.c ****     GPIO_InitStruct.Mode = GPIO_MODE_AF_PP;
 254              		.loc 1 130 5 is_stmt 1 view .LVU60
 130:Core/Src/stm32f1xx_hal_msp.c ****     GPIO_InitStruct.Mode = GPIO_MODE_AF_PP;
 255              		.loc 1 130 25 is_stmt 0 view .LVU61
 256 0056 0323     		movs	r3, #3
 257 0058 0293     		str	r3, [sp, #8]
 131:Core/Src/stm32f1xx_hal_msp.c ****     GPIO_InitStruct.Speed = GPIO_SPEED_FREQ_LOW;
 258              		.loc 1 131 5 is_stmt 1 view .LVU62
 131:Core/Src/stm32f1xx_hal_msp.c ****     GPIO_InitStruct.Speed = GPIO_SPEED_FREQ_LOW;
 259              		.loc 1 131 26 is_stmt 0 view .LVU63
 260 005a 0394     		str	r4, [sp, #12]
 132:Core/Src/stm32f1xx_hal_msp.c ****     HAL_GPIO_Init(GPIOB, &GPIO_InitStruct);
 261              		.loc 1 132 5 is_stmt 1 view .LVU64
 132:Core/Src/stm32f1xx_hal_msp.c ****     HAL_GPIO_Init(GPIOB, &GPIO_InitStruct);
 262              		.loc 1 132 27 is_stmt 0 view .LVU65
 263 005c 0594     		str	r4, [sp, #20]
 133:Core/Src/stm32f1xx_hal_msp.c **** 
 264              		.loc 1 133 5 is_stmt 1 view .LVU66
 265 005e 2946     		mov	r1, r5
 266 0060 0348     		ldr	r0, .L18+8
 267 0062 FFF7FEFF 		bl	HAL_GPIO_Init
 268              	.LVL9:
 269              		.loc 1 140 1 is_stmt 0 view .LVU67
 270 0066 D6E7     		b	.L14
 271              	.L19:
 272              		.align	2
 273              	.L18:
 274 0068 00040040 		.word	1073742848
 275 006c 00080140 		.word	1073809408
 276 0070 000C0140 		.word	1073810432
 277              		.cfi_endproc
 278              	.LFE67:
 280              		.section	.text.HAL_TIM_Base_MspDeInit,"ax",%progbits
 281              		.align	1
 282              		.global	HAL_TIM_Base_MspDeInit
 283              		.syntax unified
 284              		.thumb
 285              		.thumb_func
 287              	HAL_TIM_Base_MspDeInit:
 288              	.LVL10:
 289              	.LFB68:
 141:Core/Src/stm32f1xx_hal_msp.c **** /**
 142:Core/Src/stm32f1xx_hal_msp.c ****   * @brief TIM_Base MSP De-Initialization
 143:Core/Src/stm32f1xx_hal_msp.c ****   * This function freeze the hardware resources used in this example
 144:Core/Src/stm32f1xx_hal_msp.c ****   * @param htim_base: TIM_Base handle pointer
 145:Core/Src/stm32f1xx_hal_msp.c ****   * @retval None
 146:Core/Src/stm32f1xx_hal_msp.c ****   */
ARM GAS  /tmp/ccWRyob0.s 			page 9


 147:Core/Src/stm32f1xx_hal_msp.c **** void HAL_TIM_Base_MspDeInit(TIM_HandleTypeDef* htim_base)
 148:Core/Src/stm32f1xx_hal_msp.c **** {
 290              		.loc 1 148 1 is_stmt 1 view -0
 291              		.cfi_startproc
 292              		@ args = 0, pretend = 0, frame = 0
 293              		@ frame_needed = 0, uses_anonymous_args = 0
 294              		@ link register save eliminated.
 149:Core/Src/stm32f1xx_hal_msp.c ****   if(htim_base->Instance==TIM3)
 295              		.loc 1 149 3 view .LVU69
 296              		.loc 1 149 15 is_stmt 0 view .LVU70
 297 0000 0268     		ldr	r2, [r0]
 298              		.loc 1 149 5 view .LVU71
 299 0002 054B     		ldr	r3, .L23
 300 0004 9A42     		cmp	r2, r3
 301 0006 00D0     		beq	.L22
 302              	.L20:
 150:Core/Src/stm32f1xx_hal_msp.c ****   {
 151:Core/Src/stm32f1xx_hal_msp.c ****     /* USER CODE BEGIN TIM3_MspDeInit 0 */
 152:Core/Src/stm32f1xx_hal_msp.c **** 
 153:Core/Src/stm32f1xx_hal_msp.c ****     /* USER CODE END TIM3_MspDeInit 0 */
 154:Core/Src/stm32f1xx_hal_msp.c ****     /* Peripheral clock disable */
 155:Core/Src/stm32f1xx_hal_msp.c ****     __HAL_RCC_TIM3_CLK_DISABLE();
 156:Core/Src/stm32f1xx_hal_msp.c ****     /* USER CODE BEGIN TIM3_MspDeInit 1 */
 157:Core/Src/stm32f1xx_hal_msp.c **** 
 158:Core/Src/stm32f1xx_hal_msp.c ****     /* USER CODE END TIM3_MspDeInit 1 */
 159:Core/Src/stm32f1xx_hal_msp.c ****   }
 160:Core/Src/stm32f1xx_hal_msp.c **** 
 161:Core/Src/stm32f1xx_hal_msp.c **** }
 303              		.loc 1 161 1 view .LVU72
 304 0008 7047     		bx	lr
 305              	.L22:
 155:Core/Src/stm32f1xx_hal_msp.c ****     /* USER CODE BEGIN TIM3_MspDeInit 1 */
 306              		.loc 1 155 5 is_stmt 1 view .LVU73
 307 000a 044A     		ldr	r2, .L23+4
 308 000c D369     		ldr	r3, [r2, #28]
 309 000e 23F00203 		bic	r3, r3, #2
 310 0012 D361     		str	r3, [r2, #28]
 311              		.loc 1 161 1 is_stmt 0 view .LVU74
 312 0014 F8E7     		b	.L20
 313              	.L24:
 314 0016 00BF     		.align	2
 315              	.L23:
 316 0018 00040040 		.word	1073742848
 317 001c 00100240 		.word	1073876992
 318              		.cfi_endproc
 319              	.LFE68:
 321              		.text
 322              	.Letext0:
 323              		.file 2 "/usr/lib/gcc/arm-none-eabi/14.2.1/include/stdint.h"
 324              		.file 3 "Drivers/CMSIS/Device/ST/STM32F1xx/Include/stm32f103xb.h"
 325              		.file 4 "Drivers/STM32F1xx_HAL_Driver/Inc/stm32f1xx_hal_def.h"
 326              		.file 5 "Drivers/STM32F1xx_HAL_Driver/Inc/stm32f1xx_hal_gpio.h"
 327              		.file 6 "Drivers/STM32F1xx_HAL_Driver/Inc/stm32f1xx_hal_dma.h"
 328              		.file 7 "Drivers/STM32F1xx_HAL_Driver/Inc/stm32f1xx_hal_tim.h"
ARM GAS  /tmp/ccWRyob0.s 			page 10


DEFINED SYMBOLS
                            *ABS*:00000000 stm32f1xx_hal_msp.c
     /tmp/ccWRyob0.s:19     .text.HAL_MspInit:00000000 $t
     /tmp/ccWRyob0.s:25     .text.HAL_MspInit:00000000 HAL_MspInit
     /tmp/ccWRyob0.s:91     .text.HAL_MspInit:0000003c $d
     /tmp/ccWRyob0.s:97     .text.HAL_TIM_Base_MspInit:00000000 $t
     /tmp/ccWRyob0.s:103    .text.HAL_TIM_Base_MspInit:00000000 HAL_TIM_Base_MspInit
     /tmp/ccWRyob0.s:149    .text.HAL_TIM_Base_MspInit:00000028 $d
     /tmp/ccWRyob0.s:154    .text.HAL_TIM_MspPostInit:00000000 $t
     /tmp/ccWRyob0.s:160    .text.HAL_TIM_MspPostInit:00000000 HAL_TIM_MspPostInit
     /tmp/ccWRyob0.s:274    .text.HAL_TIM_MspPostInit:00000068 $d
     /tmp/ccWRyob0.s:281    .text.HAL_TIM_Base_MspDeInit:00000000 $t
     /tmp/ccWRyob0.s:287    .text.HAL_TIM_Base_MspDeInit:00000000 HAL_TIM_Base_MspDeInit
     /tmp/ccWRyob0.s:316    .text.HAL_TIM_Base_MspDeInit:00000018 $d

UNDEFINED SYMBOLS
HAL_GPIO_Init
