ARM GAS  /tmp/cc2NAoHr.s 			page 1


   1              		.cpu cortex-m3
   2              		.arch armv7-m
   3              		.fpu softvfp
   4              		.eabi_attribute 20, 1
   5              		.eabi_attribute 21, 1
   6              		.eabi_attribute 23, 3
   7              		.eabi_attribute 24, 1
   8              		.eabi_attribute 25, 1
   9              		.eabi_attribute 26, 1
  10              		.eabi_attribute 30, 1
  11              		.eabi_attribute 34, 1
  12              		.eabi_attribute 18, 4
  13              		.file	"main.c"
  14              		.text
  15              	.Ltext0:
  16              		.cfi_sections	.debug_frame
  17              		.file 1 "Core/Src/main.c"
  18              		.section	.text.MX_GPIO_Init,"ax",%progbits
  19              		.align	1
  20              		.syntax unified
  21              		.thumb
  22              		.thumb_func
  24              	MX_GPIO_Init:
  25              	.LFB69:
   1:Core/Src/main.c **** /* USER CODE BEGIN Header */
   2:Core/Src/main.c **** /**
   3:Core/Src/main.c ****   ******************************************************************************
   4:Core/Src/main.c ****   * @file           : main.c
   5:Core/Src/main.c ****   * @brief          : Main program body
   6:Core/Src/main.c ****   ******************************************************************************
   7:Core/Src/main.c ****   * @attention
   8:Core/Src/main.c ****   *
   9:Core/Src/main.c ****   * Copyright (c) 2026 STMicroelectronics.
  10:Core/Src/main.c ****   * All rights reserved.
  11:Core/Src/main.c ****   *
  12:Core/Src/main.c ****   * This software is licensed under terms that can be found in the LICENSE file
  13:Core/Src/main.c ****   * in the root directory of this software component.
  14:Core/Src/main.c ****   * If no LICENSE file comes with this software, it is provided AS-IS.
  15:Core/Src/main.c ****   *
  16:Core/Src/main.c ****   ******************************************************************************
  17:Core/Src/main.c ****   */
  18:Core/Src/main.c **** /* USER CODE END Header */
  19:Core/Src/main.c **** /* Includes ------------------------------------------------------------------*/
  20:Core/Src/main.c **** #include "main.h"
  21:Core/Src/main.c **** 
  22:Core/Src/main.c **** /* Private includes ----------------------------------------------------------*/
  23:Core/Src/main.c **** /* USER CODE BEGIN Includes */
  24:Core/Src/main.c **** 
  25:Core/Src/main.c **** /* USER CODE END Includes */
  26:Core/Src/main.c **** 
  27:Core/Src/main.c **** /* Private typedef -----------------------------------------------------------*/
  28:Core/Src/main.c **** /* USER CODE BEGIN PTD */
  29:Core/Src/main.c **** 
  30:Core/Src/main.c **** /* USER CODE END PTD */
  31:Core/Src/main.c **** 
  32:Core/Src/main.c **** /* Private define ------------------------------------------------------------*/
  33:Core/Src/main.c **** /* USER CODE BEGIN PD */
ARM GAS  /tmp/cc2NAoHr.s 			page 2


  34:Core/Src/main.c **** 
  35:Core/Src/main.c **** /* USER CODE END PD */
  36:Core/Src/main.c **** 
  37:Core/Src/main.c **** /* Private macro -------------------------------------------------------------*/
  38:Core/Src/main.c **** /* USER CODE BEGIN PM */
  39:Core/Src/main.c **** 
  40:Core/Src/main.c **** /* USER CODE END PM */
  41:Core/Src/main.c **** 
  42:Core/Src/main.c **** /* Private variables ---------------------------------------------------------*/
  43:Core/Src/main.c **** TIM_HandleTypeDef htim2;
  44:Core/Src/main.c **** 
  45:Core/Src/main.c **** UART_HandleTypeDef huart1;
  46:Core/Src/main.c **** 
  47:Core/Src/main.c **** /* USER CODE BEGIN PV */
  48:Core/Src/main.c **** 
  49:Core/Src/main.c **** /* USER CODE END PV */
  50:Core/Src/main.c **** 
  51:Core/Src/main.c **** /* Private function prototypes -----------------------------------------------*/
  52:Core/Src/main.c **** void SystemClock_Config(void);
  53:Core/Src/main.c **** static void MX_GPIO_Init(void);
  54:Core/Src/main.c **** static void MX_TIM2_Init(void);
  55:Core/Src/main.c **** static void MX_USART1_UART_Init(void);
  56:Core/Src/main.c **** /* USER CODE BEGIN PFP */
  57:Core/Src/main.c **** 
  58:Core/Src/main.c **** /* USER CODE END PFP */
  59:Core/Src/main.c **** 
  60:Core/Src/main.c **** /* Private user code ---------------------------------------------------------*/
  61:Core/Src/main.c **** /* USER CODE BEGIN 0 */
  62:Core/Src/main.c **** 
  63:Core/Src/main.c **** /* USER CODE END 0 */
  64:Core/Src/main.c **** 
  65:Core/Src/main.c **** /**
  66:Core/Src/main.c ****   * @brief  The application entry point.
  67:Core/Src/main.c ****   * @retval int
  68:Core/Src/main.c ****   */
  69:Core/Src/main.c **** int main(void)
  70:Core/Src/main.c **** {
  71:Core/Src/main.c **** 
  72:Core/Src/main.c ****   /* USER CODE BEGIN 1 */
  73:Core/Src/main.c **** 
  74:Core/Src/main.c ****   /* USER CODE END 1 */
  75:Core/Src/main.c **** 
  76:Core/Src/main.c ****   /* MCU Configuration--------------------------------------------------------*/
  77:Core/Src/main.c **** 
  78:Core/Src/main.c ****   /* Reset of all peripherals, Initializes the Flash interface and the Systick. */
  79:Core/Src/main.c ****   HAL_Init();
  80:Core/Src/main.c **** 
  81:Core/Src/main.c ****   /* USER CODE BEGIN Init */
  82:Core/Src/main.c **** 
  83:Core/Src/main.c ****   /* USER CODE END Init */
  84:Core/Src/main.c **** 
  85:Core/Src/main.c ****   /* Configure the system clock */
  86:Core/Src/main.c ****   SystemClock_Config();
  87:Core/Src/main.c **** 
  88:Core/Src/main.c ****   /* USER CODE BEGIN SysInit */
  89:Core/Src/main.c **** 
  90:Core/Src/main.c ****   /* USER CODE END SysInit */
ARM GAS  /tmp/cc2NAoHr.s 			page 3


  91:Core/Src/main.c **** 
  92:Core/Src/main.c ****   /* Initialize all configured peripherals */
  93:Core/Src/main.c ****   MX_GPIO_Init();
  94:Core/Src/main.c ****   MX_TIM2_Init();
  95:Core/Src/main.c ****   MX_USART1_UART_Init();
  96:Core/Src/main.c ****   /* USER CODE BEGIN 2 */
  97:Core/Src/main.c **** 
  98:Core/Src/main.c ****   /* USER CODE END 2 */
  99:Core/Src/main.c **** 
 100:Core/Src/main.c ****   /* Infinite loop */
 101:Core/Src/main.c ****   /* USER CODE BEGIN WHILE */
 102:Core/Src/main.c ****   while (1)
 103:Core/Src/main.c ****   {
 104:Core/Src/main.c ****     /* USER CODE END WHILE */
 105:Core/Src/main.c **** 
 106:Core/Src/main.c ****     /* USER CODE BEGIN 3 */
 107:Core/Src/main.c ****   }
 108:Core/Src/main.c ****   /* USER CODE END 3 */
 109:Core/Src/main.c **** }
 110:Core/Src/main.c **** 
 111:Core/Src/main.c **** /**
 112:Core/Src/main.c ****   * @brief System Clock Configuration
 113:Core/Src/main.c ****   * @retval None
 114:Core/Src/main.c ****   */
 115:Core/Src/main.c **** void SystemClock_Config(void)
 116:Core/Src/main.c **** {
 117:Core/Src/main.c ****   RCC_OscInitTypeDef RCC_OscInitStruct = {0};
 118:Core/Src/main.c ****   RCC_ClkInitTypeDef RCC_ClkInitStruct = {0};
 119:Core/Src/main.c **** 
 120:Core/Src/main.c ****   /** Initializes the RCC Oscillators according to the specified parameters
 121:Core/Src/main.c ****   * in the RCC_OscInitTypeDef structure.
 122:Core/Src/main.c ****   */
 123:Core/Src/main.c ****   RCC_OscInitStruct.OscillatorType = RCC_OSCILLATORTYPE_HSI;
 124:Core/Src/main.c ****   RCC_OscInitStruct.HSIState = RCC_HSI_ON;
 125:Core/Src/main.c ****   RCC_OscInitStruct.HSICalibrationValue = RCC_HSICALIBRATION_DEFAULT;
 126:Core/Src/main.c ****   RCC_OscInitStruct.PLL.PLLState = RCC_PLL_ON;
 127:Core/Src/main.c ****   RCC_OscInitStruct.PLL.PLLSource = RCC_PLLSOURCE_HSI_DIV2;
 128:Core/Src/main.c ****   RCC_OscInitStruct.PLL.PLLMUL = RCC_PLL_MUL16;
 129:Core/Src/main.c ****   if (HAL_RCC_OscConfig(&RCC_OscInitStruct) != HAL_OK)
 130:Core/Src/main.c ****   {
 131:Core/Src/main.c ****     Error_Handler();
 132:Core/Src/main.c ****   }
 133:Core/Src/main.c **** 
 134:Core/Src/main.c ****   /** Initializes the CPU, AHB and APB buses clocks
 135:Core/Src/main.c ****   */
 136:Core/Src/main.c ****   RCC_ClkInitStruct.ClockType = RCC_CLOCKTYPE_HCLK|RCC_CLOCKTYPE_SYSCLK
 137:Core/Src/main.c ****                               |RCC_CLOCKTYPE_PCLK1|RCC_CLOCKTYPE_PCLK2;
 138:Core/Src/main.c ****   RCC_ClkInitStruct.SYSCLKSource = RCC_SYSCLKSOURCE_PLLCLK;
 139:Core/Src/main.c ****   RCC_ClkInitStruct.AHBCLKDivider = RCC_SYSCLK_DIV1;
 140:Core/Src/main.c ****   RCC_ClkInitStruct.APB1CLKDivider = RCC_HCLK_DIV2;
 141:Core/Src/main.c ****   RCC_ClkInitStruct.APB2CLKDivider = RCC_HCLK_DIV1;
 142:Core/Src/main.c **** 
 143:Core/Src/main.c ****   if (HAL_RCC_ClockConfig(&RCC_ClkInitStruct, FLASH_LATENCY_2) != HAL_OK)
 144:Core/Src/main.c ****   {
 145:Core/Src/main.c ****     Error_Handler();
 146:Core/Src/main.c ****   }
 147:Core/Src/main.c **** }
ARM GAS  /tmp/cc2NAoHr.s 			page 4


 148:Core/Src/main.c **** 
 149:Core/Src/main.c **** /**
 150:Core/Src/main.c ****   * @brief TIM2 Initialization Function
 151:Core/Src/main.c ****   * @param None
 152:Core/Src/main.c ****   * @retval None
 153:Core/Src/main.c ****   */
 154:Core/Src/main.c **** static void MX_TIM2_Init(void)
 155:Core/Src/main.c **** {
 156:Core/Src/main.c **** 
 157:Core/Src/main.c ****   /* USER CODE BEGIN TIM2_Init 0 */
 158:Core/Src/main.c **** 
 159:Core/Src/main.c ****   /* USER CODE END TIM2_Init 0 */
 160:Core/Src/main.c **** 
 161:Core/Src/main.c ****   TIM_MasterConfigTypeDef sMasterConfig = {0};
 162:Core/Src/main.c ****   TIM_OC_InitTypeDef sConfigOC = {0};
 163:Core/Src/main.c **** 
 164:Core/Src/main.c ****   /* USER CODE BEGIN TIM2_Init 1 */
 165:Core/Src/main.c **** 
 166:Core/Src/main.c ****   /* USER CODE END TIM2_Init 1 */
 167:Core/Src/main.c ****   htim2.Instance = TIM2;
 168:Core/Src/main.c ****   htim2.Init.Prescaler = 71;
 169:Core/Src/main.c ****   htim2.Init.CounterMode = TIM_COUNTERMODE_UP;
 170:Core/Src/main.c ****   htim2.Init.Period = 999;
 171:Core/Src/main.c ****   htim2.Init.ClockDivision = TIM_CLOCKDIVISION_DIV1;
 172:Core/Src/main.c ****   htim2.Init.AutoReloadPreload = TIM_AUTORELOAD_PRELOAD_DISABLE;
 173:Core/Src/main.c ****   if (HAL_TIM_PWM_Init(&htim2) != HAL_OK)
 174:Core/Src/main.c ****   {
 175:Core/Src/main.c ****     Error_Handler();
 176:Core/Src/main.c ****   }
 177:Core/Src/main.c ****   sMasterConfig.MasterOutputTrigger = TIM_TRGO_RESET;
 178:Core/Src/main.c ****   sMasterConfig.MasterSlaveMode = TIM_MASTERSLAVEMODE_DISABLE;
 179:Core/Src/main.c ****   if (HAL_TIMEx_MasterConfigSynchronization(&htim2, &sMasterConfig) != HAL_OK)
 180:Core/Src/main.c ****   {
 181:Core/Src/main.c ****     Error_Handler();
 182:Core/Src/main.c ****   }
 183:Core/Src/main.c ****   sConfigOC.OCMode = TIM_OCMODE_PWM1;
 184:Core/Src/main.c ****   sConfigOC.Pulse = 0;
 185:Core/Src/main.c ****   sConfigOC.OCPolarity = TIM_OCPOLARITY_HIGH;
 186:Core/Src/main.c ****   sConfigOC.OCFastMode = TIM_OCFAST_DISABLE;
 187:Core/Src/main.c ****   if (HAL_TIM_PWM_ConfigChannel(&htim2, &sConfigOC, TIM_CHANNEL_2) != HAL_OK)
 188:Core/Src/main.c ****   {
 189:Core/Src/main.c ****     Error_Handler();
 190:Core/Src/main.c ****   }
 191:Core/Src/main.c ****   /* USER CODE BEGIN TIM2_Init 2 */
 192:Core/Src/main.c **** 
 193:Core/Src/main.c ****   /* USER CODE END TIM2_Init 2 */
 194:Core/Src/main.c ****   HAL_TIM_MspPostInit(&htim2);
 195:Core/Src/main.c **** 
 196:Core/Src/main.c **** }
 197:Core/Src/main.c **** 
 198:Core/Src/main.c **** /**
 199:Core/Src/main.c ****   * @brief USART1 Initialization Function
 200:Core/Src/main.c ****   * @param None
 201:Core/Src/main.c ****   * @retval None
 202:Core/Src/main.c ****   */
 203:Core/Src/main.c **** static void MX_USART1_UART_Init(void)
 204:Core/Src/main.c **** {
ARM GAS  /tmp/cc2NAoHr.s 			page 5


 205:Core/Src/main.c **** 
 206:Core/Src/main.c ****   /* USER CODE BEGIN USART1_Init 0 */
 207:Core/Src/main.c **** 
 208:Core/Src/main.c ****   /* USER CODE END USART1_Init 0 */
 209:Core/Src/main.c **** 
 210:Core/Src/main.c ****   /* USER CODE BEGIN USART1_Init 1 */
 211:Core/Src/main.c **** 
 212:Core/Src/main.c ****   /* USER CODE END USART1_Init 1 */
 213:Core/Src/main.c ****   huart1.Instance = USART1;
 214:Core/Src/main.c ****   huart1.Init.BaudRate = 115200;
 215:Core/Src/main.c ****   huart1.Init.WordLength = UART_WORDLENGTH_8B;
 216:Core/Src/main.c ****   huart1.Init.StopBits = UART_STOPBITS_1;
 217:Core/Src/main.c ****   huart1.Init.Parity = UART_PARITY_NONE;
 218:Core/Src/main.c ****   huart1.Init.Mode = UART_MODE_TX_RX;
 219:Core/Src/main.c ****   huart1.Init.HwFlowCtl = UART_HWCONTROL_NONE;
 220:Core/Src/main.c ****   huart1.Init.OverSampling = UART_OVERSAMPLING_16;
 221:Core/Src/main.c ****   if (HAL_UART_Init(&huart1) != HAL_OK)
 222:Core/Src/main.c ****   {
 223:Core/Src/main.c ****     Error_Handler();
 224:Core/Src/main.c ****   }
 225:Core/Src/main.c ****   /* USER CODE BEGIN USART1_Init 2 */
 226:Core/Src/main.c **** 
 227:Core/Src/main.c ****   /* USER CODE END USART1_Init 2 */
 228:Core/Src/main.c **** 
 229:Core/Src/main.c **** }
 230:Core/Src/main.c **** 
 231:Core/Src/main.c **** /**
 232:Core/Src/main.c ****   * @brief GPIO Initialization Function
 233:Core/Src/main.c ****   * @param None
 234:Core/Src/main.c ****   * @retval None
 235:Core/Src/main.c ****   */
 236:Core/Src/main.c **** static void MX_GPIO_Init(void)
 237:Core/Src/main.c **** {
  26              		.loc 1 237 1 view -0
  27              		.cfi_startproc
  28              		@ args = 0, pretend = 0, frame = 8
  29              		@ frame_needed = 0, uses_anonymous_args = 0
  30              		@ link register save eliminated.
  31 0000 82B0     		sub	sp, sp, #8
  32              	.LCFI0:
  33              		.cfi_def_cfa_offset 8
 238:Core/Src/main.c ****   /* USER CODE BEGIN MX_GPIO_Init_1 */
 239:Core/Src/main.c **** 
 240:Core/Src/main.c ****   /* USER CODE END MX_GPIO_Init_1 */
 241:Core/Src/main.c **** 
 242:Core/Src/main.c ****   /* GPIO Ports Clock Enable */
 243:Core/Src/main.c ****   __HAL_RCC_GPIOA_CLK_ENABLE();
  34              		.loc 1 243 3 view .LVU1
  35              	.LBB4:
  36              		.loc 1 243 3 view .LVU2
  37              		.loc 1 243 3 view .LVU3
  38 0002 064B     		ldr	r3, .L3
  39 0004 9A69     		ldr	r2, [r3, #24]
  40 0006 42F00402 		orr	r2, r2, #4
  41 000a 9A61     		str	r2, [r3, #24]
  42              		.loc 1 243 3 view .LVU4
  43 000c 9B69     		ldr	r3, [r3, #24]
ARM GAS  /tmp/cc2NAoHr.s 			page 6


  44 000e 03F00403 		and	r3, r3, #4
  45 0012 0193     		str	r3, [sp, #4]
  46              		.loc 1 243 3 view .LVU5
  47 0014 019B     		ldr	r3, [sp, #4]
  48              	.LBE4:
  49              		.loc 1 243 3 view .LVU6
 244:Core/Src/main.c **** 
 245:Core/Src/main.c ****   /* USER CODE BEGIN MX_GPIO_Init_2 */
 246:Core/Src/main.c **** 
 247:Core/Src/main.c ****   /* USER CODE END MX_GPIO_Init_2 */
 248:Core/Src/main.c **** }
  50              		.loc 1 248 1 is_stmt 0 view .LVU7
  51 0016 02B0     		add	sp, sp, #8
  52              	.LCFI1:
  53              		.cfi_def_cfa_offset 0
  54              		@ sp needed
  55 0018 7047     		bx	lr
  56              	.L4:
  57 001a 00BF     		.align	2
  58              	.L3:
  59 001c 00100240 		.word	1073876992
  60              		.cfi_endproc
  61              	.LFE69:
  63              		.section	.text.Error_Handler,"ax",%progbits
  64              		.align	1
  65              		.global	Error_Handler
  66              		.syntax unified
  67              		.thumb
  68              		.thumb_func
  70              	Error_Handler:
  71              	.LFB70:
 249:Core/Src/main.c **** 
 250:Core/Src/main.c **** /* USER CODE BEGIN 4 */
 251:Core/Src/main.c **** 
 252:Core/Src/main.c **** /* USER CODE END 4 */
 253:Core/Src/main.c **** 
 254:Core/Src/main.c **** /**
 255:Core/Src/main.c ****   * @brief  This function is executed in case of error occurrence.
 256:Core/Src/main.c ****   * @retval None
 257:Core/Src/main.c ****   */
 258:Core/Src/main.c **** void Error_Handler(void)
 259:Core/Src/main.c **** {
  72              		.loc 1 259 1 is_stmt 1 view -0
  73              		.cfi_startproc
  74              		@ Volatile: function does not return.
  75              		@ args = 0, pretend = 0, frame = 0
  76              		@ frame_needed = 0, uses_anonymous_args = 0
  77              		@ link register save eliminated.
 260:Core/Src/main.c ****   /* USER CODE BEGIN Error_Handler_Debug */
 261:Core/Src/main.c ****   /* User can add his own implementation to report the HAL error return state */
 262:Core/Src/main.c ****   __disable_irq();
  78              		.loc 1 262 3 view .LVU9
  79              	.LBB5:
  80              	.LBI5:
  81              		.file 2 "Drivers/CMSIS/Include/cmsis_gcc.h"
   1:Drivers/CMSIS/Include/cmsis_gcc.h **** /**************************************************************************//**
   2:Drivers/CMSIS/Include/cmsis_gcc.h ****  * @file     cmsis_gcc.h
ARM GAS  /tmp/cc2NAoHr.s 			page 7


   3:Drivers/CMSIS/Include/cmsis_gcc.h ****  * @brief    CMSIS compiler GCC header file
   4:Drivers/CMSIS/Include/cmsis_gcc.h ****  * @version  V5.0.4
   5:Drivers/CMSIS/Include/cmsis_gcc.h ****  * @date     09. April 2018
   6:Drivers/CMSIS/Include/cmsis_gcc.h ****  ******************************************************************************/
   7:Drivers/CMSIS/Include/cmsis_gcc.h **** /*
   8:Drivers/CMSIS/Include/cmsis_gcc.h ****  * Copyright (c) 2009-2018 Arm Limited. All rights reserved.
   9:Drivers/CMSIS/Include/cmsis_gcc.h ****  *
  10:Drivers/CMSIS/Include/cmsis_gcc.h ****  * SPDX-License-Identifier: Apache-2.0
  11:Drivers/CMSIS/Include/cmsis_gcc.h ****  *
  12:Drivers/CMSIS/Include/cmsis_gcc.h ****  * Licensed under the Apache License, Version 2.0 (the License); you may
  13:Drivers/CMSIS/Include/cmsis_gcc.h ****  * not use this file except in compliance with the License.
  14:Drivers/CMSIS/Include/cmsis_gcc.h ****  * You may obtain a copy of the License at
  15:Drivers/CMSIS/Include/cmsis_gcc.h ****  *
  16:Drivers/CMSIS/Include/cmsis_gcc.h ****  * www.apache.org/licenses/LICENSE-2.0
  17:Drivers/CMSIS/Include/cmsis_gcc.h ****  *
  18:Drivers/CMSIS/Include/cmsis_gcc.h ****  * Unless required by applicable law or agreed to in writing, software
  19:Drivers/CMSIS/Include/cmsis_gcc.h ****  * distributed under the License is distributed on an AS IS BASIS, WITHOUT
  20:Drivers/CMSIS/Include/cmsis_gcc.h ****  * WARRANTIES OR CONDITIONS OF ANY KIND, either express or implied.
  21:Drivers/CMSIS/Include/cmsis_gcc.h ****  * See the License for the specific language governing permissions and
  22:Drivers/CMSIS/Include/cmsis_gcc.h ****  * limitations under the License.
  23:Drivers/CMSIS/Include/cmsis_gcc.h ****  */
  24:Drivers/CMSIS/Include/cmsis_gcc.h **** 
  25:Drivers/CMSIS/Include/cmsis_gcc.h **** #ifndef __CMSIS_GCC_H
  26:Drivers/CMSIS/Include/cmsis_gcc.h **** #define __CMSIS_GCC_H
  27:Drivers/CMSIS/Include/cmsis_gcc.h **** 
  28:Drivers/CMSIS/Include/cmsis_gcc.h **** /* ignore some GCC warnings */
  29:Drivers/CMSIS/Include/cmsis_gcc.h **** #pragma GCC diagnostic push
  30:Drivers/CMSIS/Include/cmsis_gcc.h **** #pragma GCC diagnostic ignored "-Wsign-conversion"
  31:Drivers/CMSIS/Include/cmsis_gcc.h **** #pragma GCC diagnostic ignored "-Wconversion"
  32:Drivers/CMSIS/Include/cmsis_gcc.h **** #pragma GCC diagnostic ignored "-Wunused-parameter"
  33:Drivers/CMSIS/Include/cmsis_gcc.h **** 
  34:Drivers/CMSIS/Include/cmsis_gcc.h **** /* Fallback for __has_builtin */
  35:Drivers/CMSIS/Include/cmsis_gcc.h **** #ifndef __has_builtin
  36:Drivers/CMSIS/Include/cmsis_gcc.h ****   #define __has_builtin(x) (0)
  37:Drivers/CMSIS/Include/cmsis_gcc.h **** #endif
  38:Drivers/CMSIS/Include/cmsis_gcc.h **** 
  39:Drivers/CMSIS/Include/cmsis_gcc.h **** /* CMSIS compiler specific defines */
  40:Drivers/CMSIS/Include/cmsis_gcc.h **** #ifndef   __ASM
  41:Drivers/CMSIS/Include/cmsis_gcc.h ****   #define __ASM                                  __asm
  42:Drivers/CMSIS/Include/cmsis_gcc.h **** #endif
  43:Drivers/CMSIS/Include/cmsis_gcc.h **** #ifndef   __INLINE
  44:Drivers/CMSIS/Include/cmsis_gcc.h ****   #define __INLINE                               inline
  45:Drivers/CMSIS/Include/cmsis_gcc.h **** #endif
  46:Drivers/CMSIS/Include/cmsis_gcc.h **** #ifndef   __STATIC_INLINE
  47:Drivers/CMSIS/Include/cmsis_gcc.h ****   #define __STATIC_INLINE                        static inline
  48:Drivers/CMSIS/Include/cmsis_gcc.h **** #endif
  49:Drivers/CMSIS/Include/cmsis_gcc.h **** #ifndef   __STATIC_FORCEINLINE                 
  50:Drivers/CMSIS/Include/cmsis_gcc.h ****   #define __STATIC_FORCEINLINE                   __attribute__((always_inline)) static inline
  51:Drivers/CMSIS/Include/cmsis_gcc.h **** #endif                                           
  52:Drivers/CMSIS/Include/cmsis_gcc.h **** #ifndef   __NO_RETURN
  53:Drivers/CMSIS/Include/cmsis_gcc.h ****   #define __NO_RETURN                            __attribute__((__noreturn__))
  54:Drivers/CMSIS/Include/cmsis_gcc.h **** #endif
  55:Drivers/CMSIS/Include/cmsis_gcc.h **** #ifndef   __USED
  56:Drivers/CMSIS/Include/cmsis_gcc.h ****   #define __USED                                 __attribute__((used))
  57:Drivers/CMSIS/Include/cmsis_gcc.h **** #endif
  58:Drivers/CMSIS/Include/cmsis_gcc.h **** #ifndef   __WEAK
  59:Drivers/CMSIS/Include/cmsis_gcc.h ****   #define __WEAK                                 __attribute__((weak))
ARM GAS  /tmp/cc2NAoHr.s 			page 8


  60:Drivers/CMSIS/Include/cmsis_gcc.h **** #endif
  61:Drivers/CMSIS/Include/cmsis_gcc.h **** #ifndef   __PACKED
  62:Drivers/CMSIS/Include/cmsis_gcc.h ****   #define __PACKED                               __attribute__((packed, aligned(1)))
  63:Drivers/CMSIS/Include/cmsis_gcc.h **** #endif
  64:Drivers/CMSIS/Include/cmsis_gcc.h **** #ifndef   __PACKED_STRUCT
  65:Drivers/CMSIS/Include/cmsis_gcc.h ****   #define __PACKED_STRUCT                        struct __attribute__((packed, aligned(1)))
  66:Drivers/CMSIS/Include/cmsis_gcc.h **** #endif
  67:Drivers/CMSIS/Include/cmsis_gcc.h **** #ifndef   __PACKED_UNION
  68:Drivers/CMSIS/Include/cmsis_gcc.h ****   #define __PACKED_UNION                         union __attribute__((packed, aligned(1)))
  69:Drivers/CMSIS/Include/cmsis_gcc.h **** #endif
  70:Drivers/CMSIS/Include/cmsis_gcc.h **** #ifndef   __UNALIGNED_UINT32        /* deprecated */
  71:Drivers/CMSIS/Include/cmsis_gcc.h ****   #pragma GCC diagnostic push
  72:Drivers/CMSIS/Include/cmsis_gcc.h ****   #pragma GCC diagnostic ignored "-Wpacked"
  73:Drivers/CMSIS/Include/cmsis_gcc.h ****   #pragma GCC diagnostic ignored "-Wattributes"
  74:Drivers/CMSIS/Include/cmsis_gcc.h ****   struct __attribute__((packed)) T_UINT32 { uint32_t v; };
  75:Drivers/CMSIS/Include/cmsis_gcc.h ****   #pragma GCC diagnostic pop
  76:Drivers/CMSIS/Include/cmsis_gcc.h ****   #define __UNALIGNED_UINT32(x)                  (((struct T_UINT32 *)(x))->v)
  77:Drivers/CMSIS/Include/cmsis_gcc.h **** #endif
  78:Drivers/CMSIS/Include/cmsis_gcc.h **** #ifndef   __UNALIGNED_UINT16_WRITE
  79:Drivers/CMSIS/Include/cmsis_gcc.h ****   #pragma GCC diagnostic push
  80:Drivers/CMSIS/Include/cmsis_gcc.h ****   #pragma GCC diagnostic ignored "-Wpacked"
  81:Drivers/CMSIS/Include/cmsis_gcc.h ****   #pragma GCC diagnostic ignored "-Wattributes"
  82:Drivers/CMSIS/Include/cmsis_gcc.h ****   __PACKED_STRUCT T_UINT16_WRITE { uint16_t v; };
  83:Drivers/CMSIS/Include/cmsis_gcc.h ****   #pragma GCC diagnostic pop
  84:Drivers/CMSIS/Include/cmsis_gcc.h ****   #define __UNALIGNED_UINT16_WRITE(addr, val)    (void)((((struct T_UINT16_WRITE *)(void *)(addr))-
  85:Drivers/CMSIS/Include/cmsis_gcc.h **** #endif
  86:Drivers/CMSIS/Include/cmsis_gcc.h **** #ifndef   __UNALIGNED_UINT16_READ
  87:Drivers/CMSIS/Include/cmsis_gcc.h ****   #pragma GCC diagnostic push
  88:Drivers/CMSIS/Include/cmsis_gcc.h ****   #pragma GCC diagnostic ignored "-Wpacked"
  89:Drivers/CMSIS/Include/cmsis_gcc.h ****   #pragma GCC diagnostic ignored "-Wattributes"
  90:Drivers/CMSIS/Include/cmsis_gcc.h ****   __PACKED_STRUCT T_UINT16_READ { uint16_t v; };
  91:Drivers/CMSIS/Include/cmsis_gcc.h ****   #pragma GCC diagnostic pop
  92:Drivers/CMSIS/Include/cmsis_gcc.h ****   #define __UNALIGNED_UINT16_READ(addr)          (((const struct T_UINT16_READ *)(const void *)(add
  93:Drivers/CMSIS/Include/cmsis_gcc.h **** #endif
  94:Drivers/CMSIS/Include/cmsis_gcc.h **** #ifndef   __UNALIGNED_UINT32_WRITE
  95:Drivers/CMSIS/Include/cmsis_gcc.h ****   #pragma GCC diagnostic push
  96:Drivers/CMSIS/Include/cmsis_gcc.h ****   #pragma GCC diagnostic ignored "-Wpacked"
  97:Drivers/CMSIS/Include/cmsis_gcc.h ****   #pragma GCC diagnostic ignored "-Wattributes"
  98:Drivers/CMSIS/Include/cmsis_gcc.h ****   __PACKED_STRUCT T_UINT32_WRITE { uint32_t v; };
  99:Drivers/CMSIS/Include/cmsis_gcc.h ****   #pragma GCC diagnostic pop
 100:Drivers/CMSIS/Include/cmsis_gcc.h ****   #define __UNALIGNED_UINT32_WRITE(addr, val)    (void)((((struct T_UINT32_WRITE *)(void *)(addr))-
 101:Drivers/CMSIS/Include/cmsis_gcc.h **** #endif
 102:Drivers/CMSIS/Include/cmsis_gcc.h **** #ifndef   __UNALIGNED_UINT32_READ
 103:Drivers/CMSIS/Include/cmsis_gcc.h ****   #pragma GCC diagnostic push
 104:Drivers/CMSIS/Include/cmsis_gcc.h ****   #pragma GCC diagnostic ignored "-Wpacked"
 105:Drivers/CMSIS/Include/cmsis_gcc.h ****   #pragma GCC diagnostic ignored "-Wattributes"
 106:Drivers/CMSIS/Include/cmsis_gcc.h ****   __PACKED_STRUCT T_UINT32_READ { uint32_t v; };
 107:Drivers/CMSIS/Include/cmsis_gcc.h ****   #pragma GCC diagnostic pop
 108:Drivers/CMSIS/Include/cmsis_gcc.h ****   #define __UNALIGNED_UINT32_READ(addr)          (((const struct T_UINT32_READ *)(const void *)(add
 109:Drivers/CMSIS/Include/cmsis_gcc.h **** #endif
 110:Drivers/CMSIS/Include/cmsis_gcc.h **** #ifndef   __ALIGNED
 111:Drivers/CMSIS/Include/cmsis_gcc.h ****   #define __ALIGNED(x)                           __attribute__((aligned(x)))
 112:Drivers/CMSIS/Include/cmsis_gcc.h **** #endif
 113:Drivers/CMSIS/Include/cmsis_gcc.h **** #ifndef   __RESTRICT
 114:Drivers/CMSIS/Include/cmsis_gcc.h ****   #define __RESTRICT                             __restrict
 115:Drivers/CMSIS/Include/cmsis_gcc.h **** #endif
 116:Drivers/CMSIS/Include/cmsis_gcc.h **** 
ARM GAS  /tmp/cc2NAoHr.s 			page 9


 117:Drivers/CMSIS/Include/cmsis_gcc.h **** 
 118:Drivers/CMSIS/Include/cmsis_gcc.h **** /* ###########################  Core Function Access  ########################### */
 119:Drivers/CMSIS/Include/cmsis_gcc.h **** /** \ingroup  CMSIS_Core_FunctionInterface
 120:Drivers/CMSIS/Include/cmsis_gcc.h ****     \defgroup CMSIS_Core_RegAccFunctions CMSIS Core Register Access Functions
 121:Drivers/CMSIS/Include/cmsis_gcc.h ****   @{
 122:Drivers/CMSIS/Include/cmsis_gcc.h ****  */
 123:Drivers/CMSIS/Include/cmsis_gcc.h **** 
 124:Drivers/CMSIS/Include/cmsis_gcc.h **** /**
 125:Drivers/CMSIS/Include/cmsis_gcc.h ****   \brief   Enable IRQ Interrupts
 126:Drivers/CMSIS/Include/cmsis_gcc.h ****   \details Enables IRQ interrupts by clearing the I-bit in the CPSR.
 127:Drivers/CMSIS/Include/cmsis_gcc.h ****            Can only be executed in Privileged modes.
 128:Drivers/CMSIS/Include/cmsis_gcc.h ****  */
 129:Drivers/CMSIS/Include/cmsis_gcc.h **** __STATIC_FORCEINLINE void __enable_irq(void)
 130:Drivers/CMSIS/Include/cmsis_gcc.h **** {
 131:Drivers/CMSIS/Include/cmsis_gcc.h ****   __ASM volatile ("cpsie i" : : : "memory");
 132:Drivers/CMSIS/Include/cmsis_gcc.h **** }
 133:Drivers/CMSIS/Include/cmsis_gcc.h **** 
 134:Drivers/CMSIS/Include/cmsis_gcc.h **** 
 135:Drivers/CMSIS/Include/cmsis_gcc.h **** /**
 136:Drivers/CMSIS/Include/cmsis_gcc.h ****   \brief   Disable IRQ Interrupts
 137:Drivers/CMSIS/Include/cmsis_gcc.h ****   \details Disables IRQ interrupts by setting the I-bit in the CPSR.
 138:Drivers/CMSIS/Include/cmsis_gcc.h ****            Can only be executed in Privileged modes.
 139:Drivers/CMSIS/Include/cmsis_gcc.h ****  */
 140:Drivers/CMSIS/Include/cmsis_gcc.h **** __STATIC_FORCEINLINE void __disable_irq(void)
  82              		.loc 2 140 27 view .LVU10
  83              	.LBB6:
 141:Drivers/CMSIS/Include/cmsis_gcc.h **** {
 142:Drivers/CMSIS/Include/cmsis_gcc.h ****   __ASM volatile ("cpsid i" : : : "memory");
  84              		.loc 2 142 3 view .LVU11
  85              		.syntax unified
  86              	@ 142 "Drivers/CMSIS/Include/cmsis_gcc.h" 1
  87 0000 72B6     		cpsid i
  88              	@ 0 "" 2
  89              		.thumb
  90              		.syntax unified
  91              	.L6:
  92              	.LBE6:
  93              	.LBE5:
 263:Core/Src/main.c ****   while (1)
  94              		.loc 1 263 3 view .LVU12
 264:Core/Src/main.c ****   {
 265:Core/Src/main.c ****   }
  95              		.loc 1 265 3 view .LVU13
 263:Core/Src/main.c ****   while (1)
  96              		.loc 1 263 9 view .LVU14
  97 0002 FEE7     		b	.L6
  98              		.cfi_endproc
  99              	.LFE70:
 101              		.section	.text.MX_TIM2_Init,"ax",%progbits
 102              		.align	1
 103              		.syntax unified
 104              		.thumb
 105              		.thumb_func
 107              	MX_TIM2_Init:
 108              	.LFB67:
 155:Core/Src/main.c **** 
 109              		.loc 1 155 1 view -0
ARM GAS  /tmp/cc2NAoHr.s 			page 10


 110              		.cfi_startproc
 111              		@ args = 0, pretend = 0, frame = 40
 112              		@ frame_needed = 0, uses_anonymous_args = 0
 113 0000 00B5     		push	{lr}
 114              	.LCFI2:
 115              		.cfi_def_cfa_offset 4
 116              		.cfi_offset 14, -4
 117 0002 8BB0     		sub	sp, sp, #44
 118              	.LCFI3:
 119              		.cfi_def_cfa_offset 48
 161:Core/Src/main.c ****   TIM_OC_InitTypeDef sConfigOC = {0};
 120              		.loc 1 161 3 view .LVU16
 161:Core/Src/main.c ****   TIM_OC_InitTypeDef sConfigOC = {0};
 121              		.loc 1 161 27 is_stmt 0 view .LVU17
 122 0004 0023     		movs	r3, #0
 123 0006 0893     		str	r3, [sp, #32]
 124 0008 0993     		str	r3, [sp, #36]
 162:Core/Src/main.c **** 
 125              		.loc 1 162 3 is_stmt 1 view .LVU18
 162:Core/Src/main.c **** 
 126              		.loc 1 162 22 is_stmt 0 view .LVU19
 127 000a 0193     		str	r3, [sp, #4]
 128 000c 0293     		str	r3, [sp, #8]
 129 000e 0393     		str	r3, [sp, #12]
 130 0010 0493     		str	r3, [sp, #16]
 131 0012 0593     		str	r3, [sp, #20]
 132 0014 0693     		str	r3, [sp, #24]
 133 0016 0793     		str	r3, [sp, #28]
 167:Core/Src/main.c ****   htim2.Init.Prescaler = 71;
 134              		.loc 1 167 3 is_stmt 1 view .LVU20
 167:Core/Src/main.c ****   htim2.Init.Prescaler = 71;
 135              		.loc 1 167 18 is_stmt 0 view .LVU21
 136 0018 1748     		ldr	r0, .L15
 137 001a 4FF08042 		mov	r2, #1073741824
 138 001e 0260     		str	r2, [r0]
 168:Core/Src/main.c ****   htim2.Init.CounterMode = TIM_COUNTERMODE_UP;
 139              		.loc 1 168 3 is_stmt 1 view .LVU22
 168:Core/Src/main.c ****   htim2.Init.CounterMode = TIM_COUNTERMODE_UP;
 140              		.loc 1 168 24 is_stmt 0 view .LVU23
 141 0020 4722     		movs	r2, #71
 142 0022 4260     		str	r2, [r0, #4]
 169:Core/Src/main.c ****   htim2.Init.Period = 999;
 143              		.loc 1 169 3 is_stmt 1 view .LVU24
 169:Core/Src/main.c ****   htim2.Init.Period = 999;
 144              		.loc 1 169 26 is_stmt 0 view .LVU25
 145 0024 8360     		str	r3, [r0, #8]
 170:Core/Src/main.c ****   htim2.Init.ClockDivision = TIM_CLOCKDIVISION_DIV1;
 146              		.loc 1 170 3 is_stmt 1 view .LVU26
 170:Core/Src/main.c ****   htim2.Init.ClockDivision = TIM_CLOCKDIVISION_DIV1;
 147              		.loc 1 170 21 is_stmt 0 view .LVU27
 148 0026 40F2E732 		movw	r2, #999
 149 002a C260     		str	r2, [r0, #12]
 171:Core/Src/main.c ****   htim2.Init.AutoReloadPreload = TIM_AUTORELOAD_PRELOAD_DISABLE;
 150              		.loc 1 171 3 is_stmt 1 view .LVU28
 171:Core/Src/main.c ****   htim2.Init.AutoReloadPreload = TIM_AUTORELOAD_PRELOAD_DISABLE;
 151              		.loc 1 171 28 is_stmt 0 view .LVU29
 152 002c 0361     		str	r3, [r0, #16]
ARM GAS  /tmp/cc2NAoHr.s 			page 11


 172:Core/Src/main.c ****   if (HAL_TIM_PWM_Init(&htim2) != HAL_OK)
 153              		.loc 1 172 3 is_stmt 1 view .LVU30
 172:Core/Src/main.c ****   if (HAL_TIM_PWM_Init(&htim2) != HAL_OK)
 154              		.loc 1 172 32 is_stmt 0 view .LVU31
 155 002e 8361     		str	r3, [r0, #24]
 173:Core/Src/main.c ****   {
 156              		.loc 1 173 3 is_stmt 1 view .LVU32
 173:Core/Src/main.c ****   {
 157              		.loc 1 173 7 is_stmt 0 view .LVU33
 158 0030 FFF7FEFF 		bl	HAL_TIM_PWM_Init
 159              	.LVL0:
 173:Core/Src/main.c ****   {
 160              		.loc 1 173 6 discriminator 1 view .LVU34
 161 0034 D0B9     		cbnz	r0, .L12
 177:Core/Src/main.c ****   sMasterConfig.MasterSlaveMode = TIM_MASTERSLAVEMODE_DISABLE;
 162              		.loc 1 177 3 is_stmt 1 view .LVU35
 177:Core/Src/main.c ****   sMasterConfig.MasterSlaveMode = TIM_MASTERSLAVEMODE_DISABLE;
 163              		.loc 1 177 37 is_stmt 0 view .LVU36
 164 0036 0023     		movs	r3, #0
 165 0038 0893     		str	r3, [sp, #32]
 178:Core/Src/main.c ****   if (HAL_TIMEx_MasterConfigSynchronization(&htim2, &sMasterConfig) != HAL_OK)
 166              		.loc 1 178 3 is_stmt 1 view .LVU37
 178:Core/Src/main.c ****   if (HAL_TIMEx_MasterConfigSynchronization(&htim2, &sMasterConfig) != HAL_OK)
 167              		.loc 1 178 33 is_stmt 0 view .LVU38
 168 003a 0993     		str	r3, [sp, #36]
 179:Core/Src/main.c ****   {
 169              		.loc 1 179 3 is_stmt 1 view .LVU39
 179:Core/Src/main.c ****   {
 170              		.loc 1 179 7 is_stmt 0 view .LVU40
 171 003c 08A9     		add	r1, sp, #32
 172 003e 0E48     		ldr	r0, .L15
 173 0040 FFF7FEFF 		bl	HAL_TIMEx_MasterConfigSynchronization
 174              	.LVL1:
 179:Core/Src/main.c ****   {
 175              		.loc 1 179 6 discriminator 1 view .LVU41
 176 0044 A0B9     		cbnz	r0, .L13
 183:Core/Src/main.c ****   sConfigOC.Pulse = 0;
 177              		.loc 1 183 3 is_stmt 1 view .LVU42
 183:Core/Src/main.c ****   sConfigOC.Pulse = 0;
 178              		.loc 1 183 20 is_stmt 0 view .LVU43
 179 0046 6023     		movs	r3, #96
 180 0048 0193     		str	r3, [sp, #4]
 184:Core/Src/main.c ****   sConfigOC.OCPolarity = TIM_OCPOLARITY_HIGH;
 181              		.loc 1 184 3 is_stmt 1 view .LVU44
 184:Core/Src/main.c ****   sConfigOC.OCPolarity = TIM_OCPOLARITY_HIGH;
 182              		.loc 1 184 19 is_stmt 0 view .LVU45
 183 004a 0023     		movs	r3, #0
 184 004c 0293     		str	r3, [sp, #8]
 185:Core/Src/main.c ****   sConfigOC.OCFastMode = TIM_OCFAST_DISABLE;
 185              		.loc 1 185 3 is_stmt 1 view .LVU46
 185:Core/Src/main.c ****   sConfigOC.OCFastMode = TIM_OCFAST_DISABLE;
 186              		.loc 1 185 24 is_stmt 0 view .LVU47
 187 004e 0393     		str	r3, [sp, #12]
 186:Core/Src/main.c ****   if (HAL_TIM_PWM_ConfigChannel(&htim2, &sConfigOC, TIM_CHANNEL_2) != HAL_OK)
 188              		.loc 1 186 3 is_stmt 1 view .LVU48
 186:Core/Src/main.c ****   if (HAL_TIM_PWM_ConfigChannel(&htim2, &sConfigOC, TIM_CHANNEL_2) != HAL_OK)
 189              		.loc 1 186 24 is_stmt 0 view .LVU49
ARM GAS  /tmp/cc2NAoHr.s 			page 12


 190 0050 0593     		str	r3, [sp, #20]
 187:Core/Src/main.c ****   {
 191              		.loc 1 187 3 is_stmt 1 view .LVU50
 187:Core/Src/main.c ****   {
 192              		.loc 1 187 7 is_stmt 0 view .LVU51
 193 0052 0422     		movs	r2, #4
 194 0054 0DEB0201 		add	r1, sp, r2
 195 0058 0748     		ldr	r0, .L15
 196 005a FFF7FEFF 		bl	HAL_TIM_PWM_ConfigChannel
 197              	.LVL2:
 187:Core/Src/main.c ****   {
 198              		.loc 1 187 6 discriminator 1 view .LVU52
 199 005e 48B9     		cbnz	r0, .L14
 194:Core/Src/main.c **** 
 200              		.loc 1 194 3 is_stmt 1 view .LVU53
 201 0060 0548     		ldr	r0, .L15
 202 0062 FFF7FEFF 		bl	HAL_TIM_MspPostInit
 203              	.LVL3:
 196:Core/Src/main.c **** 
 204              		.loc 1 196 1 is_stmt 0 view .LVU54
 205 0066 0BB0     		add	sp, sp, #44
 206              	.LCFI4:
 207              		.cfi_remember_state
 208              		.cfi_def_cfa_offset 4
 209              		@ sp needed
 210 0068 5DF804FB 		ldr	pc, [sp], #4
 211              	.L12:
 212              	.LCFI5:
 213              		.cfi_restore_state
 175:Core/Src/main.c ****   }
 214              		.loc 1 175 5 is_stmt 1 view .LVU55
 215 006c FFF7FEFF 		bl	Error_Handler
 216              	.LVL4:
 217              	.L13:
 181:Core/Src/main.c ****   }
 218              		.loc 1 181 5 view .LVU56
 219 0070 FFF7FEFF 		bl	Error_Handler
 220              	.LVL5:
 221              	.L14:
 189:Core/Src/main.c ****   }
 222              		.loc 1 189 5 view .LVU57
 223 0074 FFF7FEFF 		bl	Error_Handler
 224              	.LVL6:
 225              	.L16:
 226              		.align	2
 227              	.L15:
 228 0078 00000000 		.word	htim2
 229              		.cfi_endproc
 230              	.LFE67:
 232              		.section	.text.MX_USART1_UART_Init,"ax",%progbits
 233              		.align	1
 234              		.syntax unified
 235              		.thumb
 236              		.thumb_func
 238              	MX_USART1_UART_Init:
 239              	.LFB68:
 204:Core/Src/main.c **** 
ARM GAS  /tmp/cc2NAoHr.s 			page 13


 240              		.loc 1 204 1 view -0
 241              		.cfi_startproc
 242              		@ args = 0, pretend = 0, frame = 0
 243              		@ frame_needed = 0, uses_anonymous_args = 0
 244 0000 08B5     		push	{r3, lr}
 245              	.LCFI6:
 246              		.cfi_def_cfa_offset 8
 247              		.cfi_offset 3, -8
 248              		.cfi_offset 14, -4
 213:Core/Src/main.c ****   huart1.Init.BaudRate = 115200;
 249              		.loc 1 213 3 view .LVU59
 213:Core/Src/main.c ****   huart1.Init.BaudRate = 115200;
 250              		.loc 1 213 19 is_stmt 0 view .LVU60
 251 0002 0A48     		ldr	r0, .L21
 252 0004 0A4B     		ldr	r3, .L21+4
 253 0006 0360     		str	r3, [r0]
 214:Core/Src/main.c ****   huart1.Init.WordLength = UART_WORDLENGTH_8B;
 254              		.loc 1 214 3 is_stmt 1 view .LVU61
 214:Core/Src/main.c ****   huart1.Init.WordLength = UART_WORDLENGTH_8B;
 255              		.loc 1 214 24 is_stmt 0 view .LVU62
 256 0008 4FF4E133 		mov	r3, #115200
 257 000c 4360     		str	r3, [r0, #4]
 215:Core/Src/main.c ****   huart1.Init.StopBits = UART_STOPBITS_1;
 258              		.loc 1 215 3 is_stmt 1 view .LVU63
 215:Core/Src/main.c ****   huart1.Init.StopBits = UART_STOPBITS_1;
 259              		.loc 1 215 26 is_stmt 0 view .LVU64
 260 000e 0023     		movs	r3, #0
 261 0010 8360     		str	r3, [r0, #8]
 216:Core/Src/main.c ****   huart1.Init.Parity = UART_PARITY_NONE;
 262              		.loc 1 216 3 is_stmt 1 view .LVU65
 216:Core/Src/main.c ****   huart1.Init.Parity = UART_PARITY_NONE;
 263              		.loc 1 216 24 is_stmt 0 view .LVU66
 264 0012 C360     		str	r3, [r0, #12]
 217:Core/Src/main.c ****   huart1.Init.Mode = UART_MODE_TX_RX;
 265              		.loc 1 217 3 is_stmt 1 view .LVU67
 217:Core/Src/main.c ****   huart1.Init.Mode = UART_MODE_TX_RX;
 266              		.loc 1 217 22 is_stmt 0 view .LVU68
 267 0014 0361     		str	r3, [r0, #16]
 218:Core/Src/main.c ****   huart1.Init.HwFlowCtl = UART_HWCONTROL_NONE;
 268              		.loc 1 218 3 is_stmt 1 view .LVU69
 218:Core/Src/main.c ****   huart1.Init.HwFlowCtl = UART_HWCONTROL_NONE;
 269              		.loc 1 218 20 is_stmt 0 view .LVU70
 270 0016 0C22     		movs	r2, #12
 271 0018 4261     		str	r2, [r0, #20]
 219:Core/Src/main.c ****   huart1.Init.OverSampling = UART_OVERSAMPLING_16;
 272              		.loc 1 219 3 is_stmt 1 view .LVU71
 219:Core/Src/main.c ****   huart1.Init.OverSampling = UART_OVERSAMPLING_16;
 273              		.loc 1 219 25 is_stmt 0 view .LVU72
 274 001a 8361     		str	r3, [r0, #24]
 220:Core/Src/main.c ****   if (HAL_UART_Init(&huart1) != HAL_OK)
 275              		.loc 1 220 3 is_stmt 1 view .LVU73
 220:Core/Src/main.c ****   if (HAL_UART_Init(&huart1) != HAL_OK)
 276              		.loc 1 220 28 is_stmt 0 view .LVU74
 277 001c C361     		str	r3, [r0, #28]
 221:Core/Src/main.c ****   {
 278              		.loc 1 221 3 is_stmt 1 view .LVU75
 221:Core/Src/main.c ****   {
ARM GAS  /tmp/cc2NAoHr.s 			page 14


 279              		.loc 1 221 7 is_stmt 0 view .LVU76
 280 001e FFF7FEFF 		bl	HAL_UART_Init
 281              	.LVL7:
 221:Core/Src/main.c ****   {
 282              		.loc 1 221 6 discriminator 1 view .LVU77
 283 0022 00B9     		cbnz	r0, .L20
 229:Core/Src/main.c **** 
 284              		.loc 1 229 1 view .LVU78
 285 0024 08BD     		pop	{r3, pc}
 286              	.L20:
 223:Core/Src/main.c ****   }
 287              		.loc 1 223 5 is_stmt 1 view .LVU79
 288 0026 FFF7FEFF 		bl	Error_Handler
 289              	.LVL8:
 290              	.L22:
 291 002a 00BF     		.align	2
 292              	.L21:
 293 002c 00000000 		.word	huart1
 294 0030 00380140 		.word	1073821696
 295              		.cfi_endproc
 296              	.LFE68:
 298              		.section	.text.SystemClock_Config,"ax",%progbits
 299              		.align	1
 300              		.global	SystemClock_Config
 301              		.syntax unified
 302              		.thumb
 303              		.thumb_func
 305              	SystemClock_Config:
 306              	.LFB66:
 116:Core/Src/main.c ****   RCC_OscInitTypeDef RCC_OscInitStruct = {0};
 307              		.loc 1 116 1 view -0
 308              		.cfi_startproc
 309              		@ args = 0, pretend = 0, frame = 64
 310              		@ frame_needed = 0, uses_anonymous_args = 0
 311 0000 10B5     		push	{r4, lr}
 312              	.LCFI7:
 313              		.cfi_def_cfa_offset 8
 314              		.cfi_offset 4, -8
 315              		.cfi_offset 14, -4
 316 0002 90B0     		sub	sp, sp, #64
 317              	.LCFI8:
 318              		.cfi_def_cfa_offset 72
 117:Core/Src/main.c ****   RCC_ClkInitTypeDef RCC_ClkInitStruct = {0};
 319              		.loc 1 117 3 view .LVU81
 117:Core/Src/main.c ****   RCC_ClkInitTypeDef RCC_ClkInitStruct = {0};
 320              		.loc 1 117 22 is_stmt 0 view .LVU82
 321 0004 06AC     		add	r4, sp, #24
 322 0006 2822     		movs	r2, #40
 323 0008 0021     		movs	r1, #0
 324 000a 2046     		mov	r0, r4
 325 000c FFF7FEFF 		bl	memset
 326              	.LVL9:
 118:Core/Src/main.c **** 
 327              		.loc 1 118 3 is_stmt 1 view .LVU83
 118:Core/Src/main.c **** 
 328              		.loc 1 118 22 is_stmt 0 view .LVU84
 329 0010 0023     		movs	r3, #0
ARM GAS  /tmp/cc2NAoHr.s 			page 15


 330 0012 0193     		str	r3, [sp, #4]
 331 0014 0293     		str	r3, [sp, #8]
 332 0016 0393     		str	r3, [sp, #12]
 333 0018 0493     		str	r3, [sp, #16]
 334 001a 0593     		str	r3, [sp, #20]
 123:Core/Src/main.c ****   RCC_OscInitStruct.HSIState = RCC_HSI_ON;
 335              		.loc 1 123 3 is_stmt 1 view .LVU85
 123:Core/Src/main.c ****   RCC_OscInitStruct.HSIState = RCC_HSI_ON;
 336              		.loc 1 123 36 is_stmt 0 view .LVU86
 337 001c 0223     		movs	r3, #2
 338 001e 0693     		str	r3, [sp, #24]
 124:Core/Src/main.c ****   RCC_OscInitStruct.HSICalibrationValue = RCC_HSICALIBRATION_DEFAULT;
 339              		.loc 1 124 3 is_stmt 1 view .LVU87
 124:Core/Src/main.c ****   RCC_OscInitStruct.HSICalibrationValue = RCC_HSICALIBRATION_DEFAULT;
 340              		.loc 1 124 30 is_stmt 0 view .LVU88
 341 0020 0122     		movs	r2, #1
 342 0022 0A92     		str	r2, [sp, #40]
 125:Core/Src/main.c ****   RCC_OscInitStruct.PLL.PLLState = RCC_PLL_ON;
 343              		.loc 1 125 3 is_stmt 1 view .LVU89
 125:Core/Src/main.c ****   RCC_OscInitStruct.PLL.PLLState = RCC_PLL_ON;
 344              		.loc 1 125 41 is_stmt 0 view .LVU90
 345 0024 1022     		movs	r2, #16
 346 0026 0B92     		str	r2, [sp, #44]
 126:Core/Src/main.c ****   RCC_OscInitStruct.PLL.PLLSource = RCC_PLLSOURCE_HSI_DIV2;
 347              		.loc 1 126 3 is_stmt 1 view .LVU91
 126:Core/Src/main.c ****   RCC_OscInitStruct.PLL.PLLSource = RCC_PLLSOURCE_HSI_DIV2;
 348              		.loc 1 126 34 is_stmt 0 view .LVU92
 349 0028 0D93     		str	r3, [sp, #52]
 127:Core/Src/main.c ****   RCC_OscInitStruct.PLL.PLLMUL = RCC_PLL_MUL16;
 350              		.loc 1 127 3 is_stmt 1 view .LVU93
 128:Core/Src/main.c ****   if (HAL_RCC_OscConfig(&RCC_OscInitStruct) != HAL_OK)
 351              		.loc 1 128 3 view .LVU94
 128:Core/Src/main.c ****   if (HAL_RCC_OscConfig(&RCC_OscInitStruct) != HAL_OK)
 352              		.loc 1 128 32 is_stmt 0 view .LVU95
 353 002a 4FF46013 		mov	r3, #3670016
 354 002e 0F93     		str	r3, [sp, #60]
 129:Core/Src/main.c ****   {
 355              		.loc 1 129 3 is_stmt 1 view .LVU96
 129:Core/Src/main.c ****   {
 356              		.loc 1 129 7 is_stmt 0 view .LVU97
 357 0030 2046     		mov	r0, r4
 358 0032 FFF7FEFF 		bl	HAL_RCC_OscConfig
 359              	.LVL10:
 129:Core/Src/main.c ****   {
 360              		.loc 1 129 6 discriminator 1 view .LVU98
 361 0036 78B9     		cbnz	r0, .L27
 136:Core/Src/main.c ****                               |RCC_CLOCKTYPE_PCLK1|RCC_CLOCKTYPE_PCLK2;
 362              		.loc 1 136 3 is_stmt 1 view .LVU99
 136:Core/Src/main.c ****                               |RCC_CLOCKTYPE_PCLK1|RCC_CLOCKTYPE_PCLK2;
 363              		.loc 1 136 31 is_stmt 0 view .LVU100
 364 0038 0F23     		movs	r3, #15
 365 003a 0193     		str	r3, [sp, #4]
 138:Core/Src/main.c ****   RCC_ClkInitStruct.AHBCLKDivider = RCC_SYSCLK_DIV1;
 366              		.loc 1 138 3 is_stmt 1 view .LVU101
 138:Core/Src/main.c ****   RCC_ClkInitStruct.AHBCLKDivider = RCC_SYSCLK_DIV1;
 367              		.loc 1 138 34 is_stmt 0 view .LVU102
 368 003c 0221     		movs	r1, #2
ARM GAS  /tmp/cc2NAoHr.s 			page 16


 369 003e 0291     		str	r1, [sp, #8]
 139:Core/Src/main.c ****   RCC_ClkInitStruct.APB1CLKDivider = RCC_HCLK_DIV2;
 370              		.loc 1 139 3 is_stmt 1 view .LVU103
 139:Core/Src/main.c ****   RCC_ClkInitStruct.APB1CLKDivider = RCC_HCLK_DIV2;
 371              		.loc 1 139 35 is_stmt 0 view .LVU104
 372 0040 0023     		movs	r3, #0
 373 0042 0393     		str	r3, [sp, #12]
 140:Core/Src/main.c ****   RCC_ClkInitStruct.APB2CLKDivider = RCC_HCLK_DIV1;
 374              		.loc 1 140 3 is_stmt 1 view .LVU105
 140:Core/Src/main.c ****   RCC_ClkInitStruct.APB2CLKDivider = RCC_HCLK_DIV1;
 375              		.loc 1 140 36 is_stmt 0 view .LVU106
 376 0044 4FF48062 		mov	r2, #1024
 377 0048 0492     		str	r2, [sp, #16]
 141:Core/Src/main.c **** 
 378              		.loc 1 141 3 is_stmt 1 view .LVU107
 141:Core/Src/main.c **** 
 379              		.loc 1 141 36 is_stmt 0 view .LVU108
 380 004a 0593     		str	r3, [sp, #20]
 143:Core/Src/main.c ****   {
 381              		.loc 1 143 3 is_stmt 1 view .LVU109
 143:Core/Src/main.c ****   {
 382              		.loc 1 143 7 is_stmt 0 view .LVU110
 383 004c 01A8     		add	r0, sp, #4
 384 004e FFF7FEFF 		bl	HAL_RCC_ClockConfig
 385              	.LVL11:
 143:Core/Src/main.c ****   {
 386              		.loc 1 143 6 discriminator 1 view .LVU111
 387 0052 18B9     		cbnz	r0, .L28
 147:Core/Src/main.c **** 
 388              		.loc 1 147 1 view .LVU112
 389 0054 10B0     		add	sp, sp, #64
 390              	.LCFI9:
 391              		.cfi_remember_state
 392              		.cfi_def_cfa_offset 8
 393              		@ sp needed
 394 0056 10BD     		pop	{r4, pc}
 395              	.L27:
 396              	.LCFI10:
 397              		.cfi_restore_state
 131:Core/Src/main.c ****   }
 398              		.loc 1 131 5 is_stmt 1 view .LVU113
 399 0058 FFF7FEFF 		bl	Error_Handler
 400              	.LVL12:
 401              	.L28:
 145:Core/Src/main.c ****   }
 402              		.loc 1 145 5 view .LVU114
 403 005c FFF7FEFF 		bl	Error_Handler
 404              	.LVL13:
 405              		.cfi_endproc
 406              	.LFE66:
 408              		.section	.text.main,"ax",%progbits
 409              		.align	1
 410              		.global	main
 411              		.syntax unified
 412              		.thumb
 413              		.thumb_func
 415              	main:
ARM GAS  /tmp/cc2NAoHr.s 			page 17


 416              	.LFB65:
  70:Core/Src/main.c **** 
 417              		.loc 1 70 1 view -0
 418              		.cfi_startproc
 419              		@ Volatile: function does not return.
 420              		@ args = 0, pretend = 0, frame = 0
 421              		@ frame_needed = 0, uses_anonymous_args = 0
 422 0000 08B5     		push	{r3, lr}
 423              	.LCFI11:
 424              		.cfi_def_cfa_offset 8
 425              		.cfi_offset 3, -8
 426              		.cfi_offset 14, -4
  79:Core/Src/main.c **** 
 427              		.loc 1 79 3 view .LVU116
 428 0002 FFF7FEFF 		bl	HAL_Init
 429              	.LVL14:
  86:Core/Src/main.c **** 
 430              		.loc 1 86 3 view .LVU117
 431 0006 FFF7FEFF 		bl	SystemClock_Config
 432              	.LVL15:
  93:Core/Src/main.c ****   MX_TIM2_Init();
 433              		.loc 1 93 3 view .LVU118
 434 000a FFF7FEFF 		bl	MX_GPIO_Init
 435              	.LVL16:
  94:Core/Src/main.c ****   MX_USART1_UART_Init();
 436              		.loc 1 94 3 view .LVU119
 437 000e FFF7FEFF 		bl	MX_TIM2_Init
 438              	.LVL17:
  95:Core/Src/main.c ****   /* USER CODE BEGIN 2 */
 439              		.loc 1 95 3 view .LVU120
 440 0012 FFF7FEFF 		bl	MX_USART1_UART_Init
 441              	.LVL18:
 442              	.L30:
 102:Core/Src/main.c ****   {
 443              		.loc 1 102 3 view .LVU121
 107:Core/Src/main.c ****   /* USER CODE END 3 */
 444              		.loc 1 107 3 view .LVU122
 102:Core/Src/main.c ****   {
 445              		.loc 1 102 9 view .LVU123
 446 0016 FEE7     		b	.L30
 447              		.cfi_endproc
 448              	.LFE65:
 450              		.global	huart1
 451              		.section	.bss.huart1,"aw",%nobits
 452              		.align	2
 455              	huart1:
 456 0000 00000000 		.space	72
 456      00000000 
 456      00000000 
 456      00000000 
 456      00000000 
 457              		.global	htim2
 458              		.section	.bss.htim2,"aw",%nobits
 459              		.align	2
 462              	htim2:
 463 0000 00000000 		.space	72
 463      00000000 
ARM GAS  /tmp/cc2NAoHr.s 			page 18


 463      00000000 
 463      00000000 
 463      00000000 
 464              		.text
 465              	.Letext0:
 466              		.file 3 "/usr/lib/gcc/arm-none-eabi/14.2.1/include/stdint.h"
 467              		.file 4 "Drivers/CMSIS/Device/ST/STM32F1xx/Include/stm32f103xb.h"
 468              		.file 5 "Drivers/STM32F1xx_HAL_Driver/Inc/stm32f1xx_hal_def.h"
 469              		.file 6 "Drivers/STM32F1xx_HAL_Driver/Inc/stm32f1xx_hal_rcc.h"
 470              		.file 7 "Drivers/STM32F1xx_HAL_Driver/Inc/stm32f1xx_hal_rcc_ex.h"
 471              		.file 8 "Drivers/STM32F1xx_HAL_Driver/Inc/stm32f1xx_hal_dma.h"
 472              		.file 9 "Drivers/STM32F1xx_HAL_Driver/Inc/stm32f1xx_hal_tim.h"
 473              		.file 10 "Drivers/STM32F1xx_HAL_Driver/Inc/stm32f1xx_hal_uart.h"
 474              		.file 11 "Drivers/STM32F1xx_HAL_Driver/Inc/stm32f1xx_hal_tim_ex.h"
 475              		.file 12 "Core/Inc/main.h"
 476              		.file 13 "Drivers/STM32F1xx_HAL_Driver/Inc/stm32f1xx_hal.h"
 477              		.file 14 "<built-in>"
ARM GAS  /tmp/cc2NAoHr.s 			page 19


DEFINED SYMBOLS
                            *ABS*:00000000 main.c
     /tmp/cc2NAoHr.s:19     .text.MX_GPIO_Init:00000000 $t
     /tmp/cc2NAoHr.s:24     .text.MX_GPIO_Init:00000000 MX_GPIO_Init
     /tmp/cc2NAoHr.s:59     .text.MX_GPIO_Init:0000001c $d
     /tmp/cc2NAoHr.s:64     .text.Error_Handler:00000000 $t
     /tmp/cc2NAoHr.s:70     .text.Error_Handler:00000000 Error_Handler
     /tmp/cc2NAoHr.s:102    .text.MX_TIM2_Init:00000000 $t
     /tmp/cc2NAoHr.s:107    .text.MX_TIM2_Init:00000000 MX_TIM2_Init
     /tmp/cc2NAoHr.s:228    .text.MX_TIM2_Init:00000078 $d
     /tmp/cc2NAoHr.s:462    .bss.htim2:00000000 htim2
     /tmp/cc2NAoHr.s:233    .text.MX_USART1_UART_Init:00000000 $t
     /tmp/cc2NAoHr.s:238    .text.MX_USART1_UART_Init:00000000 MX_USART1_UART_Init
     /tmp/cc2NAoHr.s:293    .text.MX_USART1_UART_Init:0000002c $d
     /tmp/cc2NAoHr.s:455    .bss.huart1:00000000 huart1
     /tmp/cc2NAoHr.s:299    .text.SystemClock_Config:00000000 $t
     /tmp/cc2NAoHr.s:305    .text.SystemClock_Config:00000000 SystemClock_Config
     /tmp/cc2NAoHr.s:409    .text.main:00000000 $t
     /tmp/cc2NAoHr.s:415    .text.main:00000000 main
     /tmp/cc2NAoHr.s:452    .bss.huart1:00000000 $d
     /tmp/cc2NAoHr.s:459    .bss.htim2:00000000 $d

UNDEFINED SYMBOLS
HAL_TIM_PWM_Init
HAL_TIMEx_MasterConfigSynchronization
HAL_TIM_PWM_ConfigChannel
HAL_TIM_MspPostInit
HAL_UART_Init
memset
HAL_RCC_OscConfig
HAL_RCC_ClockConfig
HAL_Init
