ARM GAS  /tmp/ccGMzx7s.s 			page 1


   1              		.cpu cortex-m3
   2              		.arch armv7-m
   3              		.fpu softvfp
   4              		.eabi_attribute 20, 1
   5              		.eabi_attribute 21, 1
   6              		.eabi_attribute 23, 3
   7              		.eabi_attribute 24, 1
   8              		.eabi_attribute 25, 1
   9              		.eabi_attribute 26, 1
  10              		.eabi_attribute 30, 1
  11              		.eabi_attribute 34, 1
  12              		.eabi_attribute 18, 4
  13              		.file	"stm32f1xx_hal_msp.c"
  14              		.text
  15              	.Ltext0:
  16              		.cfi_sections	.debug_frame
  17              		.file 1 "Core/Src/stm32f1xx_hal_msp.c"
  18              		.section	.text.HAL_MspInit,"ax",%progbits
  19              		.align	1
  20              		.global	HAL_MspInit
  21              		.syntax unified
  22              		.thumb
  23              		.thumb_func
  25              	HAL_MspInit:
  26              	.LFB65:
   1:Core/Src/stm32f1xx_hal_msp.c **** /* USER CODE BEGIN Header */
   2:Core/Src/stm32f1xx_hal_msp.c **** /**
   3:Core/Src/stm32f1xx_hal_msp.c ****   ******************************************************************************
   4:Core/Src/stm32f1xx_hal_msp.c ****   * @file         stm32f1xx_hal_msp.c
   5:Core/Src/stm32f1xx_hal_msp.c ****   * @brief        This file provides code for the MSP Initialization
   6:Core/Src/stm32f1xx_hal_msp.c ****   *               and de-Initialization codes.
   7:Core/Src/stm32f1xx_hal_msp.c ****   ******************************************************************************
   8:Core/Src/stm32f1xx_hal_msp.c ****   * @attention
   9:Core/Src/stm32f1xx_hal_msp.c ****   *
  10:Core/Src/stm32f1xx_hal_msp.c ****   * Copyright (c) 2026 STMicroelectronics.
  11:Core/Src/stm32f1xx_hal_msp.c ****   * All rights reserved.
  12:Core/Src/stm32f1xx_hal_msp.c ****   *
  13:Core/Src/stm32f1xx_hal_msp.c ****   * This software is licensed under terms that can be found in the LICENSE file
  14:Core/Src/stm32f1xx_hal_msp.c ****   * in the root directory of this software component.
  15:Core/Src/stm32f1xx_hal_msp.c ****   * If no LICENSE file comes with this software, it is provided AS-IS.
  16:Core/Src/stm32f1xx_hal_msp.c ****   *
  17:Core/Src/stm32f1xx_hal_msp.c ****   ******************************************************************************
  18:Core/Src/stm32f1xx_hal_msp.c ****   */
  19:Core/Src/stm32f1xx_hal_msp.c **** /* USER CODE END Header */
  20:Core/Src/stm32f1xx_hal_msp.c **** /* Includes ------------------------------------------------------------------*/
  21:Core/Src/stm32f1xx_hal_msp.c **** #include "main.h"
  22:Core/Src/stm32f1xx_hal_msp.c **** /* USER CODE BEGIN Includes */
  23:Core/Src/stm32f1xx_hal_msp.c **** 
  24:Core/Src/stm32f1xx_hal_msp.c **** /* USER CODE END Includes */
  25:Core/Src/stm32f1xx_hal_msp.c **** 
  26:Core/Src/stm32f1xx_hal_msp.c **** /* Private typedef -----------------------------------------------------------*/
  27:Core/Src/stm32f1xx_hal_msp.c **** /* USER CODE BEGIN TD */
  28:Core/Src/stm32f1xx_hal_msp.c **** 
  29:Core/Src/stm32f1xx_hal_msp.c **** /* USER CODE END TD */
  30:Core/Src/stm32f1xx_hal_msp.c **** 
  31:Core/Src/stm32f1xx_hal_msp.c **** /* Private define ------------------------------------------------------------*/
  32:Core/Src/stm32f1xx_hal_msp.c **** /* USER CODE BEGIN Define */
ARM GAS  /tmp/ccGMzx7s.s 			page 2


  33:Core/Src/stm32f1xx_hal_msp.c **** 
  34:Core/Src/stm32f1xx_hal_msp.c **** /* USER CODE END Define */
  35:Core/Src/stm32f1xx_hal_msp.c **** 
  36:Core/Src/stm32f1xx_hal_msp.c **** /* Private macro -------------------------------------------------------------*/
  37:Core/Src/stm32f1xx_hal_msp.c **** /* USER CODE BEGIN Macro */
  38:Core/Src/stm32f1xx_hal_msp.c **** 
  39:Core/Src/stm32f1xx_hal_msp.c **** /* USER CODE END Macro */
  40:Core/Src/stm32f1xx_hal_msp.c **** 
  41:Core/Src/stm32f1xx_hal_msp.c **** /* Private variables ---------------------------------------------------------*/
  42:Core/Src/stm32f1xx_hal_msp.c **** /* USER CODE BEGIN PV */
  43:Core/Src/stm32f1xx_hal_msp.c **** 
  44:Core/Src/stm32f1xx_hal_msp.c **** /* USER CODE END PV */
  45:Core/Src/stm32f1xx_hal_msp.c **** 
  46:Core/Src/stm32f1xx_hal_msp.c **** /* Private function prototypes -----------------------------------------------*/
  47:Core/Src/stm32f1xx_hal_msp.c **** /* USER CODE BEGIN PFP */
  48:Core/Src/stm32f1xx_hal_msp.c **** 
  49:Core/Src/stm32f1xx_hal_msp.c **** /* USER CODE END PFP */
  50:Core/Src/stm32f1xx_hal_msp.c **** 
  51:Core/Src/stm32f1xx_hal_msp.c **** /* External functions --------------------------------------------------------*/
  52:Core/Src/stm32f1xx_hal_msp.c **** /* USER CODE BEGIN ExternalFunctions */
  53:Core/Src/stm32f1xx_hal_msp.c **** 
  54:Core/Src/stm32f1xx_hal_msp.c **** /* USER CODE END ExternalFunctions */
  55:Core/Src/stm32f1xx_hal_msp.c **** 
  56:Core/Src/stm32f1xx_hal_msp.c **** /* USER CODE BEGIN 0 */
  57:Core/Src/stm32f1xx_hal_msp.c **** 
  58:Core/Src/stm32f1xx_hal_msp.c **** /* USER CODE END 0 */
  59:Core/Src/stm32f1xx_hal_msp.c **** 
  60:Core/Src/stm32f1xx_hal_msp.c **** void HAL_TIM_MspPostInit(TIM_HandleTypeDef *htim);
  61:Core/Src/stm32f1xx_hal_msp.c ****                     /**
  62:Core/Src/stm32f1xx_hal_msp.c ****   * Initializes the Global MSP.
  63:Core/Src/stm32f1xx_hal_msp.c ****   */
  64:Core/Src/stm32f1xx_hal_msp.c **** void HAL_MspInit(void)
  65:Core/Src/stm32f1xx_hal_msp.c **** {
  27              		.loc 1 65 1 view -0
  28              		.cfi_startproc
  29              		@ args = 0, pretend = 0, frame = 8
  30              		@ frame_needed = 0, uses_anonymous_args = 0
  31              		@ link register save eliminated.
  32 0000 82B0     		sub	sp, sp, #8
  33              	.LCFI0:
  34              		.cfi_def_cfa_offset 8
  66:Core/Src/stm32f1xx_hal_msp.c **** 
  67:Core/Src/stm32f1xx_hal_msp.c ****   /* USER CODE BEGIN MspInit 0 */
  68:Core/Src/stm32f1xx_hal_msp.c **** 
  69:Core/Src/stm32f1xx_hal_msp.c ****   /* USER CODE END MspInit 0 */
  70:Core/Src/stm32f1xx_hal_msp.c **** 
  71:Core/Src/stm32f1xx_hal_msp.c ****   __HAL_RCC_AFIO_CLK_ENABLE();
  35              		.loc 1 71 3 view .LVU1
  36              	.LBB2:
  37              		.loc 1 71 3 view .LVU2
  38              		.loc 1 71 3 view .LVU3
  39 0002 0E4B     		ldr	r3, .L3
  40 0004 9A69     		ldr	r2, [r3, #24]
  41 0006 42F00102 		orr	r2, r2, #1
  42 000a 9A61     		str	r2, [r3, #24]
  43              		.loc 1 71 3 view .LVU4
  44 000c 9A69     		ldr	r2, [r3, #24]
ARM GAS  /tmp/ccGMzx7s.s 			page 3


  45 000e 02F00102 		and	r2, r2, #1
  46 0012 0092     		str	r2, [sp]
  47              		.loc 1 71 3 view .LVU5
  48 0014 009A     		ldr	r2, [sp]
  49              	.LBE2:
  50              		.loc 1 71 3 view .LVU6
  72:Core/Src/stm32f1xx_hal_msp.c ****   __HAL_RCC_PWR_CLK_ENABLE();
  51              		.loc 1 72 3 view .LVU7
  52              	.LBB3:
  53              		.loc 1 72 3 view .LVU8
  54              		.loc 1 72 3 view .LVU9
  55 0016 DA69     		ldr	r2, [r3, #28]
  56 0018 42F08052 		orr	r2, r2, #268435456
  57 001c DA61     		str	r2, [r3, #28]
  58              		.loc 1 72 3 view .LVU10
  59 001e DB69     		ldr	r3, [r3, #28]
  60 0020 03F08053 		and	r3, r3, #268435456
  61 0024 0193     		str	r3, [sp, #4]
  62              		.loc 1 72 3 view .LVU11
  63 0026 019B     		ldr	r3, [sp, #4]
  64              	.LBE3:
  65              		.loc 1 72 3 view .LVU12
  73:Core/Src/stm32f1xx_hal_msp.c **** 
  74:Core/Src/stm32f1xx_hal_msp.c ****   /* System interrupt init*/
  75:Core/Src/stm32f1xx_hal_msp.c **** 
  76:Core/Src/stm32f1xx_hal_msp.c ****   /** DISABLE: JTAG-DP Disabled and SW-DP Disabled
  77:Core/Src/stm32f1xx_hal_msp.c ****   */
  78:Core/Src/stm32f1xx_hal_msp.c ****   __HAL_AFIO_REMAP_SWJ_DISABLE();
  66              		.loc 1 78 3 view .LVU13
  67              	.LBB4:
  68              		.loc 1 78 3 view .LVU14
  69 0028 054A     		ldr	r2, .L3+4
  70 002a 5368     		ldr	r3, [r2, #4]
  71              	.LVL0:
  72              		.loc 1 78 3 view .LVU15
  73 002c 23F0E063 		bic	r3, r3, #117440512
  74              	.LVL1:
  75              		.loc 1 78 3 view .LVU16
  76 0030 43F08063 		orr	r3, r3, #67108864
  77              	.LVL2:
  78              		.loc 1 78 3 view .LVU17
  79 0034 5360     		str	r3, [r2, #4]
  80              	.LBE4:
  81              		.loc 1 78 3 view .LVU18
  79:Core/Src/stm32f1xx_hal_msp.c **** 
  80:Core/Src/stm32f1xx_hal_msp.c ****   /* USER CODE BEGIN MspInit 1 */
  81:Core/Src/stm32f1xx_hal_msp.c **** 
  82:Core/Src/stm32f1xx_hal_msp.c ****   /* USER CODE END MspInit 1 */
  83:Core/Src/stm32f1xx_hal_msp.c **** }
  82              		.loc 1 83 1 is_stmt 0 view .LVU19
  83 0036 02B0     		add	sp, sp, #8
  84              	.LCFI1:
  85              		.cfi_def_cfa_offset 0
  86              		@ sp needed
  87 0038 7047     		bx	lr
  88              	.L4:
  89 003a 00BF     		.align	2
ARM GAS  /tmp/ccGMzx7s.s 			page 4


  90              	.L3:
  91 003c 00100240 		.word	1073876992
  92 0040 00000140 		.word	1073807360
  93              		.cfi_endproc
  94              	.LFE65:
  96              		.section	.text.HAL_TIM_PWM_MspInit,"ax",%progbits
  97              		.align	1
  98              		.global	HAL_TIM_PWM_MspInit
  99              		.syntax unified
 100              		.thumb
 101              		.thumb_func
 103              	HAL_TIM_PWM_MspInit:
 104              	.LVL3:
 105              	.LFB66:
  84:Core/Src/stm32f1xx_hal_msp.c **** 
  85:Core/Src/stm32f1xx_hal_msp.c **** /**
  86:Core/Src/stm32f1xx_hal_msp.c ****   * @brief TIM_PWM MSP Initialization
  87:Core/Src/stm32f1xx_hal_msp.c ****   * This function configures the hardware resources used in this example
  88:Core/Src/stm32f1xx_hal_msp.c ****   * @param htim_pwm: TIM_PWM handle pointer
  89:Core/Src/stm32f1xx_hal_msp.c ****   * @retval None
  90:Core/Src/stm32f1xx_hal_msp.c ****   */
  91:Core/Src/stm32f1xx_hal_msp.c **** void HAL_TIM_PWM_MspInit(TIM_HandleTypeDef* htim_pwm)
  92:Core/Src/stm32f1xx_hal_msp.c **** {
 106              		.loc 1 92 1 is_stmt 1 view -0
 107              		.cfi_startproc
 108              		@ args = 0, pretend = 0, frame = 8
 109              		@ frame_needed = 0, uses_anonymous_args = 0
  93:Core/Src/stm32f1xx_hal_msp.c ****   if(htim_pwm->Instance==TIM2)
 110              		.loc 1 93 3 view .LVU21
 111              		.loc 1 93 14 is_stmt 0 view .LVU22
 112 0000 0368     		ldr	r3, [r0]
 113              		.loc 1 93 5 view .LVU23
 114 0002 B3F1804F 		cmp	r3, #1073741824
 115 0006 00D0     		beq	.L11
 116 0008 7047     		bx	lr
 117              	.L11:
  92:Core/Src/stm32f1xx_hal_msp.c ****   if(htim_pwm->Instance==TIM2)
 118              		.loc 1 92 1 view .LVU24
 119 000a 00B5     		push	{lr}
 120              	.LCFI2:
 121              		.cfi_def_cfa_offset 4
 122              		.cfi_offset 14, -4
 123 000c 83B0     		sub	sp, sp, #12
 124              	.LCFI3:
 125              		.cfi_def_cfa_offset 16
  94:Core/Src/stm32f1xx_hal_msp.c ****   {
  95:Core/Src/stm32f1xx_hal_msp.c ****     /* USER CODE BEGIN TIM2_MspInit 0 */
  96:Core/Src/stm32f1xx_hal_msp.c **** 
  97:Core/Src/stm32f1xx_hal_msp.c ****     /* USER CODE END TIM2_MspInit 0 */
  98:Core/Src/stm32f1xx_hal_msp.c ****     /* Peripheral clock enable */
  99:Core/Src/stm32f1xx_hal_msp.c ****     __HAL_RCC_TIM2_CLK_ENABLE();
 126              		.loc 1 99 5 is_stmt 1 view .LVU25
 127              	.LBB5:
 128              		.loc 1 99 5 view .LVU26
 129              		.loc 1 99 5 view .LVU27
 130 000e 03F50433 		add	r3, r3, #135168
 131 0012 DA69     		ldr	r2, [r3, #28]
ARM GAS  /tmp/ccGMzx7s.s 			page 5


 132 0014 42F00102 		orr	r2, r2, #1
 133 0018 DA61     		str	r2, [r3, #28]
 134              		.loc 1 99 5 view .LVU28
 135 001a DB69     		ldr	r3, [r3, #28]
 136 001c 03F00103 		and	r3, r3, #1
 137 0020 0193     		str	r3, [sp, #4]
 138              		.loc 1 99 5 view .LVU29
 139 0022 019B     		ldr	r3, [sp, #4]
 140              	.LBE5:
 141              		.loc 1 99 5 view .LVU30
 100:Core/Src/stm32f1xx_hal_msp.c ****     /* TIM2 interrupt Init */
 101:Core/Src/stm32f1xx_hal_msp.c ****     HAL_NVIC_SetPriority(TIM2_IRQn, 0, 0);
 142              		.loc 1 101 5 view .LVU31
 143 0024 0022     		movs	r2, #0
 144 0026 1146     		mov	r1, r2
 145 0028 1C20     		movs	r0, #28
 146              	.LVL4:
 147              		.loc 1 101 5 is_stmt 0 view .LVU32
 148 002a FFF7FEFF 		bl	HAL_NVIC_SetPriority
 149              	.LVL5:
 102:Core/Src/stm32f1xx_hal_msp.c ****     HAL_NVIC_EnableIRQ(TIM2_IRQn);
 150              		.loc 1 102 5 is_stmt 1 view .LVU33
 151 002e 1C20     		movs	r0, #28
 152 0030 FFF7FEFF 		bl	HAL_NVIC_EnableIRQ
 153              	.LVL6:
 103:Core/Src/stm32f1xx_hal_msp.c ****     /* USER CODE BEGIN TIM2_MspInit 1 */
 104:Core/Src/stm32f1xx_hal_msp.c **** 
 105:Core/Src/stm32f1xx_hal_msp.c ****     /* USER CODE END TIM2_MspInit 1 */
 106:Core/Src/stm32f1xx_hal_msp.c **** 
 107:Core/Src/stm32f1xx_hal_msp.c ****   }
 108:Core/Src/stm32f1xx_hal_msp.c **** 
 109:Core/Src/stm32f1xx_hal_msp.c **** }
 154              		.loc 1 109 1 is_stmt 0 view .LVU34
 155 0034 03B0     		add	sp, sp, #12
 156              	.LCFI4:
 157              		.cfi_def_cfa_offset 4
 158              		@ sp needed
 159 0036 5DF804FB 		ldr	pc, [sp], #4
 160              		.cfi_endproc
 161              	.LFE66:
 163              		.section	.text.HAL_TIM_MspPostInit,"ax",%progbits
 164              		.align	1
 165              		.global	HAL_TIM_MspPostInit
 166              		.syntax unified
 167              		.thumb
 168              		.thumb_func
 170              	HAL_TIM_MspPostInit:
 171              	.LVL7:
 172              	.LFB67:
 110:Core/Src/stm32f1xx_hal_msp.c **** 
 111:Core/Src/stm32f1xx_hal_msp.c **** void HAL_TIM_MspPostInit(TIM_HandleTypeDef* htim)
 112:Core/Src/stm32f1xx_hal_msp.c **** {
 173              		.loc 1 112 1 is_stmt 1 view -0
 174              		.cfi_startproc
 175              		@ args = 0, pretend = 0, frame = 24
 176              		@ frame_needed = 0, uses_anonymous_args = 0
 177              		.loc 1 112 1 is_stmt 0 view .LVU36
ARM GAS  /tmp/ccGMzx7s.s 			page 6


 178 0000 00B5     		push	{lr}
 179              	.LCFI5:
 180              		.cfi_def_cfa_offset 4
 181              		.cfi_offset 14, -4
 182 0002 87B0     		sub	sp, sp, #28
 183              	.LCFI6:
 184              		.cfi_def_cfa_offset 32
 113:Core/Src/stm32f1xx_hal_msp.c ****   GPIO_InitTypeDef GPIO_InitStruct = {0};
 185              		.loc 1 113 3 is_stmt 1 view .LVU37
 186              		.loc 1 113 20 is_stmt 0 view .LVU38
 187 0004 0023     		movs	r3, #0
 188 0006 0293     		str	r3, [sp, #8]
 189 0008 0393     		str	r3, [sp, #12]
 190 000a 0493     		str	r3, [sp, #16]
 191 000c 0593     		str	r3, [sp, #20]
 114:Core/Src/stm32f1xx_hal_msp.c ****   if(htim->Instance==TIM2)
 192              		.loc 1 114 3 is_stmt 1 view .LVU39
 193              		.loc 1 114 10 is_stmt 0 view .LVU40
 194 000e 0368     		ldr	r3, [r0]
 195              		.loc 1 114 5 view .LVU41
 196 0010 B3F1804F 		cmp	r3, #1073741824
 197 0014 02D0     		beq	.L15
 198              	.LVL8:
 199              	.L12:
 115:Core/Src/stm32f1xx_hal_msp.c ****   {
 116:Core/Src/stm32f1xx_hal_msp.c ****     /* USER CODE BEGIN TIM2_MspPostInit 0 */
 117:Core/Src/stm32f1xx_hal_msp.c **** 
 118:Core/Src/stm32f1xx_hal_msp.c ****     /* USER CODE END TIM2_MspPostInit 0 */
 119:Core/Src/stm32f1xx_hal_msp.c **** 
 120:Core/Src/stm32f1xx_hal_msp.c ****     __HAL_RCC_GPIOA_CLK_ENABLE();
 121:Core/Src/stm32f1xx_hal_msp.c ****     /**TIM2 GPIO Configuration
 122:Core/Src/stm32f1xx_hal_msp.c ****     PA1     ------> TIM2_CH2
 123:Core/Src/stm32f1xx_hal_msp.c ****     */
 124:Core/Src/stm32f1xx_hal_msp.c ****     GPIO_InitStruct.Pin = GPIO_PIN_1;
 125:Core/Src/stm32f1xx_hal_msp.c ****     GPIO_InitStruct.Mode = GPIO_MODE_AF_PP;
 126:Core/Src/stm32f1xx_hal_msp.c ****     GPIO_InitStruct.Speed = GPIO_SPEED_FREQ_LOW;
 127:Core/Src/stm32f1xx_hal_msp.c ****     HAL_GPIO_Init(GPIOA, &GPIO_InitStruct);
 128:Core/Src/stm32f1xx_hal_msp.c **** 
 129:Core/Src/stm32f1xx_hal_msp.c ****     /* USER CODE BEGIN TIM2_MspPostInit 1 */
 130:Core/Src/stm32f1xx_hal_msp.c **** 
 131:Core/Src/stm32f1xx_hal_msp.c ****     /* USER CODE END TIM2_MspPostInit 1 */
 132:Core/Src/stm32f1xx_hal_msp.c ****   }
 133:Core/Src/stm32f1xx_hal_msp.c **** 
 134:Core/Src/stm32f1xx_hal_msp.c **** }
 200              		.loc 1 134 1 view .LVU42
 201 0016 07B0     		add	sp, sp, #28
 202              	.LCFI7:
 203              		.cfi_remember_state
 204              		.cfi_def_cfa_offset 4
 205              		@ sp needed
 206 0018 5DF804FB 		ldr	pc, [sp], #4
 207              	.LVL9:
 208              	.L15:
 209              	.LCFI8:
 210              		.cfi_restore_state
 120:Core/Src/stm32f1xx_hal_msp.c ****     /**TIM2 GPIO Configuration
 211              		.loc 1 120 5 is_stmt 1 view .LVU43
ARM GAS  /tmp/ccGMzx7s.s 			page 7


 212              	.LBB6:
 120:Core/Src/stm32f1xx_hal_msp.c ****     /**TIM2 GPIO Configuration
 213              		.loc 1 120 5 view .LVU44
 120:Core/Src/stm32f1xx_hal_msp.c ****     /**TIM2 GPIO Configuration
 214              		.loc 1 120 5 view .LVU45
 215 001c 03F50433 		add	r3, r3, #135168
 216 0020 9A69     		ldr	r2, [r3, #24]
 217 0022 42F00402 		orr	r2, r2, #4
 218 0026 9A61     		str	r2, [r3, #24]
 120:Core/Src/stm32f1xx_hal_msp.c ****     /**TIM2 GPIO Configuration
 219              		.loc 1 120 5 view .LVU46
 220 0028 9B69     		ldr	r3, [r3, #24]
 221 002a 03F00403 		and	r3, r3, #4
 222 002e 0193     		str	r3, [sp, #4]
 120:Core/Src/stm32f1xx_hal_msp.c ****     /**TIM2 GPIO Configuration
 223              		.loc 1 120 5 view .LVU47
 224 0030 019B     		ldr	r3, [sp, #4]
 225              	.LBE6:
 120:Core/Src/stm32f1xx_hal_msp.c ****     /**TIM2 GPIO Configuration
 226              		.loc 1 120 5 view .LVU48
 124:Core/Src/stm32f1xx_hal_msp.c ****     GPIO_InitStruct.Mode = GPIO_MODE_AF_PP;
 227              		.loc 1 124 5 view .LVU49
 124:Core/Src/stm32f1xx_hal_msp.c ****     GPIO_InitStruct.Mode = GPIO_MODE_AF_PP;
 228              		.loc 1 124 25 is_stmt 0 view .LVU50
 229 0032 0223     		movs	r3, #2
 230 0034 0293     		str	r3, [sp, #8]
 125:Core/Src/stm32f1xx_hal_msp.c ****     GPIO_InitStruct.Speed = GPIO_SPEED_FREQ_LOW;
 231              		.loc 1 125 5 is_stmt 1 view .LVU51
 125:Core/Src/stm32f1xx_hal_msp.c ****     GPIO_InitStruct.Speed = GPIO_SPEED_FREQ_LOW;
 232              		.loc 1 125 26 is_stmt 0 view .LVU52
 233 0036 0393     		str	r3, [sp, #12]
 126:Core/Src/stm32f1xx_hal_msp.c ****     HAL_GPIO_Init(GPIOA, &GPIO_InitStruct);
 234              		.loc 1 126 5 is_stmt 1 view .LVU53
 126:Core/Src/stm32f1xx_hal_msp.c ****     HAL_GPIO_Init(GPIOA, &GPIO_InitStruct);
 235              		.loc 1 126 27 is_stmt 0 view .LVU54
 236 0038 0593     		str	r3, [sp, #20]
 127:Core/Src/stm32f1xx_hal_msp.c **** 
 237              		.loc 1 127 5 is_stmt 1 view .LVU55
 238 003a 02A9     		add	r1, sp, #8
 239 003c 0148     		ldr	r0, .L16
 240              	.LVL10:
 127:Core/Src/stm32f1xx_hal_msp.c **** 
 241              		.loc 1 127 5 is_stmt 0 view .LVU56
 242 003e FFF7FEFF 		bl	HAL_GPIO_Init
 243              	.LVL11:
 244              		.loc 1 134 1 view .LVU57
 245 0042 E8E7     		b	.L12
 246              	.L17:
 247              		.align	2
 248              	.L16:
 249 0044 00080140 		.word	1073809408
 250              		.cfi_endproc
 251              	.LFE67:
 253              		.section	.text.HAL_TIM_PWM_MspDeInit,"ax",%progbits
 254              		.align	1
 255              		.global	HAL_TIM_PWM_MspDeInit
 256              		.syntax unified
ARM GAS  /tmp/ccGMzx7s.s 			page 8


 257              		.thumb
 258              		.thumb_func
 260              	HAL_TIM_PWM_MspDeInit:
 261              	.LVL12:
 262              	.LFB68:
 135:Core/Src/stm32f1xx_hal_msp.c **** /**
 136:Core/Src/stm32f1xx_hal_msp.c ****   * @brief TIM_PWM MSP De-Initialization
 137:Core/Src/stm32f1xx_hal_msp.c ****   * This function freeze the hardware resources used in this example
 138:Core/Src/stm32f1xx_hal_msp.c ****   * @param htim_pwm: TIM_PWM handle pointer
 139:Core/Src/stm32f1xx_hal_msp.c ****   * @retval None
 140:Core/Src/stm32f1xx_hal_msp.c ****   */
 141:Core/Src/stm32f1xx_hal_msp.c **** void HAL_TIM_PWM_MspDeInit(TIM_HandleTypeDef* htim_pwm)
 142:Core/Src/stm32f1xx_hal_msp.c **** {
 263              		.loc 1 142 1 is_stmt 1 view -0
 264              		.cfi_startproc
 265              		@ args = 0, pretend = 0, frame = 0
 266              		@ frame_needed = 0, uses_anonymous_args = 0
 267              		.loc 1 142 1 is_stmt 0 view .LVU59
 268 0000 08B5     		push	{r3, lr}
 269              	.LCFI9:
 270              		.cfi_def_cfa_offset 8
 271              		.cfi_offset 3, -8
 272              		.cfi_offset 14, -4
 143:Core/Src/stm32f1xx_hal_msp.c ****   if(htim_pwm->Instance==TIM2)
 273              		.loc 1 143 3 is_stmt 1 view .LVU60
 274              		.loc 1 143 14 is_stmt 0 view .LVU61
 275 0002 0368     		ldr	r3, [r0]
 276              		.loc 1 143 5 view .LVU62
 277 0004 B3F1804F 		cmp	r3, #1073741824
 278 0008 00D0     		beq	.L21
 279              	.LVL13:
 280              	.L18:
 144:Core/Src/stm32f1xx_hal_msp.c ****   {
 145:Core/Src/stm32f1xx_hal_msp.c ****     /* USER CODE BEGIN TIM2_MspDeInit 0 */
 146:Core/Src/stm32f1xx_hal_msp.c **** 
 147:Core/Src/stm32f1xx_hal_msp.c ****     /* USER CODE END TIM2_MspDeInit 0 */
 148:Core/Src/stm32f1xx_hal_msp.c ****     /* Peripheral clock disable */
 149:Core/Src/stm32f1xx_hal_msp.c ****     __HAL_RCC_TIM2_CLK_DISABLE();
 150:Core/Src/stm32f1xx_hal_msp.c **** 
 151:Core/Src/stm32f1xx_hal_msp.c ****     /* TIM2 interrupt DeInit */
 152:Core/Src/stm32f1xx_hal_msp.c ****     HAL_NVIC_DisableIRQ(TIM2_IRQn);
 153:Core/Src/stm32f1xx_hal_msp.c ****     /* USER CODE BEGIN TIM2_MspDeInit 1 */
 154:Core/Src/stm32f1xx_hal_msp.c **** 
 155:Core/Src/stm32f1xx_hal_msp.c ****     /* USER CODE END TIM2_MspDeInit 1 */
 156:Core/Src/stm32f1xx_hal_msp.c ****   }
 157:Core/Src/stm32f1xx_hal_msp.c **** 
 158:Core/Src/stm32f1xx_hal_msp.c **** }
 281              		.loc 1 158 1 view .LVU63
 282 000a 08BD     		pop	{r3, pc}
 283              	.LVL14:
 284              	.L21:
 149:Core/Src/stm32f1xx_hal_msp.c **** 
 285              		.loc 1 149 5 is_stmt 1 view .LVU64
 286 000c 044A     		ldr	r2, .L22
 287 000e D369     		ldr	r3, [r2, #28]
 288 0010 23F00103 		bic	r3, r3, #1
 289 0014 D361     		str	r3, [r2, #28]
ARM GAS  /tmp/ccGMzx7s.s 			page 9


 152:Core/Src/stm32f1xx_hal_msp.c ****     /* USER CODE BEGIN TIM2_MspDeInit 1 */
 290              		.loc 1 152 5 view .LVU65
 291 0016 1C20     		movs	r0, #28
 292              	.LVL15:
 152:Core/Src/stm32f1xx_hal_msp.c ****     /* USER CODE BEGIN TIM2_MspDeInit 1 */
 293              		.loc 1 152 5 is_stmt 0 view .LVU66
 294 0018 FFF7FEFF 		bl	HAL_NVIC_DisableIRQ
 295              	.LVL16:
 296              		.loc 1 158 1 view .LVU67
 297 001c F5E7     		b	.L18
 298              	.L23:
 299 001e 00BF     		.align	2
 300              	.L22:
 301 0020 00100240 		.word	1073876992
 302              		.cfi_endproc
 303              	.LFE68:
 305              		.section	.text.HAL_UART_MspInit,"ax",%progbits
 306              		.align	1
 307              		.global	HAL_UART_MspInit
 308              		.syntax unified
 309              		.thumb
 310              		.thumb_func
 312              	HAL_UART_MspInit:
 313              	.LVL17:
 314              	.LFB69:
 159:Core/Src/stm32f1xx_hal_msp.c **** 
 160:Core/Src/stm32f1xx_hal_msp.c **** /**
 161:Core/Src/stm32f1xx_hal_msp.c ****   * @brief UART MSP Initialization
 162:Core/Src/stm32f1xx_hal_msp.c ****   * This function configures the hardware resources used in this example
 163:Core/Src/stm32f1xx_hal_msp.c ****   * @param huart: UART handle pointer
 164:Core/Src/stm32f1xx_hal_msp.c ****   * @retval None
 165:Core/Src/stm32f1xx_hal_msp.c ****   */
 166:Core/Src/stm32f1xx_hal_msp.c **** void HAL_UART_MspInit(UART_HandleTypeDef* huart)
 167:Core/Src/stm32f1xx_hal_msp.c **** {
 315              		.loc 1 167 1 is_stmt 1 view -0
 316              		.cfi_startproc
 317              		@ args = 0, pretend = 0, frame = 24
 318              		@ frame_needed = 0, uses_anonymous_args = 0
 319              		.loc 1 167 1 is_stmt 0 view .LVU69
 320 0000 70B5     		push	{r4, r5, r6, lr}
 321              	.LCFI10:
 322              		.cfi_def_cfa_offset 16
 323              		.cfi_offset 4, -16
 324              		.cfi_offset 5, -12
 325              		.cfi_offset 6, -8
 326              		.cfi_offset 14, -4
 327 0002 86B0     		sub	sp, sp, #24
 328              	.LCFI11:
 329              		.cfi_def_cfa_offset 40
 168:Core/Src/stm32f1xx_hal_msp.c ****   GPIO_InitTypeDef GPIO_InitStruct = {0};
 330              		.loc 1 168 3 is_stmt 1 view .LVU70
 331              		.loc 1 168 20 is_stmt 0 view .LVU71
 332 0004 0023     		movs	r3, #0
 333 0006 0293     		str	r3, [sp, #8]
 334 0008 0393     		str	r3, [sp, #12]
 335 000a 0493     		str	r3, [sp, #16]
 336 000c 0593     		str	r3, [sp, #20]
ARM GAS  /tmp/ccGMzx7s.s 			page 10


 169:Core/Src/stm32f1xx_hal_msp.c ****   if(huart->Instance==USART1)
 337              		.loc 1 169 3 is_stmt 1 view .LVU72
 338              		.loc 1 169 11 is_stmt 0 view .LVU73
 339 000e 0268     		ldr	r2, [r0]
 340              		.loc 1 169 5 view .LVU74
 341 0010 1C4B     		ldr	r3, .L28
 342 0012 9A42     		cmp	r2, r3
 343 0014 01D0     		beq	.L27
 344              	.LVL18:
 345              	.L24:
 170:Core/Src/stm32f1xx_hal_msp.c ****   {
 171:Core/Src/stm32f1xx_hal_msp.c ****     /* USER CODE BEGIN USART1_MspInit 0 */
 172:Core/Src/stm32f1xx_hal_msp.c **** 
 173:Core/Src/stm32f1xx_hal_msp.c ****     /* USER CODE END USART1_MspInit 0 */
 174:Core/Src/stm32f1xx_hal_msp.c ****     /* Peripheral clock enable */
 175:Core/Src/stm32f1xx_hal_msp.c ****     __HAL_RCC_USART1_CLK_ENABLE();
 176:Core/Src/stm32f1xx_hal_msp.c **** 
 177:Core/Src/stm32f1xx_hal_msp.c ****     __HAL_RCC_GPIOA_CLK_ENABLE();
 178:Core/Src/stm32f1xx_hal_msp.c ****     /**USART1 GPIO Configuration
 179:Core/Src/stm32f1xx_hal_msp.c ****     PA9     ------> USART1_TX
 180:Core/Src/stm32f1xx_hal_msp.c ****     PA10     ------> USART1_RX
 181:Core/Src/stm32f1xx_hal_msp.c ****     */
 182:Core/Src/stm32f1xx_hal_msp.c ****     GPIO_InitStruct.Pin = GPIO_PIN_9;
 183:Core/Src/stm32f1xx_hal_msp.c ****     GPIO_InitStruct.Mode = GPIO_MODE_AF_PP;
 184:Core/Src/stm32f1xx_hal_msp.c ****     GPIO_InitStruct.Speed = GPIO_SPEED_FREQ_HIGH;
 185:Core/Src/stm32f1xx_hal_msp.c ****     HAL_GPIO_Init(GPIOA, &GPIO_InitStruct);
 186:Core/Src/stm32f1xx_hal_msp.c **** 
 187:Core/Src/stm32f1xx_hal_msp.c ****     GPIO_InitStruct.Pin = GPIO_PIN_10;
 188:Core/Src/stm32f1xx_hal_msp.c ****     GPIO_InitStruct.Mode = GPIO_MODE_INPUT;
 189:Core/Src/stm32f1xx_hal_msp.c ****     GPIO_InitStruct.Pull = GPIO_NOPULL;
 190:Core/Src/stm32f1xx_hal_msp.c ****     HAL_GPIO_Init(GPIOA, &GPIO_InitStruct);
 191:Core/Src/stm32f1xx_hal_msp.c **** 
 192:Core/Src/stm32f1xx_hal_msp.c ****     /* USART1 interrupt Init */
 193:Core/Src/stm32f1xx_hal_msp.c ****     HAL_NVIC_SetPriority(USART1_IRQn, 0, 0);
 194:Core/Src/stm32f1xx_hal_msp.c ****     HAL_NVIC_EnableIRQ(USART1_IRQn);
 195:Core/Src/stm32f1xx_hal_msp.c ****     /* USER CODE BEGIN USART1_MspInit 1 */
 196:Core/Src/stm32f1xx_hal_msp.c **** 
 197:Core/Src/stm32f1xx_hal_msp.c ****     /* USER CODE END USART1_MspInit 1 */
 198:Core/Src/stm32f1xx_hal_msp.c **** 
 199:Core/Src/stm32f1xx_hal_msp.c ****   }
 200:Core/Src/stm32f1xx_hal_msp.c **** 
 201:Core/Src/stm32f1xx_hal_msp.c **** }
 346              		.loc 1 201 1 view .LVU75
 347 0016 06B0     		add	sp, sp, #24
 348              	.LCFI12:
 349              		.cfi_remember_state
 350              		.cfi_def_cfa_offset 16
 351              		@ sp needed
 352 0018 70BD     		pop	{r4, r5, r6, pc}
 353              	.LVL19:
 354              	.L27:
 355              	.LCFI13:
 356              		.cfi_restore_state
 175:Core/Src/stm32f1xx_hal_msp.c **** 
 357              		.loc 1 175 5 is_stmt 1 view .LVU76
 358              	.LBB7:
 175:Core/Src/stm32f1xx_hal_msp.c **** 
ARM GAS  /tmp/ccGMzx7s.s 			page 11


 359              		.loc 1 175 5 view .LVU77
 175:Core/Src/stm32f1xx_hal_msp.c **** 
 360              		.loc 1 175 5 view .LVU78
 361 001a 03F55843 		add	r3, r3, #55296
 362 001e 9A69     		ldr	r2, [r3, #24]
 363 0020 42F48042 		orr	r2, r2, #16384
 364 0024 9A61     		str	r2, [r3, #24]
 175:Core/Src/stm32f1xx_hal_msp.c **** 
 365              		.loc 1 175 5 view .LVU79
 366 0026 9A69     		ldr	r2, [r3, #24]
 367 0028 02F48042 		and	r2, r2, #16384
 368 002c 0092     		str	r2, [sp]
 175:Core/Src/stm32f1xx_hal_msp.c **** 
 369              		.loc 1 175 5 view .LVU80
 370 002e 009A     		ldr	r2, [sp]
 371              	.LBE7:
 175:Core/Src/stm32f1xx_hal_msp.c **** 
 372              		.loc 1 175 5 view .LVU81
 177:Core/Src/stm32f1xx_hal_msp.c ****     /**USART1 GPIO Configuration
 373              		.loc 1 177 5 view .LVU82
 374              	.LBB8:
 177:Core/Src/stm32f1xx_hal_msp.c ****     /**USART1 GPIO Configuration
 375              		.loc 1 177 5 view .LVU83
 177:Core/Src/stm32f1xx_hal_msp.c ****     /**USART1 GPIO Configuration
 376              		.loc 1 177 5 view .LVU84
 377 0030 9A69     		ldr	r2, [r3, #24]
 378 0032 42F00402 		orr	r2, r2, #4
 379 0036 9A61     		str	r2, [r3, #24]
 177:Core/Src/stm32f1xx_hal_msp.c ****     /**USART1 GPIO Configuration
 380              		.loc 1 177 5 view .LVU85
 381 0038 9B69     		ldr	r3, [r3, #24]
 382 003a 03F00403 		and	r3, r3, #4
 383 003e 0193     		str	r3, [sp, #4]
 177:Core/Src/stm32f1xx_hal_msp.c ****     /**USART1 GPIO Configuration
 384              		.loc 1 177 5 view .LVU86
 385 0040 019B     		ldr	r3, [sp, #4]
 386              	.LBE8:
 177:Core/Src/stm32f1xx_hal_msp.c ****     /**USART1 GPIO Configuration
 387              		.loc 1 177 5 view .LVU87
 182:Core/Src/stm32f1xx_hal_msp.c ****     GPIO_InitStruct.Mode = GPIO_MODE_AF_PP;
 388              		.loc 1 182 5 view .LVU88
 182:Core/Src/stm32f1xx_hal_msp.c ****     GPIO_InitStruct.Mode = GPIO_MODE_AF_PP;
 389              		.loc 1 182 25 is_stmt 0 view .LVU89
 390 0042 4FF40073 		mov	r3, #512
 391 0046 0293     		str	r3, [sp, #8]
 183:Core/Src/stm32f1xx_hal_msp.c ****     GPIO_InitStruct.Speed = GPIO_SPEED_FREQ_HIGH;
 392              		.loc 1 183 5 is_stmt 1 view .LVU90
 183:Core/Src/stm32f1xx_hal_msp.c ****     GPIO_InitStruct.Speed = GPIO_SPEED_FREQ_HIGH;
 393              		.loc 1 183 26 is_stmt 0 view .LVU91
 394 0048 0223     		movs	r3, #2
 395 004a 0393     		str	r3, [sp, #12]
 184:Core/Src/stm32f1xx_hal_msp.c ****     HAL_GPIO_Init(GPIOA, &GPIO_InitStruct);
 396              		.loc 1 184 5 is_stmt 1 view .LVU92
 184:Core/Src/stm32f1xx_hal_msp.c ****     HAL_GPIO_Init(GPIOA, &GPIO_InitStruct);
 397              		.loc 1 184 27 is_stmt 0 view .LVU93
 398 004c 0323     		movs	r3, #3
 399 004e 0593     		str	r3, [sp, #20]
ARM GAS  /tmp/ccGMzx7s.s 			page 12


 185:Core/Src/stm32f1xx_hal_msp.c **** 
 400              		.loc 1 185 5 is_stmt 1 view .LVU94
 401 0050 02AE     		add	r6, sp, #8
 402 0052 0D4D     		ldr	r5, .L28+4
 403 0054 3146     		mov	r1, r6
 404 0056 2846     		mov	r0, r5
 405              	.LVL20:
 185:Core/Src/stm32f1xx_hal_msp.c **** 
 406              		.loc 1 185 5 is_stmt 0 view .LVU95
 407 0058 FFF7FEFF 		bl	HAL_GPIO_Init
 408              	.LVL21:
 187:Core/Src/stm32f1xx_hal_msp.c ****     GPIO_InitStruct.Mode = GPIO_MODE_INPUT;
 409              		.loc 1 187 5 is_stmt 1 view .LVU96
 187:Core/Src/stm32f1xx_hal_msp.c ****     GPIO_InitStruct.Mode = GPIO_MODE_INPUT;
 410              		.loc 1 187 25 is_stmt 0 view .LVU97
 411 005c 4FF48063 		mov	r3, #1024
 412 0060 0293     		str	r3, [sp, #8]
 188:Core/Src/stm32f1xx_hal_msp.c ****     GPIO_InitStruct.Pull = GPIO_NOPULL;
 413              		.loc 1 188 5 is_stmt 1 view .LVU98
 188:Core/Src/stm32f1xx_hal_msp.c ****     GPIO_InitStruct.Pull = GPIO_NOPULL;
 414              		.loc 1 188 26 is_stmt 0 view .LVU99
 415 0062 0024     		movs	r4, #0
 416 0064 0394     		str	r4, [sp, #12]
 189:Core/Src/stm32f1xx_hal_msp.c ****     HAL_GPIO_Init(GPIOA, &GPIO_InitStruct);
 417              		.loc 1 189 5 is_stmt 1 view .LVU100
 189:Core/Src/stm32f1xx_hal_msp.c ****     HAL_GPIO_Init(GPIOA, &GPIO_InitStruct);
 418              		.loc 1 189 26 is_stmt 0 view .LVU101
 419 0066 0494     		str	r4, [sp, #16]
 190:Core/Src/stm32f1xx_hal_msp.c **** 
 420              		.loc 1 190 5 is_stmt 1 view .LVU102
 421 0068 3146     		mov	r1, r6
 422 006a 2846     		mov	r0, r5
 423 006c FFF7FEFF 		bl	HAL_GPIO_Init
 424              	.LVL22:
 193:Core/Src/stm32f1xx_hal_msp.c ****     HAL_NVIC_EnableIRQ(USART1_IRQn);
 425              		.loc 1 193 5 view .LVU103
 426 0070 2246     		mov	r2, r4
 427 0072 2146     		mov	r1, r4
 428 0074 2520     		movs	r0, #37
 429 0076 FFF7FEFF 		bl	HAL_NVIC_SetPriority
 430              	.LVL23:
 194:Core/Src/stm32f1xx_hal_msp.c ****     /* USER CODE BEGIN USART1_MspInit 1 */
 431              		.loc 1 194 5 view .LVU104
 432 007a 2520     		movs	r0, #37
 433 007c FFF7FEFF 		bl	HAL_NVIC_EnableIRQ
 434              	.LVL24:
 435              		.loc 1 201 1 is_stmt 0 view .LVU105
 436 0080 C9E7     		b	.L24
 437              	.L29:
 438 0082 00BF     		.align	2
 439              	.L28:
 440 0084 00380140 		.word	1073821696
 441 0088 00080140 		.word	1073809408
 442              		.cfi_endproc
 443              	.LFE69:
 445              		.section	.text.HAL_UART_MspDeInit,"ax",%progbits
 446              		.align	1
ARM GAS  /tmp/ccGMzx7s.s 			page 13


 447              		.global	HAL_UART_MspDeInit
 448              		.syntax unified
 449              		.thumb
 450              		.thumb_func
 452              	HAL_UART_MspDeInit:
 453              	.LVL25:
 454              	.LFB70:
 202:Core/Src/stm32f1xx_hal_msp.c **** 
 203:Core/Src/stm32f1xx_hal_msp.c **** /**
 204:Core/Src/stm32f1xx_hal_msp.c ****   * @brief UART MSP De-Initialization
 205:Core/Src/stm32f1xx_hal_msp.c ****   * This function freeze the hardware resources used in this example
 206:Core/Src/stm32f1xx_hal_msp.c ****   * @param huart: UART handle pointer
 207:Core/Src/stm32f1xx_hal_msp.c ****   * @retval None
 208:Core/Src/stm32f1xx_hal_msp.c ****   */
 209:Core/Src/stm32f1xx_hal_msp.c **** void HAL_UART_MspDeInit(UART_HandleTypeDef* huart)
 210:Core/Src/stm32f1xx_hal_msp.c **** {
 455              		.loc 1 210 1 is_stmt 1 view -0
 456              		.cfi_startproc
 457              		@ args = 0, pretend = 0, frame = 0
 458              		@ frame_needed = 0, uses_anonymous_args = 0
 459              		.loc 1 210 1 is_stmt 0 view .LVU107
 460 0000 08B5     		push	{r3, lr}
 461              	.LCFI14:
 462              		.cfi_def_cfa_offset 8
 463              		.cfi_offset 3, -8
 464              		.cfi_offset 14, -4
 211:Core/Src/stm32f1xx_hal_msp.c ****   if(huart->Instance==USART1)
 465              		.loc 1 211 3 is_stmt 1 view .LVU108
 466              		.loc 1 211 11 is_stmt 0 view .LVU109
 467 0002 0268     		ldr	r2, [r0]
 468              		.loc 1 211 5 view .LVU110
 469 0004 084B     		ldr	r3, .L34
 470 0006 9A42     		cmp	r2, r3
 471 0008 00D0     		beq	.L33
 472              	.LVL26:
 473              	.L30:
 212:Core/Src/stm32f1xx_hal_msp.c ****   {
 213:Core/Src/stm32f1xx_hal_msp.c ****     /* USER CODE BEGIN USART1_MspDeInit 0 */
 214:Core/Src/stm32f1xx_hal_msp.c **** 
 215:Core/Src/stm32f1xx_hal_msp.c ****     /* USER CODE END USART1_MspDeInit 0 */
 216:Core/Src/stm32f1xx_hal_msp.c ****     /* Peripheral clock disable */
 217:Core/Src/stm32f1xx_hal_msp.c ****     __HAL_RCC_USART1_CLK_DISABLE();
 218:Core/Src/stm32f1xx_hal_msp.c **** 
 219:Core/Src/stm32f1xx_hal_msp.c ****     /**USART1 GPIO Configuration
 220:Core/Src/stm32f1xx_hal_msp.c ****     PA9     ------> USART1_TX
 221:Core/Src/stm32f1xx_hal_msp.c ****     PA10     ------> USART1_RX
 222:Core/Src/stm32f1xx_hal_msp.c ****     */
 223:Core/Src/stm32f1xx_hal_msp.c ****     HAL_GPIO_DeInit(GPIOA, GPIO_PIN_9|GPIO_PIN_10);
 224:Core/Src/stm32f1xx_hal_msp.c **** 
 225:Core/Src/stm32f1xx_hal_msp.c ****     /* USART1 interrupt DeInit */
 226:Core/Src/stm32f1xx_hal_msp.c ****     HAL_NVIC_DisableIRQ(USART1_IRQn);
 227:Core/Src/stm32f1xx_hal_msp.c ****     /* USER CODE BEGIN USART1_MspDeInit 1 */
 228:Core/Src/stm32f1xx_hal_msp.c **** 
 229:Core/Src/stm32f1xx_hal_msp.c ****     /* USER CODE END USART1_MspDeInit 1 */
 230:Core/Src/stm32f1xx_hal_msp.c ****   }
 231:Core/Src/stm32f1xx_hal_msp.c **** 
 232:Core/Src/stm32f1xx_hal_msp.c **** }
ARM GAS  /tmp/ccGMzx7s.s 			page 14


 474              		.loc 1 232 1 view .LVU111
 475 000a 08BD     		pop	{r3, pc}
 476              	.LVL27:
 477              	.L33:
 217:Core/Src/stm32f1xx_hal_msp.c **** 
 478              		.loc 1 217 5 is_stmt 1 view .LVU112
 479 000c 074A     		ldr	r2, .L34+4
 480 000e 9369     		ldr	r3, [r2, #24]
 481 0010 23F48043 		bic	r3, r3, #16384
 482 0014 9361     		str	r3, [r2, #24]
 223:Core/Src/stm32f1xx_hal_msp.c **** 
 483              		.loc 1 223 5 view .LVU113
 484 0016 4FF4C061 		mov	r1, #1536
 485 001a 0548     		ldr	r0, .L34+8
 486              	.LVL28:
 223:Core/Src/stm32f1xx_hal_msp.c **** 
 487              		.loc 1 223 5 is_stmt 0 view .LVU114
 488 001c FFF7FEFF 		bl	HAL_GPIO_DeInit
 489              	.LVL29:
 226:Core/Src/stm32f1xx_hal_msp.c ****     /* USER CODE BEGIN USART1_MspDeInit 1 */
 490              		.loc 1 226 5 is_stmt 1 view .LVU115
 491 0020 2520     		movs	r0, #37
 492 0022 FFF7FEFF 		bl	HAL_NVIC_DisableIRQ
 493              	.LVL30:
 494              		.loc 1 232 1 is_stmt 0 view .LVU116
 495 0026 F0E7     		b	.L30
 496              	.L35:
 497              		.align	2
 498              	.L34:
 499 0028 00380140 		.word	1073821696
 500 002c 00100240 		.word	1073876992
 501 0030 00080140 		.word	1073809408
 502              		.cfi_endproc
 503              	.LFE70:
 505              		.text
 506              	.Letext0:
 507              		.file 2 "Drivers/CMSIS/Device/ST/STM32F1xx/Include/stm32f103xb.h"
 508              		.file 3 "/usr/lib/gcc/arm-none-eabi/14.2.1/include/stdint.h"
 509              		.file 4 "Drivers/STM32F1xx_HAL_Driver/Inc/stm32f1xx_hal_def.h"
 510              		.file 5 "Drivers/STM32F1xx_HAL_Driver/Inc/stm32f1xx_hal_gpio.h"
 511              		.file 6 "Drivers/STM32F1xx_HAL_Driver/Inc/stm32f1xx_hal_dma.h"
 512              		.file 7 "Drivers/STM32F1xx_HAL_Driver/Inc/stm32f1xx_hal_tim.h"
 513              		.file 8 "Drivers/STM32F1xx_HAL_Driver/Inc/stm32f1xx_hal_uart.h"
 514              		.file 9 "Drivers/STM32F1xx_HAL_Driver/Inc/stm32f1xx_hal_cortex.h"
ARM GAS  /tmp/ccGMzx7s.s 			page 15


DEFINED SYMBOLS
                            *ABS*:00000000 stm32f1xx_hal_msp.c
     /tmp/ccGMzx7s.s:19     .text.HAL_MspInit:00000000 $t
     /tmp/ccGMzx7s.s:25     .text.HAL_MspInit:00000000 HAL_MspInit
     /tmp/ccGMzx7s.s:91     .text.HAL_MspInit:0000003c $d
     /tmp/ccGMzx7s.s:97     .text.HAL_TIM_PWM_MspInit:00000000 $t
     /tmp/ccGMzx7s.s:103    .text.HAL_TIM_PWM_MspInit:00000000 HAL_TIM_PWM_MspInit
     /tmp/ccGMzx7s.s:164    .text.HAL_TIM_MspPostInit:00000000 $t
     /tmp/ccGMzx7s.s:170    .text.HAL_TIM_MspPostInit:00000000 HAL_TIM_MspPostInit
     /tmp/ccGMzx7s.s:249    .text.HAL_TIM_MspPostInit:00000044 $d
     /tmp/ccGMzx7s.s:254    .text.HAL_TIM_PWM_MspDeInit:00000000 $t
     /tmp/ccGMzx7s.s:260    .text.HAL_TIM_PWM_MspDeInit:00000000 HAL_TIM_PWM_MspDeInit
     /tmp/ccGMzx7s.s:301    .text.HAL_TIM_PWM_MspDeInit:00000020 $d
     /tmp/ccGMzx7s.s:306    .text.HAL_UART_MspInit:00000000 $t
     /tmp/ccGMzx7s.s:312    .text.HAL_UART_MspInit:00000000 HAL_UART_MspInit
     /tmp/ccGMzx7s.s:440    .text.HAL_UART_MspInit:00000084 $d
     /tmp/ccGMzx7s.s:446    .text.HAL_UART_MspDeInit:00000000 $t
     /tmp/ccGMzx7s.s:452    .text.HAL_UART_MspDeInit:00000000 HAL_UART_MspDeInit
     /tmp/ccGMzx7s.s:499    .text.HAL_UART_MspDeInit:00000028 $d

UNDEFINED SYMBOLS
HAL_NVIC_SetPriority
HAL_NVIC_EnableIRQ
HAL_GPIO_Init
HAL_NVIC_DisableIRQ
HAL_GPIO_DeInit
